Archive member included to satisfy reference by file (symbol)

c:/program files (x86)/atmel/studio/7.0/toolchain/avr8/avr8-gnu-toolchain/bin/../lib/gcc/avr/5.4.0/avr5\libgcc.a(_divmodhi4.o)
                              DRIVER_JOYSTICK.o (__divmodhi4)
c:/program files (x86)/atmel/studio/7.0/toolchain/avr8/avr8-gnu-toolchain/bin/../lib/gcc/avr/5.4.0/avr5\libgcc.a(_exit.o)
                              c:/program files (x86)/atmel/studio/7.0/toolchain/avr8/avr8-gnu-toolchain/bin/../lib/gcc/avr/5.4.0/../../../../avr/lib/avr5/crtatmega162.o (exit)
c:/program files (x86)/atmel/studio/7.0/toolchain/avr8/avr8-gnu-toolchain/bin/../lib/gcc/avr/5.4.0/avr5\libgcc.a(_copy_data.o)
                              DRIVER_CAN.o (__do_copy_data)
c:/program files (x86)/atmel/studio/7.0/toolchain/avr8/avr8-gnu-toolchain/bin/../lib/gcc/avr/5.4.0/avr5\libgcc.a(_clear_bss.o)
                              DRIVER_CAN.o (__do_clear_bss)
c:/program files (x86)/atmel/studio/7.0/toolchain/avr8/avr8-gnu-toolchain/bin/../lib/gcc/avr/5.4.0/avr5\libgcc.a(_udivmodhi4.o)
                              c:/program files (x86)/atmel/studio/7.0/toolchain/avr8/avr8-gnu-toolchain/bin/../lib/gcc/avr/5.4.0/avr5\libgcc.a(_divmodhi4.o) (__udivmodhi4)
c:/program files (x86)/atmel/studio/7.0/toolchain/avr8/avr8-gnu-toolchain/bin/../lib/gcc/avr/5.4.0/../../../../avr/lib/avr5\libc.a(malloc.o)
                              DRIVER_MENU.o (malloc)
c:/program files (x86)/atmel/studio/7.0/toolchain/avr8/avr8-gnu-toolchain/bin/../lib/gcc/avr/5.4.0/../../../../avr/lib/avr5\libc.a(rand.o)
                              DRIVER_XMEM.o (rand)
c:/program files (x86)/atmel/studio/7.0/toolchain/avr8/avr8-gnu-toolchain/bin/../lib/gcc/avr/5.4.0/../../../../avr/lib/avr5\libc.a(realloc.o)
                              DRIVER_MENU.o (realloc)
c:/program files (x86)/atmel/studio/7.0/toolchain/avr8/avr8-gnu-toolchain/bin/../lib/gcc/avr/5.4.0/../../../../avr/lib/avr5\libc.a(strcpy_P.o)
                              DRIVER_MENU.o (strcpy_P)
c:/program files (x86)/atmel/studio/7.0/toolchain/avr8/avr8-gnu-toolchain/bin/../lib/gcc/avr/5.4.0/../../../../avr/lib/avr5\libc.a(memcpy.o)
                              c:/program files (x86)/atmel/studio/7.0/toolchain/avr8/avr8-gnu-toolchain/bin/../lib/gcc/avr/5.4.0/../../../../avr/lib/avr5\libc.a(realloc.o) (memcpy)
c:/program files (x86)/atmel/studio/7.0/toolchain/avr8/avr8-gnu-toolchain/bin/../lib/gcc/avr/5.4.0/../../../../avr/lib/avr5\libc.a(strcat.o)
                              DRIVER_OLED.o (strcat)
c:/program files (x86)/atmel/studio/7.0/toolchain/avr8/avr8-gnu-toolchain/bin/../lib/gcc/avr/5.4.0/../../../../avr/lib/avr5\libc.a(fdevopen.o)
                              DRIVER_USART.o (fdevopen)
c:/program files (x86)/atmel/studio/7.0/toolchain/avr8/avr8-gnu-toolchain/bin/../lib/gcc/avr/5.4.0/../../../../avr/lib/avr5\libc.a(iob.o)
                              c:/program files (x86)/atmel/studio/7.0/toolchain/avr8/avr8-gnu-toolchain/bin/../lib/gcc/avr/5.4.0/../../../../avr/lib/avr5\libc.a(fdevopen.o) (__iob)
c:/program files (x86)/atmel/studio/7.0/toolchain/avr8/avr8-gnu-toolchain/bin/../lib/gcc/avr/5.4.0/../../../../avr/lib/avr5\libc.a(printf.o)
                              DRIVER_CAN.o (printf)
c:/program files (x86)/atmel/studio/7.0/toolchain/avr8/avr8-gnu-toolchain/bin/../lib/gcc/avr/5.4.0/../../../../avr/lib/avr5\libc.a(puts.o)
                              DRIVER_XMEM.o (puts)
c:/program files (x86)/atmel/studio/7.0/toolchain/avr8/avr8-gnu-toolchain/bin/../lib/gcc/avr/5.4.0/../../../../avr/lib/avr5\libc.a(vfprintf_std.o)
                              c:/program files (x86)/atmel/studio/7.0/toolchain/avr8/avr8-gnu-toolchain/bin/../lib/gcc/avr/5.4.0/../../../../avr/lib/avr5\libc.a(printf.o) (vfprintf)
c:/program files (x86)/atmel/studio/7.0/toolchain/avr8/avr8-gnu-toolchain/bin/../lib/gcc/avr/5.4.0/../../../../avr/lib/avr5\libc.a(calloc.o)
                              c:/program files (x86)/atmel/studio/7.0/toolchain/avr8/avr8-gnu-toolchain/bin/../lib/gcc/avr/5.4.0/../../../../avr/lib/avr5\libc.a(fdevopen.o) (calloc)
c:/program files (x86)/atmel/studio/7.0/toolchain/avr8/avr8-gnu-toolchain/bin/../lib/gcc/avr/5.4.0/../../../../avr/lib/avr5\libc.a(strnlen_P.o)
                              c:/program files (x86)/atmel/studio/7.0/toolchain/avr8/avr8-gnu-toolchain/bin/../lib/gcc/avr/5.4.0/../../../../avr/lib/avr5\libc.a(vfprintf_std.o) (strnlen_P)
c:/program files (x86)/atmel/studio/7.0/toolchain/avr8/avr8-gnu-toolchain/bin/../lib/gcc/avr/5.4.0/../../../../avr/lib/avr5\libc.a(memset.o)
                              c:/program files (x86)/atmel/studio/7.0/toolchain/avr8/avr8-gnu-toolchain/bin/../lib/gcc/avr/5.4.0/../../../../avr/lib/avr5\libc.a(calloc.o) (memset)
c:/program files (x86)/atmel/studio/7.0/toolchain/avr8/avr8-gnu-toolchain/bin/../lib/gcc/avr/5.4.0/../../../../avr/lib/avr5\libc.a(strnlen.o)
                              c:/program files (x86)/atmel/studio/7.0/toolchain/avr8/avr8-gnu-toolchain/bin/../lib/gcc/avr/5.4.0/../../../../avr/lib/avr5\libc.a(vfprintf_std.o) (strnlen)
c:/program files (x86)/atmel/studio/7.0/toolchain/avr8/avr8-gnu-toolchain/bin/../lib/gcc/avr/5.4.0/../../../../avr/lib/avr5\libc.a(fputc.o)
                              c:/program files (x86)/atmel/studio/7.0/toolchain/avr8/avr8-gnu-toolchain/bin/../lib/gcc/avr/5.4.0/../../../../avr/lib/avr5\libc.a(vfprintf_std.o) (fputc)
c:/program files (x86)/atmel/studio/7.0/toolchain/avr8/avr8-gnu-toolchain/bin/../lib/gcc/avr/5.4.0/../../../../avr/lib/avr5\libc.a(ultoa_invert.o)
                              c:/program files (x86)/atmel/studio/7.0/toolchain/avr8/avr8-gnu-toolchain/bin/../lib/gcc/avr/5.4.0/../../../../avr/lib/avr5\libc.a(vfprintf_std.o) (__ultoa_invert)
c:/program files (x86)/atmel/studio/7.0/toolchain/avr8/avr8-gnu-toolchain/bin/../lib/gcc/avr/5.4.0/avr5\libgcc.a(_divmodsi4.o)
                              c:/program files (x86)/atmel/studio/7.0/toolchain/avr8/avr8-gnu-toolchain/bin/../lib/gcc/avr/5.4.0/../../../../avr/lib/avr5\libc.a(rand.o) (__divmodsi4)
c:/program files (x86)/atmel/studio/7.0/toolchain/avr8/avr8-gnu-toolchain/bin/../lib/gcc/avr/5.4.0/avr5\libgcc.a(_negsi2.o)
                              c:/program files (x86)/atmel/studio/7.0/toolchain/avr8/avr8-gnu-toolchain/bin/../lib/gcc/avr/5.4.0/avr5\libgcc.a(_divmodsi4.o) (__negsi2)
c:/program files (x86)/atmel/studio/7.0/toolchain/avr8/avr8-gnu-toolchain/bin/../lib/gcc/avr/5.4.0/avr5\libgcc.a(_muluhisi3.o)
                              c:/program files (x86)/atmel/studio/7.0/toolchain/avr8/avr8-gnu-toolchain/bin/../lib/gcc/avr/5.4.0/../../../../avr/lib/avr5\libc.a(rand.o) (__muluhisi3)
c:/program files (x86)/atmel/studio/7.0/toolchain/avr8/avr8-gnu-toolchain/bin/../lib/gcc/avr/5.4.0/avr5\libgcc.a(_mulshisi3.o)
                              c:/program files (x86)/atmel/studio/7.0/toolchain/avr8/avr8-gnu-toolchain/bin/../lib/gcc/avr/5.4.0/../../../../avr/lib/avr5\libc.a(rand.o) (__mulohisi3)
c:/program files (x86)/atmel/studio/7.0/toolchain/avr8/avr8-gnu-toolchain/bin/../lib/gcc/avr/5.4.0/avr5\libgcc.a(_prologue.o)
                              c:/program files (x86)/atmel/studio/7.0/toolchain/avr8/avr8-gnu-toolchain/bin/../lib/gcc/avr/5.4.0/../../../../avr/lib/avr5\libc.a(realloc.o) (__prologue_saves__)
c:/program files (x86)/atmel/studio/7.0/toolchain/avr8/avr8-gnu-toolchain/bin/../lib/gcc/avr/5.4.0/avr5\libgcc.a(_epilogue.o)
                              c:/program files (x86)/atmel/studio/7.0/toolchain/avr8/avr8-gnu-toolchain/bin/../lib/gcc/avr/5.4.0/../../../../avr/lib/avr5\libc.a(realloc.o) (__epilogue_restores__)
c:/program files (x86)/atmel/studio/7.0/toolchain/avr8/avr8-gnu-toolchain/bin/../lib/gcc/avr/5.4.0/avr5\libgcc.a(_udivmodsi4.o)
                              c:/program files (x86)/atmel/studio/7.0/toolchain/avr8/avr8-gnu-toolchain/bin/../lib/gcc/avr/5.4.0/avr5\libgcc.a(_divmodsi4.o) (__udivmodsi4)
c:/program files (x86)/atmel/studio/7.0/toolchain/avr8/avr8-gnu-toolchain/bin/../lib/gcc/avr/5.4.0/avr5\libgcc.a(_umulhisi3.o)
                              c:/program files (x86)/atmel/studio/7.0/toolchain/avr8/avr8-gnu-toolchain/bin/../lib/gcc/avr/5.4.0/avr5\libgcc.a(_muluhisi3.o) (__umulhisi3)

Allocating common symbols
Common symbol       size              file

oled_position       0x4               DRIVER_MENU.o
__brkval            0x2               c:/program files (x86)/atmel/studio/7.0/toolchain/avr8/avr8-gnu-toolchain/bin/../lib/gcc/avr/5.4.0/../../../../avr/lib/avr5\libc.a(malloc.o)
mseconds            0x2               DRIVER_MENU.o
seconds             0x2               DRIVER_MENU.o
main_menu           0x2               DRIVER_MENU.o
y_offset            0x1               DRIVER_JOYSTICK.o
__flp               0x2               c:/program files (x86)/atmel/studio/7.0/toolchain/avr8/avr8-gnu-toolchain/bin/../lib/gcc/avr/5.4.0/../../../../avr/lib/avr5\libc.a(malloc.o)
__iob               0x6               c:/program files (x86)/atmel/studio/7.0/toolchain/avr8/avr8-gnu-toolchain/bin/../lib/gcc/avr/5.4.0/../../../../avr/lib/avr5\libc.a(iob.o)
x_offset            0x1               DRIVER_JOYSTICK.o

Discarded input sections

 .data          0x00000000        0x0 c:/program files (x86)/atmel/studio/7.0/toolchain/avr8/avr8-gnu-toolchain/bin/../lib/gcc/avr/5.4.0/../../../../avr/lib/avr5/crtatmega162.o
 .bss           0x00000000        0x0 c:/program files (x86)/atmel/studio/7.0/toolchain/avr8/avr8-gnu-toolchain/bin/../lib/gcc/avr/5.4.0/../../../../avr/lib/avr5/crtatmega162.o
 .text          0x00000000        0x0 DRIVER_ADC.o
 .data          0x00000000        0x0 DRIVER_ADC.o
 .bss           0x00000000        0x0 DRIVER_ADC.o
 .text          0x00000000        0x0 DRIVER_CAN.o
 .data          0x00000000        0x0 DRIVER_CAN.o
 .bss           0x00000000        0x0 DRIVER_CAN.o
 .text.can_recive_msg
                0x00000000       0xa8 DRIVER_CAN.o
 .rodata.str1.1
                0x00000000       0x4b DRIVER_CAN.o
 .text.can_interrupt_handler
                0x00000000       0xac DRIVER_CAN.o
 .bss.msg.2141  0x00000000        0xb DRIVER_CAN.o
 .text          0x00000000        0x0 DRIVER_JOYSTICK.o
 .data          0x00000000        0x0 DRIVER_JOYSTICK.o
 .bss           0x00000000        0x0 DRIVER_JOYSTICK.o
 .text          0x00000000        0x0 DRIVER_MENU.o
 .data          0x00000000        0x0 DRIVER_MENU.o
 .bss           0x00000000        0x0 DRIVER_MENU.o
 .text          0x00000000        0x0 DRIVER_OLED.o
 .data          0x00000000        0x0 DRIVER_OLED.o
 .bss           0x00000000        0x0 DRIVER_OLED.o
 .text.oled_wrc
                0x00000000        0xc DRIVER_OLED.o
 .text.oled_wrd
                0x00000000        0xc DRIVER_OLED.o
 .text.oled_brightness
                0x00000000       0x18 DRIVER_OLED.o
 .text.oled_light_screen
                0x00000000       0x5a DRIVER_OLED.o
 .text          0x00000000        0x0 DRIVER_SLIDER.o
 .data          0x00000000        0x0 DRIVER_SLIDER.o
 .bss           0x00000000        0x0 DRIVER_SLIDER.o
 .text          0x00000000        0x0 DRIVER_SPI.o
 .data          0x00000000        0x0 DRIVER_SPI.o
 .bss           0x00000000        0x0 DRIVER_SPI.o
 .text          0x00000000        0x0 DRIVER_TIMER.o
 .data          0x00000000        0x0 DRIVER_TIMER.o
 .bss           0x00000000        0x0 DRIVER_TIMER.o
 .text.timer_get_seconds
                0x00000000        0xa DRIVER_TIMER.o
 .text.timer_get_mseconds
                0x00000000        0xa DRIVER_TIMER.o
 .text          0x00000000        0x0 DRIVER_USART.o
 .data          0x00000000        0x0 DRIVER_USART.o
 .bss           0x00000000        0x0 DRIVER_USART.o
 .text.USART_receive
                0x00000000        0xa DRIVER_USART.o
 .text          0x00000000        0x0 DRIVER_XMEM.o
 .data          0x00000000        0x0 DRIVER_XMEM.o
 .bss           0x00000000        0x0 DRIVER_XMEM.o
 .rodata.str1.1
                0x00000000       0xe5 DRIVER_XMEM.o
 .text.SRAM_test
                0x00000000      0x106 DRIVER_XMEM.o
 .text          0x00000000        0x0 DRIVER_MCP2515.o
 .data          0x00000000        0x0 DRIVER_MCP2515.o
 .bss           0x00000000        0x0 DRIVER_MCP2515.o
 .text.mcp_read_status
                0x00000000       0x10 DRIVER_MCP2515.o
 .text          0x00000000        0x0 main.o
 .data          0x00000000        0x0 main.o
 .bss           0x00000000        0x0 main.o
 .text          0x00000000        0x0 util.o
 .data          0x00000000        0x0 util.o
 .bss           0x00000000        0x0 util.o
 .text.util_swap
                0x00000000       0x1a util.o
 .text          0x00000000        0x0 c:/program files (x86)/atmel/studio/7.0/toolchain/avr8/avr8-gnu-toolchain/bin/../lib/gcc/avr/5.4.0/avr5\libgcc.a(_divmodhi4.o)
 .data          0x00000000        0x0 c:/program files (x86)/atmel/studio/7.0/toolchain/avr8/avr8-gnu-toolchain/bin/../lib/gcc/avr/5.4.0/avr5\libgcc.a(_divmodhi4.o)
 .bss           0x00000000        0x0 c:/program files (x86)/atmel/studio/7.0/toolchain/avr8/avr8-gnu-toolchain/bin/../lib/gcc/avr/5.4.0/avr5\libgcc.a(_divmodhi4.o)
 .text.libgcc.mul
                0x00000000        0x0 c:/program files (x86)/atmel/studio/7.0/toolchain/avr8/avr8-gnu-toolchain/bin/../lib/gcc/avr/5.4.0/avr5\libgcc.a(_divmodhi4.o)
 .text.libgcc   0x00000000        0x0 c:/program files (x86)/atmel/studio/7.0/toolchain/avr8/avr8-gnu-toolchain/bin/../lib/gcc/avr/5.4.0/avr5\libgcc.a(_divmodhi4.o)
 .text.libgcc.prologue
                0x00000000        0x0 c:/program files (x86)/atmel/studio/7.0/toolchain/avr8/avr8-gnu-toolchain/bin/../lib/gcc/avr/5.4.0/avr5\libgcc.a(_divmodhi4.o)
 .text.libgcc.builtins
                0x00000000        0x0 c:/program files (x86)/atmel/studio/7.0/toolchain/avr8/avr8-gnu-toolchain/bin/../lib/gcc/avr/5.4.0/avr5\libgcc.a(_divmodhi4.o)
 .text.libgcc.fmul
                0x00000000        0x0 c:/program files (x86)/atmel/studio/7.0/toolchain/avr8/avr8-gnu-toolchain/bin/../lib/gcc/avr/5.4.0/avr5\libgcc.a(_divmodhi4.o)
 .text.libgcc.fixed
                0x00000000        0x0 c:/program files (x86)/atmel/studio/7.0/toolchain/avr8/avr8-gnu-toolchain/bin/../lib/gcc/avr/5.4.0/avr5\libgcc.a(_divmodhi4.o)
 .text          0x00000000        0x0 c:/program files (x86)/atmel/studio/7.0/toolchain/avr8/avr8-gnu-toolchain/bin/../lib/gcc/avr/5.4.0/avr5\libgcc.a(_exit.o)
 .data          0x00000000        0x0 c:/program files (x86)/atmel/studio/7.0/toolchain/avr8/avr8-gnu-toolchain/bin/../lib/gcc/avr/5.4.0/avr5\libgcc.a(_exit.o)
 .bss           0x00000000        0x0 c:/program files (x86)/atmel/studio/7.0/toolchain/avr8/avr8-gnu-toolchain/bin/../lib/gcc/avr/5.4.0/avr5\libgcc.a(_exit.o)
 .text.libgcc.mul
                0x00000000        0x0 c:/program files (x86)/atmel/studio/7.0/toolchain/avr8/avr8-gnu-toolchain/bin/../lib/gcc/avr/5.4.0/avr5\libgcc.a(_exit.o)
 .text.libgcc.div
                0x00000000        0x0 c:/program files (x86)/atmel/studio/7.0/toolchain/avr8/avr8-gnu-toolchain/bin/../lib/gcc/avr/5.4.0/avr5\libgcc.a(_exit.o)
 .text.libgcc   0x00000000        0x0 c:/program files (x86)/atmel/studio/7.0/toolchain/avr8/avr8-gnu-toolchain/bin/../lib/gcc/avr/5.4.0/avr5\libgcc.a(_exit.o)
 .text.libgcc.prologue
                0x00000000        0x0 c:/program files (x86)/atmel/studio/7.0/toolchain/avr8/avr8-gnu-toolchain/bin/../lib/gcc/avr/5.4.0/avr5\libgcc.a(_exit.o)
 .text.libgcc.builtins
                0x00000000        0x0 c:/program files (x86)/atmel/studio/7.0/toolchain/avr8/avr8-gnu-toolchain/bin/../lib/gcc/avr/5.4.0/avr5\libgcc.a(_exit.o)
 .text.libgcc.fmul
                0x00000000        0x0 c:/program files (x86)/atmel/studio/7.0/toolchain/avr8/avr8-gnu-toolchain/bin/../lib/gcc/avr/5.4.0/avr5\libgcc.a(_exit.o)
 .text.libgcc.fixed
                0x00000000        0x0 c:/program files (x86)/atmel/studio/7.0/toolchain/avr8/avr8-gnu-toolchain/bin/../lib/gcc/avr/5.4.0/avr5\libgcc.a(_exit.o)
 .text          0x00000000        0x0 c:/program files (x86)/atmel/studio/7.0/toolchain/avr8/avr8-gnu-toolchain/bin/../lib/gcc/avr/5.4.0/avr5\libgcc.a(_copy_data.o)
 .data          0x00000000        0x0 c:/program files (x86)/atmel/studio/7.0/toolchain/avr8/avr8-gnu-toolchain/bin/../lib/gcc/avr/5.4.0/avr5\libgcc.a(_copy_data.o)
 .bss           0x00000000        0x0 c:/program files (x86)/atmel/studio/7.0/toolchain/avr8/avr8-gnu-toolchain/bin/../lib/gcc/avr/5.4.0/avr5\libgcc.a(_copy_data.o)
 .text.libgcc.mul
                0x00000000        0x0 c:/program files (x86)/atmel/studio/7.0/toolchain/avr8/avr8-gnu-toolchain/bin/../lib/gcc/avr/5.4.0/avr5\libgcc.a(_copy_data.o)
 .text.libgcc.div
                0x00000000        0x0 c:/program files (x86)/atmel/studio/7.0/toolchain/avr8/avr8-gnu-toolchain/bin/../lib/gcc/avr/5.4.0/avr5\libgcc.a(_copy_data.o)
 .text.libgcc   0x00000000        0x0 c:/program files (x86)/atmel/studio/7.0/toolchain/avr8/avr8-gnu-toolchain/bin/../lib/gcc/avr/5.4.0/avr5\libgcc.a(_copy_data.o)
 .text.libgcc.prologue
                0x00000000        0x0 c:/program files (x86)/atmel/studio/7.0/toolchain/avr8/avr8-gnu-toolchain/bin/../lib/gcc/avr/5.4.0/avr5\libgcc.a(_copy_data.o)
 .text.libgcc.builtins
                0x00000000        0x0 c:/program files (x86)/atmel/studio/7.0/toolchain/avr8/avr8-gnu-toolchain/bin/../lib/gcc/avr/5.4.0/avr5\libgcc.a(_copy_data.o)
 .text.libgcc.fmul
                0x00000000        0x0 c:/program files (x86)/atmel/studio/7.0/toolchain/avr8/avr8-gnu-toolchain/bin/../lib/gcc/avr/5.4.0/avr5\libgcc.a(_copy_data.o)
 .text.libgcc.fixed
                0x00000000        0x0 c:/program files (x86)/atmel/studio/7.0/toolchain/avr8/avr8-gnu-toolchain/bin/../lib/gcc/avr/5.4.0/avr5\libgcc.a(_copy_data.o)
 .text          0x00000000        0x0 c:/program files (x86)/atmel/studio/7.0/toolchain/avr8/avr8-gnu-toolchain/bin/../lib/gcc/avr/5.4.0/avr5\libgcc.a(_clear_bss.o)
 .data          0x00000000        0x0 c:/program files (x86)/atmel/studio/7.0/toolchain/avr8/avr8-gnu-toolchain/bin/../lib/gcc/avr/5.4.0/avr5\libgcc.a(_clear_bss.o)
 .bss           0x00000000        0x0 c:/program files (x86)/atmel/studio/7.0/toolchain/avr8/avr8-gnu-toolchain/bin/../lib/gcc/avr/5.4.0/avr5\libgcc.a(_clear_bss.o)
 .text.libgcc.mul
                0x00000000        0x0 c:/program files (x86)/atmel/studio/7.0/toolchain/avr8/avr8-gnu-toolchain/bin/../lib/gcc/avr/5.4.0/avr5\libgcc.a(_clear_bss.o)
 .text.libgcc.div
                0x00000000        0x0 c:/program files (x86)/atmel/studio/7.0/toolchain/avr8/avr8-gnu-toolchain/bin/../lib/gcc/avr/5.4.0/avr5\libgcc.a(_clear_bss.o)
 .text.libgcc   0x00000000        0x0 c:/program files (x86)/atmel/studio/7.0/toolchain/avr8/avr8-gnu-toolchain/bin/../lib/gcc/avr/5.4.0/avr5\libgcc.a(_clear_bss.o)
 .text.libgcc.prologue
                0x00000000        0x0 c:/program files (x86)/atmel/studio/7.0/toolchain/avr8/avr8-gnu-toolchain/bin/../lib/gcc/avr/5.4.0/avr5\libgcc.a(_clear_bss.o)
 .text.libgcc.builtins
                0x00000000        0x0 c:/program files (x86)/atmel/studio/7.0/toolchain/avr8/avr8-gnu-toolchain/bin/../lib/gcc/avr/5.4.0/avr5\libgcc.a(_clear_bss.o)
 .text.libgcc.fmul
                0x00000000        0x0 c:/program files (x86)/atmel/studio/7.0/toolchain/avr8/avr8-gnu-toolchain/bin/../lib/gcc/avr/5.4.0/avr5\libgcc.a(_clear_bss.o)
 .text.libgcc.fixed
                0x00000000        0x0 c:/program files (x86)/atmel/studio/7.0/toolchain/avr8/avr8-gnu-toolchain/bin/../lib/gcc/avr/5.4.0/avr5\libgcc.a(_clear_bss.o)
 .text          0x00000000        0x0 c:/program files (x86)/atmel/studio/7.0/toolchain/avr8/avr8-gnu-toolchain/bin/../lib/gcc/avr/5.4.0/avr5\libgcc.a(_udivmodhi4.o)
 .data          0x00000000        0x0 c:/program files (x86)/atmel/studio/7.0/toolchain/avr8/avr8-gnu-toolchain/bin/../lib/gcc/avr/5.4.0/avr5\libgcc.a(_udivmodhi4.o)
 .bss           0x00000000        0x0 c:/program files (x86)/atmel/studio/7.0/toolchain/avr8/avr8-gnu-toolchain/bin/../lib/gcc/avr/5.4.0/avr5\libgcc.a(_udivmodhi4.o)
 .text.libgcc.mul
                0x00000000        0x0 c:/program files (x86)/atmel/studio/7.0/toolchain/avr8/avr8-gnu-toolchain/bin/../lib/gcc/avr/5.4.0/avr5\libgcc.a(_udivmodhi4.o)
 .text.libgcc   0x00000000        0x0 c:/program files (x86)/atmel/studio/7.0/toolchain/avr8/avr8-gnu-toolchain/bin/../lib/gcc/avr/5.4.0/avr5\libgcc.a(_udivmodhi4.o)
 .text.libgcc.prologue
                0x00000000        0x0 c:/program files (x86)/atmel/studio/7.0/toolchain/avr8/avr8-gnu-toolchain/bin/../lib/gcc/avr/5.4.0/avr5\libgcc.a(_udivmodhi4.o)
 .text.libgcc.builtins
                0x00000000        0x0 c:/program files (x86)/atmel/studio/7.0/toolchain/avr8/avr8-gnu-toolchain/bin/../lib/gcc/avr/5.4.0/avr5\libgcc.a(_udivmodhi4.o)
 .text.libgcc.fmul
                0x00000000        0x0 c:/program files (x86)/atmel/studio/7.0/toolchain/avr8/avr8-gnu-toolchain/bin/../lib/gcc/avr/5.4.0/avr5\libgcc.a(_udivmodhi4.o)
 .text.libgcc.fixed
                0x00000000        0x0 c:/program files (x86)/atmel/studio/7.0/toolchain/avr8/avr8-gnu-toolchain/bin/../lib/gcc/avr/5.4.0/avr5\libgcc.a(_udivmodhi4.o)
 .text          0x00000000        0x0 c:/program files (x86)/atmel/studio/7.0/toolchain/avr8/avr8-gnu-toolchain/bin/../lib/gcc/avr/5.4.0/../../../../avr/lib/avr5\libc.a(malloc.o)
 .bss           0x00000000        0x0 c:/program files (x86)/atmel/studio/7.0/toolchain/avr8/avr8-gnu-toolchain/bin/../lib/gcc/avr/5.4.0/../../../../avr/lib/avr5\libc.a(malloc.o)
 .text          0x00000000        0x0 c:/program files (x86)/atmel/studio/7.0/toolchain/avr8/avr8-gnu-toolchain/bin/../lib/gcc/avr/5.4.0/../../../../avr/lib/avr5\libc.a(rand.o)
 .data          0x00000000        0x4 c:/program files (x86)/atmel/studio/7.0/toolchain/avr8/avr8-gnu-toolchain/bin/../lib/gcc/avr/5.4.0/../../../../avr/lib/avr5\libc.a(rand.o)
 .bss           0x00000000        0x0 c:/program files (x86)/atmel/studio/7.0/toolchain/avr8/avr8-gnu-toolchain/bin/../lib/gcc/avr/5.4.0/../../../../avr/lib/avr5\libc.a(rand.o)
 .text.avr-libc
                0x00000000       0xb8 c:/program files (x86)/atmel/studio/7.0/toolchain/avr8/avr8-gnu-toolchain/bin/../lib/gcc/avr/5.4.0/../../../../avr/lib/avr5\libc.a(rand.o)
 .comment       0x00000000       0x31 c:/program files (x86)/atmel/studio/7.0/toolchain/avr8/avr8-gnu-toolchain/bin/../lib/gcc/avr/5.4.0/../../../../avr/lib/avr5\libc.a(rand.o)
 .text          0x00000000        0x0 c:/program files (x86)/atmel/studio/7.0/toolchain/avr8/avr8-gnu-toolchain/bin/../lib/gcc/avr/5.4.0/../../../../avr/lib/avr5\libc.a(realloc.o)
 .data          0x00000000        0x0 c:/program files (x86)/atmel/studio/7.0/toolchain/avr8/avr8-gnu-toolchain/bin/../lib/gcc/avr/5.4.0/../../../../avr/lib/avr5\libc.a(realloc.o)
 .bss           0x00000000        0x0 c:/program files (x86)/atmel/studio/7.0/toolchain/avr8/avr8-gnu-toolchain/bin/../lib/gcc/avr/5.4.0/../../../../avr/lib/avr5\libc.a(realloc.o)
 .text          0x00000000        0x0 c:/program files (x86)/atmel/studio/7.0/toolchain/avr8/avr8-gnu-toolchain/bin/../lib/gcc/avr/5.4.0/../../../../avr/lib/avr5\libc.a(strcpy_P.o)
 .data          0x00000000        0x0 c:/program files (x86)/atmel/studio/7.0/toolchain/avr8/avr8-gnu-toolchain/bin/../lib/gcc/avr/5.4.0/../../../../avr/lib/avr5\libc.a(strcpy_P.o)
 .bss           0x00000000        0x0 c:/program files (x86)/atmel/studio/7.0/toolchain/avr8/avr8-gnu-toolchain/bin/../lib/gcc/avr/5.4.0/../../../../avr/lib/avr5\libc.a(strcpy_P.o)
 .text          0x00000000        0x0 c:/program files (x86)/atmel/studio/7.0/toolchain/avr8/avr8-gnu-toolchain/bin/../lib/gcc/avr/5.4.0/../../../../avr/lib/avr5\libc.a(memcpy.o)
 .data          0x00000000        0x0 c:/program files (x86)/atmel/studio/7.0/toolchain/avr8/avr8-gnu-toolchain/bin/../lib/gcc/avr/5.4.0/../../../../avr/lib/avr5\libc.a(memcpy.o)
 .bss           0x00000000        0x0 c:/program files (x86)/atmel/studio/7.0/toolchain/avr8/avr8-gnu-toolchain/bin/../lib/gcc/avr/5.4.0/../../../../avr/lib/avr5\libc.a(memcpy.o)
 .text          0x00000000        0x0 c:/program files (x86)/atmel/studio/7.0/toolchain/avr8/avr8-gnu-toolchain/bin/../lib/gcc/avr/5.4.0/../../../../avr/lib/avr5\libc.a(strcat.o)
 .data          0x00000000        0x0 c:/program files (x86)/atmel/studio/7.0/toolchain/avr8/avr8-gnu-toolchain/bin/../lib/gcc/avr/5.4.0/../../../../avr/lib/avr5\libc.a(strcat.o)
 .bss           0x00000000        0x0 c:/program files (x86)/atmel/studio/7.0/toolchain/avr8/avr8-gnu-toolchain/bin/../lib/gcc/avr/5.4.0/../../../../avr/lib/avr5\libc.a(strcat.o)
 .text          0x00000000        0x0 c:/program files (x86)/atmel/studio/7.0/toolchain/avr8/avr8-gnu-toolchain/bin/../lib/gcc/avr/5.4.0/../../../../avr/lib/avr5\libc.a(fdevopen.o)
 .data          0x00000000        0x0 c:/program files (x86)/atmel/studio/7.0/toolchain/avr8/avr8-gnu-toolchain/bin/../lib/gcc/avr/5.4.0/../../../../avr/lib/avr5\libc.a(fdevopen.o)
 .bss           0x00000000        0x0 c:/program files (x86)/atmel/studio/7.0/toolchain/avr8/avr8-gnu-toolchain/bin/../lib/gcc/avr/5.4.0/../../../../avr/lib/avr5\libc.a(fdevopen.o)
 .text          0x00000000        0x0 c:/program files (x86)/atmel/studio/7.0/toolchain/avr8/avr8-gnu-toolchain/bin/../lib/gcc/avr/5.4.0/../../../../avr/lib/avr5\libc.a(iob.o)
 .data          0x00000000        0x0 c:/program files (x86)/atmel/studio/7.0/toolchain/avr8/avr8-gnu-toolchain/bin/../lib/gcc/avr/5.4.0/../../../../avr/lib/avr5\libc.a(iob.o)
 .bss           0x00000000        0x0 c:/program files (x86)/atmel/studio/7.0/toolchain/avr8/avr8-gnu-toolchain/bin/../lib/gcc/avr/5.4.0/../../../../avr/lib/avr5\libc.a(iob.o)
 .text          0x00000000        0x0 c:/program files (x86)/atmel/studio/7.0/toolchain/avr8/avr8-gnu-toolchain/bin/../lib/gcc/avr/5.4.0/../../../../avr/lib/avr5\libc.a(printf.o)
 .data          0x00000000        0x0 c:/program files (x86)/atmel/studio/7.0/toolchain/avr8/avr8-gnu-toolchain/bin/../lib/gcc/avr/5.4.0/../../../../avr/lib/avr5\libc.a(printf.o)
 .bss           0x00000000        0x0 c:/program files (x86)/atmel/studio/7.0/toolchain/avr8/avr8-gnu-toolchain/bin/../lib/gcc/avr/5.4.0/../../../../avr/lib/avr5\libc.a(printf.o)
 .text          0x00000000        0x0 c:/program files (x86)/atmel/studio/7.0/toolchain/avr8/avr8-gnu-toolchain/bin/../lib/gcc/avr/5.4.0/../../../../avr/lib/avr5\libc.a(puts.o)
 .data          0x00000000        0x0 c:/program files (x86)/atmel/studio/7.0/toolchain/avr8/avr8-gnu-toolchain/bin/../lib/gcc/avr/5.4.0/../../../../avr/lib/avr5\libc.a(puts.o)
 .bss           0x00000000        0x0 c:/program files (x86)/atmel/studio/7.0/toolchain/avr8/avr8-gnu-toolchain/bin/../lib/gcc/avr/5.4.0/../../../../avr/lib/avr5\libc.a(puts.o)
 .text.avr-libc
                0x00000000       0x60 c:/program files (x86)/atmel/studio/7.0/toolchain/avr8/avr8-gnu-toolchain/bin/../lib/gcc/avr/5.4.0/../../../../avr/lib/avr5\libc.a(puts.o)
 .comment       0x00000000       0x31 c:/program files (x86)/atmel/studio/7.0/toolchain/avr8/avr8-gnu-toolchain/bin/../lib/gcc/avr/5.4.0/../../../../avr/lib/avr5\libc.a(puts.o)
 .text          0x00000000        0x0 c:/program files (x86)/atmel/studio/7.0/toolchain/avr8/avr8-gnu-toolchain/bin/../lib/gcc/avr/5.4.0/../../../../avr/lib/avr5\libc.a(vfprintf_std.o)
 .data          0x00000000        0x0 c:/program files (x86)/atmel/studio/7.0/toolchain/avr8/avr8-gnu-toolchain/bin/../lib/gcc/avr/5.4.0/../../../../avr/lib/avr5\libc.a(vfprintf_std.o)
 .bss           0x00000000        0x0 c:/program files (x86)/atmel/studio/7.0/toolchain/avr8/avr8-gnu-toolchain/bin/../lib/gcc/avr/5.4.0/../../../../avr/lib/avr5\libc.a(vfprintf_std.o)
 .text          0x00000000        0x0 c:/program files (x86)/atmel/studio/7.0/toolchain/avr8/avr8-gnu-toolchain/bin/../lib/gcc/avr/5.4.0/../../../../avr/lib/avr5\libc.a(calloc.o)
 .data          0x00000000        0x0 c:/program files (x86)/atmel/studio/7.0/toolchain/avr8/avr8-gnu-toolchain/bin/../lib/gcc/avr/5.4.0/../../../../avr/lib/avr5\libc.a(calloc.o)
 .bss           0x00000000        0x0 c:/program files (x86)/atmel/studio/7.0/toolchain/avr8/avr8-gnu-toolchain/bin/../lib/gcc/avr/5.4.0/../../../../avr/lib/avr5\libc.a(calloc.o)
 .text          0x00000000        0x0 c:/program files (x86)/atmel/studio/7.0/toolchain/avr8/avr8-gnu-toolchain/bin/../lib/gcc/avr/5.4.0/../../../../avr/lib/avr5\libc.a(strnlen_P.o)
 .data          0x00000000        0x0 c:/program files (x86)/atmel/studio/7.0/toolchain/avr8/avr8-gnu-toolchain/bin/../lib/gcc/avr/5.4.0/../../../../avr/lib/avr5\libc.a(strnlen_P.o)
 .bss           0x00000000        0x0 c:/program files (x86)/atmel/studio/7.0/toolchain/avr8/avr8-gnu-toolchain/bin/../lib/gcc/avr/5.4.0/../../../../avr/lib/avr5\libc.a(strnlen_P.o)
 .text          0x00000000        0x0 c:/program files (x86)/atmel/studio/7.0/toolchain/avr8/avr8-gnu-toolchain/bin/../lib/gcc/avr/5.4.0/../../../../avr/lib/avr5\libc.a(memset.o)
 .data          0x00000000        0x0 c:/program files (x86)/atmel/studio/7.0/toolchain/avr8/avr8-gnu-toolchain/bin/../lib/gcc/avr/5.4.0/../../../../avr/lib/avr5\libc.a(memset.o)
 .bss           0x00000000        0x0 c:/program files (x86)/atmel/studio/7.0/toolchain/avr8/avr8-gnu-toolchain/bin/../lib/gcc/avr/5.4.0/../../../../avr/lib/avr5\libc.a(memset.o)
 .text          0x00000000        0x0 c:/program files (x86)/atmel/studio/7.0/toolchain/avr8/avr8-gnu-toolchain/bin/../lib/gcc/avr/5.4.0/../../../../avr/lib/avr5\libc.a(strnlen.o)
 .data          0x00000000        0x0 c:/program files (x86)/atmel/studio/7.0/toolchain/avr8/avr8-gnu-toolchain/bin/../lib/gcc/avr/5.4.0/../../../../avr/lib/avr5\libc.a(strnlen.o)
 .bss           0x00000000        0x0 c:/program files (x86)/atmel/studio/7.0/toolchain/avr8/avr8-gnu-toolchain/bin/../lib/gcc/avr/5.4.0/../../../../avr/lib/avr5\libc.a(strnlen.o)
 .text          0x00000000        0x0 c:/program files (x86)/atmel/studio/7.0/toolchain/avr8/avr8-gnu-toolchain/bin/../lib/gcc/avr/5.4.0/../../../../avr/lib/avr5\libc.a(fputc.o)
 .data          0x00000000        0x0 c:/program files (x86)/atmel/studio/7.0/toolchain/avr8/avr8-gnu-toolchain/bin/../lib/gcc/avr/5.4.0/../../../../avr/lib/avr5\libc.a(fputc.o)
 .bss           0x00000000        0x0 c:/program files (x86)/atmel/studio/7.0/toolchain/avr8/avr8-gnu-toolchain/bin/../lib/gcc/avr/5.4.0/../../../../avr/lib/avr5\libc.a(fputc.o)
 .text          0x00000000        0x0 c:/program files (x86)/atmel/studio/7.0/toolchain/avr8/avr8-gnu-toolchain/bin/../lib/gcc/avr/5.4.0/../../../../avr/lib/avr5\libc.a(ultoa_invert.o)
 .data          0x00000000        0x0 c:/program files (x86)/atmel/studio/7.0/toolchain/avr8/avr8-gnu-toolchain/bin/../lib/gcc/avr/5.4.0/../../../../avr/lib/avr5\libc.a(ultoa_invert.o)
 .bss           0x00000000        0x0 c:/program files (x86)/atmel/studio/7.0/toolchain/avr8/avr8-gnu-toolchain/bin/../lib/gcc/avr/5.4.0/../../../../avr/lib/avr5\libc.a(ultoa_invert.o)
 .text          0x00000000        0x0 c:/program files (x86)/atmel/studio/7.0/toolchain/avr8/avr8-gnu-toolchain/bin/../lib/gcc/avr/5.4.0/avr5\libgcc.a(_divmodsi4.o)
 .data          0x00000000        0x0 c:/program files (x86)/atmel/studio/7.0/toolchain/avr8/avr8-gnu-toolchain/bin/../lib/gcc/avr/5.4.0/avr5\libgcc.a(_divmodsi4.o)
 .bss           0x00000000        0x0 c:/program files (x86)/atmel/studio/7.0/toolchain/avr8/avr8-gnu-toolchain/bin/../lib/gcc/avr/5.4.0/avr5\libgcc.a(_divmodsi4.o)
 .text.libgcc.mul
                0x00000000        0x0 c:/program files (x86)/atmel/studio/7.0/toolchain/avr8/avr8-gnu-toolchain/bin/../lib/gcc/avr/5.4.0/avr5\libgcc.a(_divmodsi4.o)
 .text.libgcc.div
                0x00000000       0x2e c:/program files (x86)/atmel/studio/7.0/toolchain/avr8/avr8-gnu-toolchain/bin/../lib/gcc/avr/5.4.0/avr5\libgcc.a(_divmodsi4.o)
 .text.libgcc   0x00000000        0x0 c:/program files (x86)/atmel/studio/7.0/toolchain/avr8/avr8-gnu-toolchain/bin/../lib/gcc/avr/5.4.0/avr5\libgcc.a(_divmodsi4.o)
 .text.libgcc.prologue
                0x00000000        0x0 c:/program files (x86)/atmel/studio/7.0/toolchain/avr8/avr8-gnu-toolchain/bin/../lib/gcc/avr/5.4.0/avr5\libgcc.a(_divmodsi4.o)
 .text.libgcc.builtins
                0x00000000        0x0 c:/program files (x86)/atmel/studio/7.0/toolchain/avr8/avr8-gnu-toolchain/bin/../lib/gcc/avr/5.4.0/avr5\libgcc.a(_divmodsi4.o)
 .text.libgcc.fmul
                0x00000000        0x0 c:/program files (x86)/atmel/studio/7.0/toolchain/avr8/avr8-gnu-toolchain/bin/../lib/gcc/avr/5.4.0/avr5\libgcc.a(_divmodsi4.o)
 .text.libgcc.fixed
                0x00000000        0x0 c:/program files (x86)/atmel/studio/7.0/toolchain/avr8/avr8-gnu-toolchain/bin/../lib/gcc/avr/5.4.0/avr5\libgcc.a(_divmodsi4.o)
 .text          0x00000000        0x0 c:/program files (x86)/atmel/studio/7.0/toolchain/avr8/avr8-gnu-toolchain/bin/../lib/gcc/avr/5.4.0/avr5\libgcc.a(_negsi2.o)
 .data          0x00000000        0x0 c:/program files (x86)/atmel/studio/7.0/toolchain/avr8/avr8-gnu-toolchain/bin/../lib/gcc/avr/5.4.0/avr5\libgcc.a(_negsi2.o)
 .bss           0x00000000        0x0 c:/program files (x86)/atmel/studio/7.0/toolchain/avr8/avr8-gnu-toolchain/bin/../lib/gcc/avr/5.4.0/avr5\libgcc.a(_negsi2.o)
 .text.libgcc.mul
                0x00000000        0x0 c:/program files (x86)/atmel/studio/7.0/toolchain/avr8/avr8-gnu-toolchain/bin/../lib/gcc/avr/5.4.0/avr5\libgcc.a(_negsi2.o)
 .text.libgcc.div
                0x00000000       0x10 c:/program files (x86)/atmel/studio/7.0/toolchain/avr8/avr8-gnu-toolchain/bin/../lib/gcc/avr/5.4.0/avr5\libgcc.a(_negsi2.o)
 .text.libgcc   0x00000000        0x0 c:/program files (x86)/atmel/studio/7.0/toolchain/avr8/avr8-gnu-toolchain/bin/../lib/gcc/avr/5.4.0/avr5\libgcc.a(_negsi2.o)
 .text.libgcc.prologue
                0x00000000        0x0 c:/program files (x86)/atmel/studio/7.0/toolchain/avr8/avr8-gnu-toolchain/bin/../lib/gcc/avr/5.4.0/avr5\libgcc.a(_negsi2.o)
 .text.libgcc.builtins
                0x00000000        0x0 c:/program files (x86)/atmel/studio/7.0/toolchain/avr8/avr8-gnu-toolchain/bin/../lib/gcc/avr/5.4.0/avr5\libgcc.a(_negsi2.o)
 .text.libgcc.fmul
                0x00000000        0x0 c:/program files (x86)/atmel/studio/7.0/toolchain/avr8/avr8-gnu-toolchain/bin/../lib/gcc/avr/5.4.0/avr5\libgcc.a(_negsi2.o)
 .text.libgcc.fixed
                0x00000000        0x0 c:/program files (x86)/atmel/studio/7.0/toolchain/avr8/avr8-gnu-toolchain/bin/../lib/gcc/avr/5.4.0/avr5\libgcc.a(_negsi2.o)
 .text          0x00000000        0x0 c:/program files (x86)/atmel/studio/7.0/toolchain/avr8/avr8-gnu-toolchain/bin/../lib/gcc/avr/5.4.0/avr5\libgcc.a(_muluhisi3.o)
 .data          0x00000000        0x0 c:/program files (x86)/atmel/studio/7.0/toolchain/avr8/avr8-gnu-toolchain/bin/../lib/gcc/avr/5.4.0/avr5\libgcc.a(_muluhisi3.o)
 .bss           0x00000000        0x0 c:/program files (x86)/atmel/studio/7.0/toolchain/avr8/avr8-gnu-toolchain/bin/../lib/gcc/avr/5.4.0/avr5\libgcc.a(_muluhisi3.o)
 .text.libgcc.mul
                0x00000000       0x16 c:/program files (x86)/atmel/studio/7.0/toolchain/avr8/avr8-gnu-toolchain/bin/../lib/gcc/avr/5.4.0/avr5\libgcc.a(_muluhisi3.o)
 .text.libgcc.div
                0x00000000        0x0 c:/program files (x86)/atmel/studio/7.0/toolchain/avr8/avr8-gnu-toolchain/bin/../lib/gcc/avr/5.4.0/avr5\libgcc.a(_muluhisi3.o)
 .text.libgcc   0x00000000        0x0 c:/program files (x86)/atmel/studio/7.0/toolchain/avr8/avr8-gnu-toolchain/bin/../lib/gcc/avr/5.4.0/avr5\libgcc.a(_muluhisi3.o)
 .text.libgcc.prologue
                0x00000000        0x0 c:/program files (x86)/atmel/studio/7.0/toolchain/avr8/avr8-gnu-toolchain/bin/../lib/gcc/avr/5.4.0/avr5\libgcc.a(_muluhisi3.o)
 .text.libgcc.builtins
                0x00000000        0x0 c:/program files (x86)/atmel/studio/7.0/toolchain/avr8/avr8-gnu-toolchain/bin/../lib/gcc/avr/5.4.0/avr5\libgcc.a(_muluhisi3.o)
 .text.libgcc.fmul
                0x00000000        0x0 c:/program files (x86)/atmel/studio/7.0/toolchain/avr8/avr8-gnu-toolchain/bin/../lib/gcc/avr/5.4.0/avr5\libgcc.a(_muluhisi3.o)
 .text.libgcc.fixed
                0x00000000        0x0 c:/program files (x86)/atmel/studio/7.0/toolchain/avr8/avr8-gnu-toolchain/bin/../lib/gcc/avr/5.4.0/avr5\libgcc.a(_muluhisi3.o)
 .text          0x00000000        0x0 c:/program files (x86)/atmel/studio/7.0/toolchain/avr8/avr8-gnu-toolchain/bin/../lib/gcc/avr/5.4.0/avr5\libgcc.a(_mulshisi3.o)
 .data          0x00000000        0x0 c:/program files (x86)/atmel/studio/7.0/toolchain/avr8/avr8-gnu-toolchain/bin/../lib/gcc/avr/5.4.0/avr5\libgcc.a(_mulshisi3.o)
 .bss           0x00000000        0x0 c:/program files (x86)/atmel/studio/7.0/toolchain/avr8/avr8-gnu-toolchain/bin/../lib/gcc/avr/5.4.0/avr5\libgcc.a(_mulshisi3.o)
 .text.libgcc.mul
                0x00000000       0x10 c:/program files (x86)/atmel/studio/7.0/toolchain/avr8/avr8-gnu-toolchain/bin/../lib/gcc/avr/5.4.0/avr5\libgcc.a(_mulshisi3.o)
 .text.libgcc.div
                0x00000000        0x0 c:/program files (x86)/atmel/studio/7.0/toolchain/avr8/avr8-gnu-toolchain/bin/../lib/gcc/avr/5.4.0/avr5\libgcc.a(_mulshisi3.o)
 .text.libgcc   0x00000000        0x0 c:/program files (x86)/atmel/studio/7.0/toolchain/avr8/avr8-gnu-toolchain/bin/../lib/gcc/avr/5.4.0/avr5\libgcc.a(_mulshisi3.o)
 .text.libgcc.prologue
                0x00000000        0x0 c:/program files (x86)/atmel/studio/7.0/toolchain/avr8/avr8-gnu-toolchain/bin/../lib/gcc/avr/5.4.0/avr5\libgcc.a(_mulshisi3.o)
 .text.libgcc.builtins
                0x00000000        0x0 c:/program files (x86)/atmel/studio/7.0/toolchain/avr8/avr8-gnu-toolchain/bin/../lib/gcc/avr/5.4.0/avr5\libgcc.a(_mulshisi3.o)
 .text.libgcc.fmul
                0x00000000        0x0 c:/program files (x86)/atmel/studio/7.0/toolchain/avr8/avr8-gnu-toolchain/bin/../lib/gcc/avr/5.4.0/avr5\libgcc.a(_mulshisi3.o)
 .text.libgcc.fixed
                0x00000000        0x0 c:/program files (x86)/atmel/studio/7.0/toolchain/avr8/avr8-gnu-toolchain/bin/../lib/gcc/avr/5.4.0/avr5\libgcc.a(_mulshisi3.o)
 .text          0x00000000        0x0 c:/program files (x86)/atmel/studio/7.0/toolchain/avr8/avr8-gnu-toolchain/bin/../lib/gcc/avr/5.4.0/avr5\libgcc.a(_prologue.o)
 .data          0x00000000        0x0 c:/program files (x86)/atmel/studio/7.0/toolchain/avr8/avr8-gnu-toolchain/bin/../lib/gcc/avr/5.4.0/avr5\libgcc.a(_prologue.o)
 .bss           0x00000000        0x0 c:/program files (x86)/atmel/studio/7.0/toolchain/avr8/avr8-gnu-toolchain/bin/../lib/gcc/avr/5.4.0/avr5\libgcc.a(_prologue.o)
 .text.libgcc.mul
                0x00000000        0x0 c:/program files (x86)/atmel/studio/7.0/toolchain/avr8/avr8-gnu-toolchain/bin/../lib/gcc/avr/5.4.0/avr5\libgcc.a(_prologue.o)
 .text.libgcc.div
                0x00000000        0x0 c:/program files (x86)/atmel/studio/7.0/toolchain/avr8/avr8-gnu-toolchain/bin/../lib/gcc/avr/5.4.0/avr5\libgcc.a(_prologue.o)
 .text.libgcc   0x00000000        0x0 c:/program files (x86)/atmel/studio/7.0/toolchain/avr8/avr8-gnu-toolchain/bin/../lib/gcc/avr/5.4.0/avr5\libgcc.a(_prologue.o)
 .text.libgcc.builtins
                0x00000000        0x0 c:/program files (x86)/atmel/studio/7.0/toolchain/avr8/avr8-gnu-toolchain/bin/../lib/gcc/avr/5.4.0/avr5\libgcc.a(_prologue.o)
 .text.libgcc.fmul
                0x00000000        0x0 c:/program files (x86)/atmel/studio/7.0/toolchain/avr8/avr8-gnu-toolchain/bin/../lib/gcc/avr/5.4.0/avr5\libgcc.a(_prologue.o)
 .text.libgcc.fixed
                0x00000000        0x0 c:/program files (x86)/atmel/studio/7.0/toolchain/avr8/avr8-gnu-toolchain/bin/../lib/gcc/avr/5.4.0/avr5\libgcc.a(_prologue.o)
 .text          0x00000000        0x0 c:/program files (x86)/atmel/studio/7.0/toolchain/avr8/avr8-gnu-toolchain/bin/../lib/gcc/avr/5.4.0/avr5\libgcc.a(_epilogue.o)
 .data          0x00000000        0x0 c:/program files (x86)/atmel/studio/7.0/toolchain/avr8/avr8-gnu-toolchain/bin/../lib/gcc/avr/5.4.0/avr5\libgcc.a(_epilogue.o)
 .bss           0x00000000        0x0 c:/program files (x86)/atmel/studio/7.0/toolchain/avr8/avr8-gnu-toolchain/bin/../lib/gcc/avr/5.4.0/avr5\libgcc.a(_epilogue.o)
 .text.libgcc.mul
                0x00000000        0x0 c:/program files (x86)/atmel/studio/7.0/toolchain/avr8/avr8-gnu-toolchain/bin/../lib/gcc/avr/5.4.0/avr5\libgcc.a(_epilogue.o)
 .text.libgcc.div
                0x00000000        0x0 c:/program files (x86)/atmel/studio/7.0/toolchain/avr8/avr8-gnu-toolchain/bin/../lib/gcc/avr/5.4.0/avr5\libgcc.a(_epilogue.o)
 .text.libgcc   0x00000000        0x0 c:/program files (x86)/atmel/studio/7.0/toolchain/avr8/avr8-gnu-toolchain/bin/../lib/gcc/avr/5.4.0/avr5\libgcc.a(_epilogue.o)
 .text.libgcc.builtins
                0x00000000        0x0 c:/program files (x86)/atmel/studio/7.0/toolchain/avr8/avr8-gnu-toolchain/bin/../lib/gcc/avr/5.4.0/avr5\libgcc.a(_epilogue.o)
 .text.libgcc.fmul
                0x00000000        0x0 c:/program files (x86)/atmel/studio/7.0/toolchain/avr8/avr8-gnu-toolchain/bin/../lib/gcc/avr/5.4.0/avr5\libgcc.a(_epilogue.o)
 .text.libgcc.fixed
                0x00000000        0x0 c:/program files (x86)/atmel/studio/7.0/toolchain/avr8/avr8-gnu-toolchain/bin/../lib/gcc/avr/5.4.0/avr5\libgcc.a(_epilogue.o)
 .text          0x00000000        0x0 c:/program files (x86)/atmel/studio/7.0/toolchain/avr8/avr8-gnu-toolchain/bin/../lib/gcc/avr/5.4.0/avr5\libgcc.a(_udivmodsi4.o)
 .data          0x00000000        0x0 c:/program files (x86)/atmel/studio/7.0/toolchain/avr8/avr8-gnu-toolchain/bin/../lib/gcc/avr/5.4.0/avr5\libgcc.a(_udivmodsi4.o)
 .bss           0x00000000        0x0 c:/program files (x86)/atmel/studio/7.0/toolchain/avr8/avr8-gnu-toolchain/bin/../lib/gcc/avr/5.4.0/avr5\libgcc.a(_udivmodsi4.o)
 .text.libgcc.mul
                0x00000000        0x0 c:/program files (x86)/atmel/studio/7.0/toolchain/avr8/avr8-gnu-toolchain/bin/../lib/gcc/avr/5.4.0/avr5\libgcc.a(_udivmodsi4.o)
 .text.libgcc.div
                0x00000000       0x44 c:/program files (x86)/atmel/studio/7.0/toolchain/avr8/avr8-gnu-toolchain/bin/../lib/gcc/avr/5.4.0/avr5\libgcc.a(_udivmodsi4.o)
 .text.libgcc   0x00000000        0x0 c:/program files (x86)/atmel/studio/7.0/toolchain/avr8/avr8-gnu-toolchain/bin/../lib/gcc/avr/5.4.0/avr5\libgcc.a(_udivmodsi4.o)
 .text.libgcc.prologue
                0x00000000        0x0 c:/program files (x86)/atmel/studio/7.0/toolchain/avr8/avr8-gnu-toolchain/bin/../lib/gcc/avr/5.4.0/avr5\libgcc.a(_udivmodsi4.o)
 .text.libgcc.builtins
                0x00000000        0x0 c:/program files (x86)/atmel/studio/7.0/toolchain/avr8/avr8-gnu-toolchain/bin/../lib/gcc/avr/5.4.0/avr5\libgcc.a(_udivmodsi4.o)
 .text.libgcc.fmul
                0x00000000        0x0 c:/program files (x86)/atmel/studio/7.0/toolchain/avr8/avr8-gnu-toolchain/bin/../lib/gcc/avr/5.4.0/avr5\libgcc.a(_udivmodsi4.o)
 .text.libgcc.fixed
                0x00000000        0x0 c:/program files (x86)/atmel/studio/7.0/toolchain/avr8/avr8-gnu-toolchain/bin/../lib/gcc/avr/5.4.0/avr5\libgcc.a(_udivmodsi4.o)
 .text          0x00000000        0x0 c:/program files (x86)/atmel/studio/7.0/toolchain/avr8/avr8-gnu-toolchain/bin/../lib/gcc/avr/5.4.0/avr5\libgcc.a(_umulhisi3.o)
 .data          0x00000000        0x0 c:/program files (x86)/atmel/studio/7.0/toolchain/avr8/avr8-gnu-toolchain/bin/../lib/gcc/avr/5.4.0/avr5\libgcc.a(_umulhisi3.o)
 .bss           0x00000000        0x0 c:/program files (x86)/atmel/studio/7.0/toolchain/avr8/avr8-gnu-toolchain/bin/../lib/gcc/avr/5.4.0/avr5\libgcc.a(_umulhisi3.o)
 .text.libgcc.mul
                0x00000000       0x1e c:/program files (x86)/atmel/studio/7.0/toolchain/avr8/avr8-gnu-toolchain/bin/../lib/gcc/avr/5.4.0/avr5\libgcc.a(_umulhisi3.o)
 .text.libgcc.div
                0x00000000        0x0 c:/program files (x86)/atmel/studio/7.0/toolchain/avr8/avr8-gnu-toolchain/bin/../lib/gcc/avr/5.4.0/avr5\libgcc.a(_umulhisi3.o)
 .text.libgcc   0x00000000        0x0 c:/program files (x86)/atmel/studio/7.0/toolchain/avr8/avr8-gnu-toolchain/bin/../lib/gcc/avr/5.4.0/avr5\libgcc.a(_umulhisi3.o)
 .text.libgcc.prologue
                0x00000000        0x0 c:/program files (x86)/atmel/studio/7.0/toolchain/avr8/avr8-gnu-toolchain/bin/../lib/gcc/avr/5.4.0/avr5\libgcc.a(_umulhisi3.o)
 .text.libgcc.builtins
                0x00000000        0x0 c:/program files (x86)/atmel/studio/7.0/toolchain/avr8/avr8-gnu-toolchain/bin/../lib/gcc/avr/5.4.0/avr5\libgcc.a(_umulhisi3.o)
 .text.libgcc.fmul
                0x00000000        0x0 c:/program files (x86)/atmel/studio/7.0/toolchain/avr8/avr8-gnu-toolchain/bin/../lib/gcc/avr/5.4.0/avr5\libgcc.a(_umulhisi3.o)
 .text.libgcc.fixed
                0x00000000        0x0 c:/program files (x86)/atmel/studio/7.0/toolchain/avr8/avr8-gnu-toolchain/bin/../lib/gcc/avr/5.4.0/avr5\libgcc.a(_umulhisi3.o)

Memory Configuration

Name             Origin             Length             Attributes
text             0x00000000         0x00020000         xr
data             0x00800060         0x0000ffa0         rw !x
eeprom           0x00810000         0x00010000         rw !x
fuse             0x00820000         0x00000003         rw !x
lock             0x00830000         0x00000400         rw !x
signature        0x00840000         0x00000400         rw !x
user_signatures  0x00850000         0x00000400         rw !x
*default*        0x00000000         0xffffffff

Linker script and memory map

Address of section .data set to 0x800100
LOAD c:/program files (x86)/atmel/studio/7.0/toolchain/avr8/avr8-gnu-toolchain/bin/../lib/gcc/avr/5.4.0/../../../../avr/lib/avr5/crtatmega162.o
LOAD DRIVER_ADC.o
LOAD DRIVER_CAN.o
LOAD DRIVER_JOYSTICK.o
LOAD DRIVER_MENU.o
LOAD DRIVER_OLED.o
LOAD DRIVER_SLIDER.o
LOAD DRIVER_SPI.o
LOAD DRIVER_TIMER.o
LOAD DRIVER_USART.o
LOAD DRIVER_XMEM.o
LOAD DRIVER_MCP2515.o
LOAD main.o
LOAD util.o
START GROUP
LOAD c:/program files (x86)/atmel/studio/7.0/toolchain/avr8/avr8-gnu-toolchain/bin/../lib/gcc/avr/5.4.0/../../../../avr/lib/avr5\libm.a
END GROUP
START GROUP
LOAD c:/program files (x86)/atmel/studio/7.0/toolchain/avr8/avr8-gnu-toolchain/bin/../lib/gcc/avr/5.4.0/avr5\libgcc.a
LOAD c:/program files (x86)/atmel/studio/7.0/toolchain/avr8/avr8-gnu-toolchain/bin/../lib/gcc/avr/5.4.0/../../../../avr/lib/avr5\libm.a
LOAD c:/program files (x86)/atmel/studio/7.0/toolchain/avr8/avr8-gnu-toolchain/bin/../lib/gcc/avr/5.4.0/../../../../avr/lib/avr5\libc.a
LOAD c:/program files (x86)/atmel/studio/7.0/toolchain/avr8/avr8-gnu-toolchain/bin/../lib/gcc/avr/5.4.0/../../../../avr/lib/avr5\libatmega162.a
END GROUP
                0x00020000                __TEXT_REGION_LENGTH__ = DEFINED (__TEXT_REGION_LENGTH__)?__TEXT_REGION_LENGTH__:0x20000
                0x0000ffa0                __DATA_REGION_LENGTH__ = DEFINED (__DATA_REGION_LENGTH__)?__DATA_REGION_LENGTH__:0xffa0
                0x00010000                __EEPROM_REGION_LENGTH__ = DEFINED (__EEPROM_REGION_LENGTH__)?__EEPROM_REGION_LENGTH__:0x10000
                [0x00000003]                __FUSE_REGION_LENGTH__ = DEFINED (__FUSE_REGION_LENGTH__)?__FUSE_REGION_LENGTH__:0x400
                0x00000400                __LOCK_REGION_LENGTH__ = DEFINED (__LOCK_REGION_LENGTH__)?__LOCK_REGION_LENGTH__:0x400
                0x00000400                __SIGNATURE_REGION_LENGTH__ = DEFINED (__SIGNATURE_REGION_LENGTH__)?__SIGNATURE_REGION_LENGTH__:0x400
                0x00000400                __USER_SIGNATURE_REGION_LENGTH__ = DEFINED (__USER_SIGNATURE_REGION_LENGTH__)?__USER_SIGNATURE_REGION_LENGTH__:0x400

.hash
 *(.hash)

.dynsym
 *(.dynsym)

.dynstr
 *(.dynstr)

.gnu.version
 *(.gnu.version)

.gnu.version_d
 *(.gnu.version_d)

.gnu.version_r
 *(.gnu.version_r)

.rel.init
 *(.rel.init)

.rela.init
 *(.rela.init)

.rel.text
 *(.rel.text)
 *(.rel.text.*)
 *(.rel.gnu.linkonce.t*)

.rela.text
 *(.rela.text)
 *(.rela.text.*)
 *(.rela.gnu.linkonce.t*)

.rel.fini
 *(.rel.fini)

.rela.fini
 *(.rela.fini)

.rel.rodata
 *(.rel.rodata)
 *(.rel.rodata.*)
 *(.rel.gnu.linkonce.r*)

.rela.rodata
 *(.rela.rodata)
 *(.rela.rodata.*)
 *(.rela.gnu.linkonce.r*)

.rel.data
 *(.rel.data)
 *(.rel.data.*)
 *(.rel.gnu.linkonce.d*)

.rela.data
 *(.rela.data)
 *(.rela.data.*)
 *(.rela.gnu.linkonce.d*)

.rel.ctors
 *(.rel.ctors)

.rela.ctors
 *(.rela.ctors)

.rel.dtors
 *(.rel.dtors)

.rela.dtors
 *(.rela.dtors)

.rel.got
 *(.rel.got)

.rela.got
 *(.rela.got)

.rel.bss
 *(.rel.bss)

.rela.bss
 *(.rela.bss)

.rel.plt
 *(.rel.plt)

.rela.plt
 *(.rela.plt)

.text           0x00000000     0x2f1c
 *(.vectors)
 .vectors       0x00000000       0x70 c:/program files (x86)/atmel/studio/7.0/toolchain/avr8/avr8-gnu-toolchain/bin/../lib/gcc/avr/5.4.0/../../../../avr/lib/avr5/crtatmega162.o
                0x00000000                __vector_default
                0x00000000                __vectors
 *(.vectors)
 *(.progmem.gcc*)
                0x00000070                . = ALIGN (0x2)
                0x00000070                __trampolines_start = .
 *(.trampolines)
 .trampolines   0x00000070        0x0 linker stubs
 *(.trampolines*)
                0x00000070                __trampolines_end = .
 *libprintf_flt.a:*(.progmem.data)
 *libc.a:*(.progmem.data)
 *(.progmem*)
 .progmem.data.table
                0x00000070       0xb0 DRIVER_MENU.o
                0x00000070                table
 .progmem.data.gameover_8
                0x00000120        0x1 DRIVER_MENU.o
                0x00000120                gameover_8
 .progmem.data.gameover_7
                0x00000121        0x1 DRIVER_MENU.o
                0x00000121                gameover_7
 .progmem.data.gameover_6
                0x00000122        0x1 DRIVER_MENU.o
                0x00000122                gameover_6
 .progmem.data.gameover_5
                0x00000123        0x1 DRIVER_MENU.o
                0x00000123                gameover_5
 .progmem.data.gameover_4
                0x00000124        0xe DRIVER_MENU.o
                0x00000124                gameover_4
 .progmem.data.gameover_3
                0x00000132        0x1 DRIVER_MENU.o
                0x00000132                gameover_3
 .progmem.data.gameover_2
                0x00000133        0xa DRIVER_MENU.o
                0x00000133                gameover_2
 .progmem.data.gameover_1
                0x0000013d        0x1 DRIVER_MENU.o
                0x0000013d                gameover_1
 .progmem.data.animation_8
                0x0000013e        0x1 DRIVER_MENU.o
                0x0000013e                animation_8
 .progmem.data.animation_7
                0x0000013f        0x1 DRIVER_MENU.o
                0x0000013f                animation_7
 .progmem.data.animation_6
                0x00000140        0x1 DRIVER_MENU.o
                0x00000140                animation_6
 .progmem.data.animation_5
                0x00000141        0x1 DRIVER_MENU.o
                0x00000141                animation_5
 .progmem.data.animation_4
                0x00000142        0x1 DRIVER_MENU.o
                0x00000142                animation_4
 .progmem.data.animation_3
                0x00000143        0x1 DRIVER_MENU.o
                0x00000143                animation_3
 .progmem.data.animation_2
                0x00000144        0x1 DRIVER_MENU.o
                0x00000144                animation_2
 .progmem.data.animation_1
                0x00000145        0xa DRIVER_MENU.o
                0x00000145                animation_1
 .progmem.data.calibrate_8
                0x0000014f        0x1 DRIVER_MENU.o
                0x0000014f                calibrate_8
 .progmem.data.calibrate_7
                0x00000150        0x1 DRIVER_MENU.o
                0x00000150                calibrate_7
 .progmem.data.calibrate_6
                0x00000151        0xf DRIVER_MENU.o
                0x00000151                calibrate_6
 .progmem.data.calibrate_5
                0x00000160        0xd DRIVER_MENU.o
                0x00000160                calibrate_5
 .progmem.data.calibrate_4
                0x0000016d        0x1 DRIVER_MENU.o
                0x0000016d                calibrate_4
 .progmem.data.calibrate_3
                0x0000016e        0xc DRIVER_MENU.o
                0x0000016e                calibrate_3
 .progmem.data.calibrate_2
                0x0000017a        0x1 DRIVER_MENU.o
                0x0000017a                calibrate_2
 .progmem.data.calibrate_1
                0x0000017b        0x1 DRIVER_MENU.o
                0x0000017b                calibrate_1
 .progmem.data.slider_8
                0x0000017c        0x1 DRIVER_MENU.o
                0x0000017c                slider_8
 .progmem.data.slider_7
                0x0000017d        0x1 DRIVER_MENU.o
                0x0000017d                slider_7
 .progmem.data.slider_6
                0x0000017e        0x1 DRIVER_MENU.o
                0x0000017e                slider_6
 .progmem.data.slider_5
                0x0000017f        0x1 DRIVER_MENU.o
                0x0000017f                slider_5
 .progmem.data.slider_4
                0x00000180        0x7 DRIVER_MENU.o
                0x00000180                slider_4
 .progmem.data.slider_3
                0x00000187        0x7 DRIVER_MENU.o
                0x00000187                slider_3
 .progmem.data.slider_2
                0x0000018e        0x1 DRIVER_MENU.o
                0x0000018e                slider_2
 .progmem.data.slider_1
                0x0000018f        0x1 DRIVER_MENU.o
                0x0000018f                slider_1
 .progmem.data.joystick_8
                0x00000190        0x1 DRIVER_MENU.o
                0x00000190                joystick_8
 .progmem.data.joystick_7
                0x00000191        0x1 DRIVER_MENU.o
                0x00000191                joystick_7
 .progmem.data.joystick_6
                0x00000192        0x1 DRIVER_MENU.o
                0x00000192                joystick_6
 .progmem.data.joystick_5
                0x00000193        0x1 DRIVER_MENU.o
                0x00000193                joystick_5
 .progmem.data.joystick_4
                0x00000194        0x7 DRIVER_MENU.o
                0x00000194                joystick_4
 .progmem.data.joystick_3
                0x0000019b        0x9 DRIVER_MENU.o
                0x0000019b                joystick_3
 .progmem.data.joystick_2
                0x000001a4        0x1 DRIVER_MENU.o
                0x000001a4                joystick_2
 .progmem.data.joystick_1
                0x000001a5        0x1 DRIVER_MENU.o
                0x000001a5                joystick_1
 .progmem.data.controllerP_8
                0x000001a6        0x1 DRIVER_MENU.o
                0x000001a6                controllerP_8
 .progmem.data.controllerP_7
                0x000001a7        0x1 DRIVER_MENU.o
                0x000001a7                controllerP_7
 .progmem.data.controllerP_6
                0x000001a8        0x1 DRIVER_MENU.o
                0x000001a8                controllerP_6
 .progmem.data.controllerP_5
                0x000001a9        0x1 DRIVER_MENU.o
                0x000001a9                controllerP_5
 .progmem.data.controllerP_4
                0x000001aa        0x9 DRIVER_MENU.o
                0x000001aa                controllerP_4
 .progmem.data.controllerP_3
                0x000001b3        0xb DRIVER_MENU.o
                0x000001b3                controllerP_3
 .progmem.data.controllerP_2
                0x000001be        0x1 DRIVER_MENU.o
                0x000001be                controllerP_2
 .progmem.data.controllerP_1
                0x000001bf        0x1 DRIVER_MENU.o
                0x000001bf                controllerP_1
 .progmem.data.controller_8
                0x000001c0        0x1 DRIVER_MENU.o
                0x000001c0                controller_8
 .progmem.data.controller_7
                0x000001c1        0x1 DRIVER_MENU.o
                0x000001c1                controller_7
 .progmem.data.controller_6
                0x000001c2        0x1 DRIVER_MENU.o
                0x000001c2                controller_6
 .progmem.data.controller_5
                0x000001c3        0x1 DRIVER_MENU.o
                0x000001c3                controller_5
 .progmem.data.controller_4
                0x000001c4        0x7 DRIVER_MENU.o
                0x000001c4                controller_4
 .progmem.data.controller_3
                0x000001cb        0x9 DRIVER_MENU.o
                0x000001cb                controller_3
 .progmem.data.controller_2
                0x000001d4        0x1 DRIVER_MENU.o
                0x000001d4                controller_2
 .progmem.data.controller_1
                0x000001d5        0xb DRIVER_MENU.o
                0x000001d5                controller_1
 .progmem.data.p2_8
                0x000001e0        0x1 DRIVER_MENU.o
                0x000001e0                p2_8
 .progmem.data.p2_7
                0x000001e1        0x1 DRIVER_MENU.o
                0x000001e1                p2_7
 .progmem.data.p2_6
                0x000001e2        0x1 DRIVER_MENU.o
                0x000001e2                p2_6
 .progmem.data.p2_5
                0x000001e3        0x1 DRIVER_MENU.o
                0x000001e3                p2_5
 .progmem.data.p2_4
                0x000001e4        0x1 DRIVER_MENU.o
                0x000001e4                p2_4
 .progmem.data.p2_3
                0x000001e5        0x5 DRIVER_MENU.o
                0x000001e5                p2_3
 .progmem.data.p2_2
                0x000001ea        0x7 DRIVER_MENU.o
                0x000001ea                p2_2
 .progmem.data.p2_1
                0x000001f1        0x1 DRIVER_MENU.o
                0x000001f1                p2_1
 .progmem.data.p1_8
                0x000001f2        0x1 DRIVER_MENU.o
                0x000001f2                p1_8
 .progmem.data.p1_7
                0x000001f3        0x1 DRIVER_MENU.o
                0x000001f3                p1_7
 .progmem.data.p1_6
                0x000001f4        0xd DRIVER_MENU.o
                0x000001f4                p1_6
 .progmem.data.p1_5
                0x00000201        0xc DRIVER_MENU.o
                0x00000201                p1_5
 .progmem.data.p1_4
                0x0000020d        0xc DRIVER_MENU.o
                0x0000020d                p1_4
 .progmem.data.p1_3
                0x00000219        0xb DRIVER_MENU.o
                0x00000219                p1_3
 .progmem.data.p1_2
                0x00000224        0x1 DRIVER_MENU.o
                0x00000224                p1_2
 .progmem.data.p1_1
                0x00000225        0x1 DRIVER_MENU.o
                0x00000225                p1_1
 .progmem.data.mainP_8
                0x00000226        0x1 DRIVER_MENU.o
                0x00000226                mainP_8
 .progmem.data.mainP_7
                0x00000227        0xc DRIVER_MENU.o
                0x00000227                mainP_7
 .progmem.data.mainP_6
                0x00000233        0xc DRIVER_MENU.o
                0x00000233                mainP_6
 .progmem.data.mainP_5
                0x0000023f        0xd DRIVER_MENU.o
                0x0000023f                mainP_5
 .progmem.data.mainP_4
                0x0000024c        0xa DRIVER_MENU.o
                0x0000024c                mainP_4
 .progmem.data.mainP_3
                0x00000256        0xa DRIVER_MENU.o
                0x00000256                mainP_3
 .progmem.data.mainP_2
                0x00000260        0x1 DRIVER_MENU.o
                0x00000260                mainP_2
 .progmem.data.mainP_1
                0x00000261        0x1 DRIVER_MENU.o
                0x00000261                mainP_1
 .progmem.data.main_8
                0x00000262        0x1 DRIVER_MENU.o
                0x00000262                main_8
 .progmem.data.main_7
                0x00000263        0xa DRIVER_MENU.o
                0x00000263                main_7
 .progmem.data.main_6
                0x0000026d        0xa DRIVER_MENU.o
                0x0000026d                main_6
 .progmem.data.main_5
                0x00000277        0xb DRIVER_MENU.o
                0x00000277                main_5
 .progmem.data.main_4
                0x00000282        0x8 DRIVER_MENU.o
                0x00000282                main_4
 .progmem.data.main_3
                0x0000028a        0x8 DRIVER_MENU.o
                0x0000028a                main_3
 .progmem.data.main_2
                0x00000292        0x1 DRIVER_MENU.o
                0x00000292                main_2
 .progmem.data.main_1
                0x00000293        0x9 DRIVER_MENU.o
                0x00000293                main_1
 .progmem.data.font_animation
                0x0000029c      0x2f8 DRIVER_OLED.o
                0x0000029c                font_animation
 .progmem.data.font4
                0x00000594      0x17c DRIVER_OLED.o
                0x00000594                font4
 .progmem.data.font6
                0x00000710      0x23a DRIVER_OLED.o
                0x00000710                font6
 .progmem.data.font8
                0x0000094a      0x2f8 DRIVER_OLED.o
                0x0000094a                font8
                0x00000c42                . = ALIGN (0x2)
 *(.jumptables)
 *(.jumptables*)
 *(.lowtext)
 *(.lowtext*)
                0x00000c42                __ctors_start = .
 *(.ctors)
                0x00000c42                __ctors_end = .
                0x00000c42                __dtors_start = .
 *(.dtors)
                0x00000c42                __dtors_end = .
 SORT(*)(.ctors)
 SORT(*)(.dtors)
 *(.init0)
 .init0         0x00000c42        0x0 c:/program files (x86)/atmel/studio/7.0/toolchain/avr8/avr8-gnu-toolchain/bin/../lib/gcc/avr/5.4.0/../../../../avr/lib/avr5/crtatmega162.o
                0x00000c42                __init
 *(.init0)
 *(.init1)
 *(.init1)
 *(.init2)
 .init2         0x00000c42        0xc c:/program files (x86)/atmel/studio/7.0/toolchain/avr8/avr8-gnu-toolchain/bin/../lib/gcc/avr/5.4.0/../../../../avr/lib/avr5/crtatmega162.o
 *(.init2)
 *(.init3)
 *(.init3)
 *(.init4)
 .init4         0x00000c4e       0x16 c:/program files (x86)/atmel/studio/7.0/toolchain/avr8/avr8-gnu-toolchain/bin/../lib/gcc/avr/5.4.0/avr5\libgcc.a(_copy_data.o)
                0x00000c4e                __do_copy_data
 .init4         0x00000c64       0x10 c:/program files (x86)/atmel/studio/7.0/toolchain/avr8/avr8-gnu-toolchain/bin/../lib/gcc/avr/5.4.0/avr5\libgcc.a(_clear_bss.o)
                0x00000c64                __do_clear_bss
 *(.init4)
 *(.init5)
 *(.init5)
 *(.init6)
 *(.init6)
 *(.init7)
 *(.init7)
 *(.init8)
 *(.init8)
 *(.init9)
 .init9         0x00000c74        0x8 c:/program files (x86)/atmel/studio/7.0/toolchain/avr8/avr8-gnu-toolchain/bin/../lib/gcc/avr/5.4.0/../../../../avr/lib/avr5/crtatmega162.o
 *(.init9)
 *(.text)
 .text          0x00000c7c        0x4 c:/program files (x86)/atmel/studio/7.0/toolchain/avr8/avr8-gnu-toolchain/bin/../lib/gcc/avr/5.4.0/../../../../avr/lib/avr5/crtatmega162.o
                0x00000c7c                __vector_22
                0x00000c7c                __vector_24
                0x00000c7c                __vector_12
                0x00000c7c                __bad_interrupt
                0x00000c7c                __vector_6
                0x00000c7c                __vector_3
                0x00000c7c                __vector_23
                0x00000c7c                __vector_25
                0x00000c7c                __vector_11
                0x00000c7c                __vector_13
                0x00000c7c                __vector_17
                0x00000c7c                __vector_19
                0x00000c7c                __vector_7
                0x00000c7c                __vector_27
                0x00000c7c                __vector_5
                0x00000c7c                __vector_4
                0x00000c7c                __vector_9
                0x00000c7c                __vector_2
                0x00000c7c                __vector_21
                0x00000c7c                __vector_15
                0x00000c7c                __vector_8
                0x00000c7c                __vector_26
                0x00000c7c                __vector_14
                0x00000c7c                __vector_10
                0x00000c7c                __vector_18
                0x00000c7c                __vector_20
                0x00000c80                . = ALIGN (0x2)
 *(.text.*)
 .text.clock_init
                0x00000c80       0x2e DRIVER_ADC.o
                0x00000c80                clock_init
 .text.adc_init
                0x00000cae        0x6 DRIVER_ADC.o
                0x00000cae                adc_init
 .text.adc_read
                0x00000cb4       0x32 DRIVER_ADC.o
                0x00000cb4                adc_read
 .text.can_init
                0x00000ce6       0x44 DRIVER_CAN.o
                0x00000ce6                can_init
 .text.can_send_message
                0x00000d2a       0x72 DRIVER_CAN.o
                0x00000d2a                can_send_message
 .text.__vector_1
                0x00000d9c       0x1e DRIVER_CAN.o
                0x00000d9c                __vector_1
 .text.can_interrupted
                0x00000dba       0x22 DRIVER_CAN.o
                0x00000dba                can_interrupted
 .text.joystick_calibrate
                0x00000ddc       0xa0 DRIVER_JOYSTICK.o
                0x00000ddc                joystick_calibrate
 .text.joystick_getPosition
                0x00000e7c       0xec DRIVER_JOYSTICK.o
                0x00000e7c                joystick_getPosition
 .text.joystick_getDirection
                0x00000f68       0x40 DRIVER_JOYSTICK.o
                0x00000f68                joystick_getDirection
 .text.joystick_sendPositionButtonCan
                0x00000fa8       0x44 DRIVER_JOYSTICK.o
                0x00000fa8                joystick_sendPositionButtonCan
 .text.f_2player
                0x00000fec       0x70 DRIVER_MENU.o
                0x00000fec                f_2player
 .text.f_controller
                0x0000105c       0x92 DRIVER_MENU.o
                0x0000105c                f_controller
 .text.f_joystick
                0x000010ee       0xac DRIVER_MENU.o
                0x000010ee                f_joystick
 .text.f_slider
                0x0000119a       0xac DRIVER_MENU.o
                0x0000119a                f_slider
 .text.f_calibrate
                0x00001246       0xac DRIVER_MENU.o
                0x00001246                f_calibrate
 .text.f_1player
                0x000012f2      0x158 DRIVER_MENU.o
                0x000012f2                f_1player
 .text.f_animation
                0x0000144a       0xa2 DRIVER_MENU.o
                0x0000144a                f_animation
 .text.Menu_new_submenu
                0x000014ec       0x9a DRIVER_MENU.o
                0x000014ec                Menu_new_submenu
 .text.menu_init
                0x00001586      0x148 DRIVER_MENU.o
                0x00001586                menu_init
 .text.navigate
                0x000016ce      0x248 DRIVER_MENU.o
                0x000016ce                navigate
 .text.oled_mode
                0x00001916       0x18 DRIVER_OLED.o
                0x00001916                oled_mode
 .text.oled_goto_page
                0x0000192e       0x30 DRIVER_OLED.o
                0x0000192e                oled_goto_page
 .text.oled_goto_col
                0x0000195e       0x42 DRIVER_OLED.o
                0x0000195e                oled_goto_col
 .text.oled_goto_pos
                0x000019a0       0x12 DRIVER_OLED.o
                0x000019a0                oled_goto_pos
 .text.oled_home
                0x000019b2        0xa DRIVER_OLED.o
                0x000019b2                oled_home
 .text.oled_clear_page
                0x000019bc       0x22 DRIVER_OLED.o
                0x000019bc                oled_clear_page
 .text.oled_clear_screen
                0x000019de       0x56 DRIVER_OLED.o
                0x000019de                oled_clear_screen
 .text.oled_reset
                0x00001a34       0x10 DRIVER_OLED.o
                0x00001a34                oled_reset
 .text.oled_write_char
                0x00001a44      0x18a DRIVER_OLED.o
                0x00001a44                oled_write_char
 .text.oled_print
                0x00001bce       0x54 DRIVER_OLED.o
                0x00001bce                oled_print
 .text.oled_center_print
                0x00001c22       0x46 DRIVER_OLED.o
                0x00001c22                oled_center_print
 .text.oled_arrow
                0x00001c68       0x42 DRIVER_OLED.o
                0x00001c68                oled_arrow
 .text.oled_animation_frame
                0x00001caa       0x50 DRIVER_OLED.o
                0x00001caa                oled_animation_frame
 .text.oled_animation
                0x00001cfa      0x236 DRIVER_OLED.o
                0x00001cfa                oled_animation
 .text.oled_init
                0x00001f30      0x114 DRIVER_OLED.o
                0x00001f30                oled_init
 .text.slider_getPosition
                0x00002044       0xb8 DRIVER_SLIDER.o
                0x00002044                slider_getPosition
 .text.slider_sendPositionButtonCan
                0x000020fc       0x44 DRIVER_SLIDER.o
                0x000020fc                slider_sendPositionButtonCan
 .text.spi_init
                0x00002140        0xe DRIVER_SPI.o
                0x00002140                spi_init
 .text.spi_send
                0x0000214e        0x8 DRIVER_SPI.o
                0x0000214e                spi_send
 .text.spi_read
                0x00002156        0xc DRIVER_SPI.o
                0x00002156                spi_read
 .text.timer_init
                0x00002162       0x2c DRIVER_TIMER.o
                0x00002162                timer_init
 .text.__vector_16
                0x0000218e       0xd0 DRIVER_TIMER.o
                0x0000218e                __vector_16
 .text.USART_Init
                0x0000225e       0x1a DRIVER_USART.o
                0x0000225e                USART_Init
 .text.USART_Transmit
                0x00002278        0x8 DRIVER_USART.o
                0x00002278                USART_Transmit
 .text.USART_PUTCHAR
                0x00002280        0xa DRIVER_USART.o
                0x00002280                USART_PUTCHAR
 .text.xmem_init
                0x0000228a        0xe DRIVER_XMEM.o
                0x0000228a                xmem_init
 .text.xmem_write
                0x00002298        0x8 DRIVER_XMEM.o
                0x00002298                xmem_write
 .text.xmem_read
                0x000022a0        0x8 DRIVER_XMEM.o
                0x000022a0                xmem_read
 .text.mcp_read
                0x000022a8       0x1c DRIVER_MCP2515.o
                0x000022a8                mcp_read
 .text.mcp_write
                0x000022c4       0x24 DRIVER_MCP2515.o
                0x000022c4                mcp_write
 .text.mcp_req_to_send
                0x000022e8        0xa DRIVER_MCP2515.o
                0x000022e8                mcp_req_to_send
 .text.mcp_bit_modify
                0x000022f2       0x30 DRIVER_MCP2515.o
                0x000022f2                mcp_bit_modify
 .text.mcp_reset
                0x00002322       0x18 DRIVER_MCP2515.o
                0x00002322                mcp_reset
 .text.mcp_init
                0x0000233a       0x3c DRIVER_MCP2515.o
                0x0000233a                mcp_init
 .text.main     0x00002376       0x2e main.o
                0x00002376                main
 .text.util_sort
                0x000023a4       0x58 util.o
                0x000023a4                util_sort
 .text.util_median
                0x000023fc       0x30 util.o
                0x000023fc                util_median
 .text.libgcc.div
                0x0000242c       0x28 c:/program files (x86)/atmel/studio/7.0/toolchain/avr8/avr8-gnu-toolchain/bin/../lib/gcc/avr/5.4.0/avr5\libgcc.a(_divmodhi4.o)
                0x0000242c                _div
                0x0000242c                __divmodhi4
 .text.libgcc.div
                0x00002454       0x28 c:/program files (x86)/atmel/studio/7.0/toolchain/avr8/avr8-gnu-toolchain/bin/../lib/gcc/avr/5.4.0/avr5\libgcc.a(_udivmodhi4.o)
                0x00002454                __udivmodhi4
 .text.avr-libc
                0x0000247c      0x242 c:/program files (x86)/atmel/studio/7.0/toolchain/avr8/avr8-gnu-toolchain/bin/../lib/gcc/avr/5.4.0/../../../../avr/lib/avr5\libc.a(malloc.o)
                0x0000247c                malloc
                0x000025ac                free
 .text.avr-libc
                0x000026be      0x18c c:/program files (x86)/atmel/studio/7.0/toolchain/avr8/avr8-gnu-toolchain/bin/../lib/gcc/avr/5.4.0/../../../../avr/lib/avr5\libc.a(realloc.o)
                0x000026be                realloc
 .text.avr-libc
                0x0000284a        0xe c:/program files (x86)/atmel/studio/7.0/toolchain/avr8/avr8-gnu-toolchain/bin/../lib/gcc/avr/5.4.0/../../../../avr/lib/avr5\libc.a(strcpy_P.o)
                0x0000284a                strcpy_P
 .text.avr-libc
                0x00002858       0x12 c:/program files (x86)/atmel/studio/7.0/toolchain/avr8/avr8-gnu-toolchain/bin/../lib/gcc/avr/5.4.0/../../../../avr/lib/avr5\libc.a(memcpy.o)
                0x00002858                memcpy
 .text.avr-libc
                0x0000286a       0x16 c:/program files (x86)/atmel/studio/7.0/toolchain/avr8/avr8-gnu-toolchain/bin/../lib/gcc/avr/5.4.0/../../../../avr/lib/avr5\libc.a(strcat.o)
                0x0000286a                strcat
 .text.avr-libc
                0x00002880       0x96 c:/program files (x86)/atmel/studio/7.0/toolchain/avr8/avr8-gnu-toolchain/bin/../lib/gcc/avr/5.4.0/../../../../avr/lib/avr5\libc.a(fdevopen.o)
                0x00002880                fdevopen
 .text.avr-libc
                0x00002916       0x2c c:/program files (x86)/atmel/studio/7.0/toolchain/avr8/avr8-gnu-toolchain/bin/../lib/gcc/avr/5.4.0/../../../../avr/lib/avr5\libc.a(printf.o)
                0x00002916                printf
 .text.avr-libc
                0x00002942      0x3c2 c:/program files (x86)/atmel/studio/7.0/toolchain/avr8/avr8-gnu-toolchain/bin/../lib/gcc/avr/5.4.0/../../../../avr/lib/avr5\libc.a(vfprintf_std.o)
                0x00002942                vfprintf
 .text.avr-libc
                0x00002d04       0x38 c:/program files (x86)/atmel/studio/7.0/toolchain/avr8/avr8-gnu-toolchain/bin/../lib/gcc/avr/5.4.0/../../../../avr/lib/avr5\libc.a(calloc.o)
                0x00002d04                calloc
 .text.avr-libc
                0x00002d3c       0x16 c:/program files (x86)/atmel/studio/7.0/toolchain/avr8/avr8-gnu-toolchain/bin/../lib/gcc/avr/5.4.0/../../../../avr/lib/avr5\libc.a(strnlen_P.o)
                0x00002d3c                strnlen_P
 .text.avr-libc
                0x00002d52        0xe c:/program files (x86)/atmel/studio/7.0/toolchain/avr8/avr8-gnu-toolchain/bin/../lib/gcc/avr/5.4.0/../../../../avr/lib/avr5\libc.a(memset.o)
                0x00002d52                memset
 .text.avr-libc
                0x00002d60       0x16 c:/program files (x86)/atmel/studio/7.0/toolchain/avr8/avr8-gnu-toolchain/bin/../lib/gcc/avr/5.4.0/../../../../avr/lib/avr5\libc.a(strnlen.o)
                0x00002d60                strnlen
 .text.avr-libc
                0x00002d76       0x78 c:/program files (x86)/atmel/studio/7.0/toolchain/avr8/avr8-gnu-toolchain/bin/../lib/gcc/avr/5.4.0/../../../../avr/lib/avr5\libc.a(fputc.o)
                0x00002d76                fputc
 .text.avr-libc
                0x00002dee       0xbc c:/program files (x86)/atmel/studio/7.0/toolchain/avr8/avr8-gnu-toolchain/bin/../lib/gcc/avr/5.4.0/../../../../avr/lib/avr5\libc.a(ultoa_invert.o)
                0x00002dee                __ultoa_invert
 .text.libgcc.prologue
                0x00002eaa       0x38 c:/program files (x86)/atmel/studio/7.0/toolchain/avr8/avr8-gnu-toolchain/bin/../lib/gcc/avr/5.4.0/avr5\libgcc.a(_prologue.o)
                0x00002eaa                __prologue_saves__
 .text.libgcc.prologue
                0x00002ee2       0x36 c:/program files (x86)/atmel/studio/7.0/toolchain/avr8/avr8-gnu-toolchain/bin/../lib/gcc/avr/5.4.0/avr5\libgcc.a(_epilogue.o)
                0x00002ee2                __epilogue_restores__
                0x00002f18                . = ALIGN (0x2)
 *(.fini9)
 .fini9         0x00002f18        0x0 c:/program files (x86)/atmel/studio/7.0/toolchain/avr8/avr8-gnu-toolchain/bin/../lib/gcc/avr/5.4.0/avr5\libgcc.a(_exit.o)
                0x00002f18                _exit
                0x00002f18                exit
 *(.fini9)
 *(.fini8)
 *(.fini8)
 *(.fini7)
 *(.fini7)
 *(.fini6)
 *(.fini6)
 *(.fini5)
 *(.fini5)
 *(.fini4)
 *(.fini4)
 *(.fini3)
 *(.fini3)
 *(.fini2)
 *(.fini2)
 *(.fini1)
 *(.fini1)
 *(.fini0)
 .fini0         0x00002f18        0x4 c:/program files (x86)/atmel/studio/7.0/toolchain/avr8/avr8-gnu-toolchain/bin/../lib/gcc/avr/5.4.0/avr5\libgcc.a(_exit.o)
 *(.fini0)
                0x00002f1c                _etext = .

.data           0x00800100       0xb6 load address 0x00002f1c
                0x00800100                PROVIDE (__data_start, .)
 *(.data)
 .data          0x00800100        0x6 c:/program files (x86)/atmel/studio/7.0/toolchain/avr8/avr8-gnu-toolchain/bin/../lib/gcc/avr/5.4.0/../../../../avr/lib/avr5\libc.a(malloc.o)
                0x00800100                __malloc_heap_end
                0x00800102                __malloc_heap_start
                0x00800104                __malloc_margin
 *(.data*)
 .data.ext_oled_data
                0x00800106        0x2 DRIVER_OLED.o
                0x00800106                ext_oled_data
 .data.ext_oled_command
                0x00800108        0x2 DRIVER_OLED.o
                0x00800108                ext_oled_command
 .data.fontsize
                0x0080010a        0x2 DRIVER_OLED.o
                0x0080010a                fontsize
 *(.gnu.linkonce.d*)
 *(.rodata)
 *(.rodata*)
 .rodata.str1.1
                0x0080010c       0x4d DRIVER_MENU.o
 .rodata.str1.1
                0x00800159       0x21 DRIVER_OLED.o
 .rodata.str1.1
                0x0080017a        0xf DRIVER_TIMER.o
 .rodata.str1.1
                0x00800189       0x2d DRIVER_MCP2515.o
 *(.gnu.linkonce.r*)
                0x008001b6                . = ALIGN (0x2)
                0x008001b6                _edata = .
                0x008001b6                PROVIDE (__data_end, .)

.bss            0x008001b6       0x22
                0x008001b6                PROVIDE (__bss_start, .)
 *(.bss)
 *(.bss*)
 .bss.CAN_flag  0x008001b6        0x1 DRIVER_CAN.o
                0x008001b6                CAN_flag
 .bss.curr_menu
                0x008001b7        0x2 DRIVER_MENU.o
 .bss.pos_child
                0x008001b9        0x2 DRIVER_MENU.o
 .bss.ctrl      0x008001bb        0x1 DRIVER_MENU.o
 .bss.mseconds  0x008001bc        0x2 DRIVER_TIMER.o
 .bss.seconds   0x008001be        0x2 DRIVER_TIMER.o
 .bss.counter   0x008001c0        0x2 DRIVER_TIMER.o
 *(COMMON)
 COMMON         0x008001c2        0x2 DRIVER_JOYSTICK.o
                0x008001c2                y_offset
                0x008001c3                x_offset
 COMMON         0x008001c4        0xa DRIVER_MENU.o
                0x008001c4                oled_position
                0x008001c8                mseconds
                0x008001ca                seconds
                0x008001cc                main_menu
 COMMON         0x008001ce        0x4 c:/program files (x86)/atmel/studio/7.0/toolchain/avr8/avr8-gnu-toolchain/bin/../lib/gcc/avr/5.4.0/../../../../avr/lib/avr5\libc.a(malloc.o)
                0x008001ce                __brkval
                0x008001d0                __flp
 COMMON         0x008001d2        0x6 c:/program files (x86)/atmel/studio/7.0/toolchain/avr8/avr8-gnu-toolchain/bin/../lib/gcc/avr/5.4.0/../../../../avr/lib/avr5\libc.a(iob.o)
                0x008001d2                __iob
                0x008001d8                PROVIDE (__bss_end, .)
                0x00002f1c                __data_load_start = LOADADDR (.data)
                0x00002fd2                __data_load_end = (__data_load_start + SIZEOF (.data))

.noinit         0x008001d8        0x0
                [!provide]                PROVIDE (__noinit_start, .)
 *(.noinit*)
                [!provide]                PROVIDE (__noinit_end, .)
                0x008001d8                _end = .
                0x008001d8                PROVIDE (__heap_start, .)

.eeprom         0x00810000        0x0
 *(.eeprom*)
                0x00810000                __eeprom_end = .

.fuse
 *(.fuse)
 *(.lfuse)
 *(.hfuse)
 *(.efuse)

.lock
 *(.lock*)

.signature
 *(.signature*)

.user_signatures
 *(.user_signatures*)

.stab
 *(.stab)

.stabstr
 *(.stabstr)

.stab.excl
 *(.stab.excl)

.stab.exclstr
 *(.stab.exclstr)

.stab.index
 *(.stab.index)

.stab.indexstr
 *(.stab.indexstr)

.comment        0x00000000       0x5c
 *(.comment)
 .comment       0x00000000       0x30 DRIVER_ADC.o
                                 0x31 (size before relaxing)
 .comment       0x00000030       0x31 DRIVER_CAN.o
 .comment       0x00000030       0x31 DRIVER_JOYSTICK.o
 .comment       0x00000030       0x31 DRIVER_MENU.o
 .comment       0x00000030       0x31 DRIVER_OLED.o
 .comment       0x00000030       0x31 DRIVER_SLIDER.o
 .comment       0x00000030       0x31 DRIVER_SPI.o
 .comment       0x00000030       0x31 DRIVER_TIMER.o
 .comment       0x00000030       0x31 DRIVER_USART.o
 .comment       0x00000030       0x31 DRIVER_XMEM.o
 .comment       0x00000030       0x31 DRIVER_MCP2515.o
 .comment       0x00000030       0x31 main.o
 .comment       0x00000030       0x31 util.o
 .comment       0x00000030       0x31 c:/program files (x86)/atmel/studio/7.0/toolchain/avr8/avr8-gnu-toolchain/bin/../lib/gcc/avr/5.4.0/../../../../avr/lib/avr5\libc.a(malloc.o)
 .comment       0x00000030       0x31 c:/program files (x86)/atmel/studio/7.0/toolchain/avr8/avr8-gnu-toolchain/bin/../lib/gcc/avr/5.4.0/../../../../avr/lib/avr5\libc.a(realloc.o)
 .comment       0x00000030       0x31 c:/program files (x86)/atmel/studio/7.0/toolchain/avr8/avr8-gnu-toolchain/bin/../lib/gcc/avr/5.4.0/../../../../avr/lib/avr5\libc.a(fdevopen.o)
 .comment       0x00000030       0x31 c:/program files (x86)/atmel/studio/7.0/toolchain/avr8/avr8-gnu-toolchain/bin/../lib/gcc/avr/5.4.0/../../../../avr/lib/avr5\libc.a(iob.o)
 .comment       0x00000030       0x31 c:/program files (x86)/atmel/studio/7.0/toolchain/avr8/avr8-gnu-toolchain/bin/../lib/gcc/avr/5.4.0/../../../../avr/lib/avr5\libc.a(printf.o)
 .comment       0x00000030       0x2c c:/program files (x86)/atmel/studio/7.0/toolchain/avr8/avr8-gnu-toolchain/bin/../lib/gcc/avr/5.4.0/../../../../avr/lib/avr5\libc.a(vfprintf_std.o)
                                 0x2d (size before relaxing)
 .comment       0x0000005c       0x31 c:/program files (x86)/atmel/studio/7.0/toolchain/avr8/avr8-gnu-toolchain/bin/../lib/gcc/avr/5.4.0/../../../../avr/lib/avr5\libc.a(calloc.o)
 .comment       0x0000005c       0x31 c:/program files (x86)/atmel/studio/7.0/toolchain/avr8/avr8-gnu-toolchain/bin/../lib/gcc/avr/5.4.0/../../../../avr/lib/avr5\libc.a(fputc.o)

.note.gnu.avr.deviceinfo
                0x00000000       0x3c
 .note.gnu.avr.deviceinfo
                0x00000000       0x3c c:/program files (x86)/atmel/studio/7.0/toolchain/avr8/avr8-gnu-toolchain/bin/../lib/gcc/avr/5.4.0/../../../../avr/lib/avr5/crtatmega162.o

.note.gnu.build-id
 *(.note.gnu.build-id)

.debug
 *(.debug)

.line
 *(.line)

.debug_srcinfo
 *(.debug_srcinfo)

.debug_sfnames
 *(.debug_sfnames)

.debug_aranges  0x00000000      0x368
 *(.debug_aranges)
 .debug_aranges
                0x00000000       0x30 DRIVER_ADC.o
 .debug_aranges
                0x00000030       0x48 DRIVER_CAN.o
 .debug_aranges
                0x00000078       0x38 DRIVER_JOYSTICK.o
 .debug_aranges
                0x000000b0       0x68 DRIVER_MENU.o
 .debug_aranges
                0x00000118       0xb0 DRIVER_OLED.o
 .debug_aranges
                0x000001c8       0x28 DRIVER_SLIDER.o
 .debug_aranges
                0x000001f0       0x30 DRIVER_SPI.o
 .debug_aranges
                0x00000220       0x38 DRIVER_TIMER.o
 .debug_aranges
                0x00000258       0x38 DRIVER_USART.o
 .debug_aranges
                0x00000290       0x38 DRIVER_XMEM.o
 .debug_aranges
                0x000002c8       0x50 DRIVER_MCP2515.o
 .debug_aranges
                0x00000318       0x20 main.o
 .debug_aranges
                0x00000338       0x30 util.o

.debug_pubnames
 *(.debug_pubnames)

.debug_info     0x00000000     0x4fb7
 *(.debug_info .gnu.linkonce.wi.*)
 .debug_info    0x00000000      0x5d0 c:/program files (x86)/atmel/studio/7.0/toolchain/avr8/avr8-gnu-toolchain/bin/../lib/gcc/avr/5.4.0/../../../../avr/lib/avr5/crtatmega162.o
 .debug_info    0x000005d0      0x23b DRIVER_ADC.o
 .debug_info    0x0000080b      0x454 DRIVER_CAN.o
 .debug_info    0x00000c5f      0x37f DRIVER_JOYSTICK.o
 .debug_info    0x00000fde     0x1b76 DRIVER_MENU.o
 .debug_info    0x00002b54     0x1413 DRIVER_OLED.o
 .debug_info    0x00003f67      0x1f5 DRIVER_SLIDER.o
 .debug_info    0x0000415c       0xd8 DRIVER_SPI.o
 .debug_info    0x00004234      0x16c DRIVER_TIMER.o
 .debug_info    0x000043a0      0x231 DRIVER_USART.o
 .debug_info    0x000045d1      0x22e DRIVER_XMEM.o
 .debug_info    0x000047ff      0x3d9 DRIVER_MCP2515.o
 .debug_info    0x00004bd8      0x224 main.o
 .debug_info    0x00004dfc      0x1bb util.o

.debug_abbrev   0x00000000     0x1923
 *(.debug_abbrev)
 .debug_abbrev  0x00000000      0x580 c:/program files (x86)/atmel/studio/7.0/toolchain/avr8/avr8-gnu-toolchain/bin/../lib/gcc/avr/5.4.0/../../../../avr/lib/avr5/crtatmega162.o
 .debug_abbrev  0x00000580      0x175 DRIVER_ADC.o
 .debug_abbrev  0x000006f5      0x1f8 DRIVER_CAN.o
 .debug_abbrev  0x000008ed      0x1b0 DRIVER_JOYSTICK.o
 .debug_abbrev  0x00000a9d      0x2a9 DRIVER_MENU.o
 .debug_abbrev  0x00000d46      0x27d DRIVER_OLED.o
 .debug_abbrev  0x00000fc3      0x12d DRIVER_SLIDER.o
 .debug_abbrev  0x000010f0       0xa1 DRIVER_SPI.o
 .debug_abbrev  0x00001191       0xfc DRIVER_TIMER.o
 .debug_abbrev  0x0000128d      0x14a DRIVER_USART.o
 .debug_abbrev  0x000013d7      0x14a DRIVER_XMEM.o
 .debug_abbrev  0x00001521      0x1a3 DRIVER_MCP2515.o
 .debug_abbrev  0x000016c4      0x12a main.o
 .debug_abbrev  0x000017ee      0x135 util.o

.debug_line     0x00000000     0x1f13
 *(.debug_line .debug_line.* .debug_line_end)
 .debug_line    0x00000000       0x1a c:/program files (x86)/atmel/studio/7.0/toolchain/avr8/avr8-gnu-toolchain/bin/../lib/gcc/avr/5.4.0/../../../../avr/lib/avr5/crtatmega162.o
 .debug_line    0x0000001a      0x198 DRIVER_ADC.o
 .debug_line    0x000001b2      0x25c DRIVER_CAN.o
 .debug_line    0x0000040e      0x212 DRIVER_JOYSTICK.o
 .debug_line    0x00000620      0x6ec DRIVER_MENU.o
 .debug_line    0x00000d0c      0x699 DRIVER_OLED.o
 .debug_line    0x000013a5      0x165 DRIVER_SLIDER.o
 .debug_line    0x0000150a      0x109 DRIVER_SPI.o
 .debug_line    0x00001613      0x14b DRIVER_TIMER.o
 .debug_line    0x0000175e      0x12a DRIVER_USART.o
 .debug_line    0x00001888      0x19a DRIVER_XMEM.o
 .debug_line    0x00001a22      0x26f DRIVER_MCP2515.o
 .debug_line    0x00001c91      0x1bf main.o
 .debug_line    0x00001e50       0xc3 util.o

.debug_frame    0x00000000      0x988
 *(.debug_frame)
 .debug_frame   0x00000000       0x4c DRIVER_ADC.o
 .debug_frame   0x0000004c      0x10c DRIVER_CAN.o
 .debug_frame   0x00000158       0xa4 DRIVER_JOYSTICK.o
 .debug_frame   0x000001fc      0x214 DRIVER_MENU.o
 .debug_frame   0x00000410      0x1d4 DRIVER_OLED.o
 .debug_frame   0x000005e4       0x54 DRIVER_SLIDER.o
 .debug_frame   0x00000638       0x44 DRIVER_SPI.o
 .debug_frame   0x0000067c       0xb0 DRIVER_TIMER.o
 .debug_frame   0x0000072c       0x54 DRIVER_USART.o
 .debug_frame   0x00000780       0xc8 DRIVER_XMEM.o
 .debug_frame   0x00000848       0xb8 DRIVER_MCP2515.o
 .debug_frame   0x00000900       0x24 main.o
 .debug_frame   0x00000924       0x64 util.o

.debug_str      0x00000000      0xf6d
 *(.debug_str)
 .debug_str     0x00000000      0x1f6 c:/program files (x86)/atmel/studio/7.0/toolchain/avr8/avr8-gnu-toolchain/bin/../lib/gcc/avr/5.4.0/../../../../avr/lib/avr5/crtatmega162.o
 .debug_str     0x000001f6      0x1ea DRIVER_ADC.o
                                0x22a (size before relaxing)
 .debug_str     0x000003e0      0x12f DRIVER_CAN.o
                                0x261 (size before relaxing)
 .debug_str     0x0000050f       0xe5 DRIVER_JOYSTICK.o
                                0x29e (size before relaxing)
 .debug_str     0x000005f4      0x591 DRIVER_MENU.o
                                0x80c (size before relaxing)
 .debug_str     0x00000b85      0x14b DRIVER_OLED.o
                                0x3b6 (size before relaxing)
 .debug_str     0x00000cd0       0x3a DRIVER_SLIDER.o
                                0x223 (size before relaxing)
 .debug_str     0x00000d0a       0x3d DRIVER_SPI.o
                                0x1a2 (size before relaxing)
 .debug_str     0x00000d47       0x58 DRIVER_TIMER.o
                                0x1e7 (size before relaxing)
 .debug_str     0x00000d9f       0x7d DRIVER_USART.o
                                0x1ec (size before relaxing)
 .debug_str     0x00000e1c       0x85 DRIVER_XMEM.o
                                0x21e (size before relaxing)
 .debug_str     0x00000ea1       0x41 DRIVER_MCP2515.o
                                0x26c (size before relaxing)
 .debug_str     0x00000ee2       0x11 main.o
                                0x23d (size before relaxing)
 .debug_str     0x00000ef3       0x7a util.o
                                0x19d (size before relaxing)

.debug_loc      0x00000000     0x27c2
 *(.debug_loc)
 .debug_loc     0x00000000       0xe5 DRIVER_ADC.o
 .debug_loc     0x000000e5      0x374 DRIVER_CAN.o
 .debug_loc     0x00000459      0x278 DRIVER_JOYSTICK.o
 .debug_loc     0x000006d1      0xb77 DRIVER_MENU.o
 .debug_loc     0x00001248      0xb76 DRIVER_OLED.o
 .debug_loc     0x00001dbe      0x1a2 DRIVER_SLIDER.o
 .debug_loc     0x00001f60      0x126 DRIVER_TIMER.o
 .debug_loc     0x00002086       0x6d DRIVER_USART.o
 .debug_loc     0x000020f3      0x1f6 DRIVER_XMEM.o
 .debug_loc     0x000022e9      0x2c6 DRIVER_MCP2515.o
 .debug_loc     0x000025af       0x44 main.o
 .debug_loc     0x000025f3      0x1cf util.o

.debug_macinfo
 *(.debug_macinfo)

.debug_weaknames
 *(.debug_weaknames)

.debug_funcnames
 *(.debug_funcnames)

.debug_typenames
 *(.debug_typenames)

.debug_varnames
 *(.debug_varnames)

.debug_pubtypes
 *(.debug_pubtypes)

.debug_ranges   0x00000000      0x2f8
 *(.debug_ranges)
 .debug_ranges  0x00000000       0x20 DRIVER_ADC.o
 .debug_ranges  0x00000020       0x38 DRIVER_CAN.o
 .debug_ranges  0x00000058       0x28 DRIVER_JOYSTICK.o
 .debug_ranges  0x00000080       0x58 DRIVER_MENU.o
 .debug_ranges  0x000000d8       0xd0 DRIVER_OLED.o
 .debug_ranges  0x000001a8       0x18 DRIVER_SLIDER.o
 .debug_ranges  0x000001c0       0x20 DRIVER_SPI.o
 .debug_ranges  0x000001e0       0x28 DRIVER_TIMER.o
 .debug_ranges  0x00000208       0x28 DRIVER_USART.o
 .debug_ranges  0x00000230       0x58 DRIVER_XMEM.o
 .debug_ranges  0x00000288       0x40 DRIVER_MCP2515.o
 .debug_ranges  0x000002c8       0x10 main.o
 .debug_ranges  0x000002d8       0x20 util.o

.debug_macro
 *(.debug_macro)
OUTPUT(Byggern2.elf elf32-avr)
LOAD linker stubs
