Archive member included to satisfy reference by file (symbol)

c:/program files (x86)/atmel/studio/7.0/toolchain/avr8/avr8-gnu-toolchain/bin/../lib/gcc/avr/5.4.0/avr5\libgcc.a(_divmodhi4.o)
                              DRIVER_JOYSTICK.o (__divmodhi4)
c:/program files (x86)/atmel/studio/7.0/toolchain/avr8/avr8-gnu-toolchain/bin/../lib/gcc/avr/5.4.0/avr5\libgcc.a(_exit.o)
                              c:/program files (x86)/atmel/studio/7.0/toolchain/avr8/avr8-gnu-toolchain/bin/../lib/gcc/avr/5.4.0/../../../../avr/lib/avr5/crtatmega162.o (exit)
c:/program files (x86)/atmel/studio/7.0/toolchain/avr8/avr8-gnu-toolchain/bin/../lib/gcc/avr/5.4.0/avr5\libgcc.a(_copy_data.o)
                              DRIVER_CAN.o (__do_copy_data)
c:/program files (x86)/atmel/studio/7.0/toolchain/avr8/avr8-gnu-toolchain/bin/../lib/gcc/avr/5.4.0/avr5\libgcc.a(_clear_bss.o)
                              DRIVER_CAN.o (__do_clear_bss)
c:/program files (x86)/atmel/studio/7.0/toolchain/avr8/avr8-gnu-toolchain/bin/../lib/gcc/avr/5.4.0/avr5\libgcc.a(_udivmodhi4.o)
                              c:/program files (x86)/atmel/studio/7.0/toolchain/avr8/avr8-gnu-toolchain/bin/../lib/gcc/avr/5.4.0/avr5\libgcc.a(_divmodhi4.o) (__udivmodhi4)
c:/program files (x86)/atmel/studio/7.0/toolchain/avr8/avr8-gnu-toolchain/bin/../lib/gcc/avr/5.4.0/../../../../avr/lib/avr5\libc.a(malloc.o)
                              DRIVER_MENU.o (malloc)
c:/program files (x86)/atmel/studio/7.0/toolchain/avr8/avr8-gnu-toolchain/bin/../lib/gcc/avr/5.4.0/../../../../avr/lib/avr5\libc.a(rand.o)
                              DRIVER_XMEM.o (rand)
c:/program files (x86)/atmel/studio/7.0/toolchain/avr8/avr8-gnu-toolchain/bin/../lib/gcc/avr/5.4.0/../../../../avr/lib/avr5\libc.a(realloc.o)
                              DRIVER_MENU.o (realloc)
c:/program files (x86)/atmel/studio/7.0/toolchain/avr8/avr8-gnu-toolchain/bin/../lib/gcc/avr/5.4.0/../../../../avr/lib/avr5\libc.a(strcpy_P.o)
                              DRIVER_MENU.o (strcpy_P)
c:/program files (x86)/atmel/studio/7.0/toolchain/avr8/avr8-gnu-toolchain/bin/../lib/gcc/avr/5.4.0/../../../../avr/lib/avr5\libc.a(memcpy.o)
                              c:/program files (x86)/atmel/studio/7.0/toolchain/avr8/avr8-gnu-toolchain/bin/../lib/gcc/avr/5.4.0/../../../../avr/lib/avr5\libc.a(realloc.o) (memcpy)
c:/program files (x86)/atmel/studio/7.0/toolchain/avr8/avr8-gnu-toolchain/bin/../lib/gcc/avr/5.4.0/../../../../avr/lib/avr5\libc.a(strcat.o)
                              DRIVER_OLED.o (strcat)
c:/program files (x86)/atmel/studio/7.0/toolchain/avr8/avr8-gnu-toolchain/bin/../lib/gcc/avr/5.4.0/../../../../avr/lib/avr5\libc.a(fdevopen.o)
                              DRIVER_USART.o (fdevopen)
c:/program files (x86)/atmel/studio/7.0/toolchain/avr8/avr8-gnu-toolchain/bin/../lib/gcc/avr/5.4.0/../../../../avr/lib/avr5\libc.a(iob.o)
                              c:/program files (x86)/atmel/studio/7.0/toolchain/avr8/avr8-gnu-toolchain/bin/../lib/gcc/avr/5.4.0/../../../../avr/lib/avr5\libc.a(fdevopen.o) (__iob)
c:/program files (x86)/atmel/studio/7.0/toolchain/avr8/avr8-gnu-toolchain/bin/../lib/gcc/avr/5.4.0/../../../../avr/lib/avr5\libc.a(printf.o)
                              DRIVER_CAN.o (printf)
c:/program files (x86)/atmel/studio/7.0/toolchain/avr8/avr8-gnu-toolchain/bin/../lib/gcc/avr/5.4.0/../../../../avr/lib/avr5\libc.a(puts.o)
                              DRIVER_XMEM.o (puts)
c:/program files (x86)/atmel/studio/7.0/toolchain/avr8/avr8-gnu-toolchain/bin/../lib/gcc/avr/5.4.0/../../../../avr/lib/avr5\libc.a(vfprintf_std.o)
                              c:/program files (x86)/atmel/studio/7.0/toolchain/avr8/avr8-gnu-toolchain/bin/../lib/gcc/avr/5.4.0/../../../../avr/lib/avr5\libc.a(printf.o) (vfprintf)
c:/program files (x86)/atmel/studio/7.0/toolchain/avr8/avr8-gnu-toolchain/bin/../lib/gcc/avr/5.4.0/../../../../avr/lib/avr5\libc.a(calloc.o)
                              c:/program files (x86)/atmel/studio/7.0/toolchain/avr8/avr8-gnu-toolchain/bin/../lib/gcc/avr/5.4.0/../../../../avr/lib/avr5\libc.a(fdevopen.o) (calloc)
c:/program files (x86)/atmel/studio/7.0/toolchain/avr8/avr8-gnu-toolchain/bin/../lib/gcc/avr/5.4.0/../../../../avr/lib/avr5\libc.a(strnlen_P.o)
                              c:/program files (x86)/atmel/studio/7.0/toolchain/avr8/avr8-gnu-toolchain/bin/../lib/gcc/avr/5.4.0/../../../../avr/lib/avr5\libc.a(vfprintf_std.o) (strnlen_P)
c:/program files (x86)/atmel/studio/7.0/toolchain/avr8/avr8-gnu-toolchain/bin/../lib/gcc/avr/5.4.0/../../../../avr/lib/avr5\libc.a(memset.o)
                              c:/program files (x86)/atmel/studio/7.0/toolchain/avr8/avr8-gnu-toolchain/bin/../lib/gcc/avr/5.4.0/../../../../avr/lib/avr5\libc.a(calloc.o) (memset)
c:/program files (x86)/atmel/studio/7.0/toolchain/avr8/avr8-gnu-toolchain/bin/../lib/gcc/avr/5.4.0/../../../../avr/lib/avr5\libc.a(strnlen.o)
                              c:/program files (x86)/atmel/studio/7.0/toolchain/avr8/avr8-gnu-toolchain/bin/../lib/gcc/avr/5.4.0/../../../../avr/lib/avr5\libc.a(vfprintf_std.o) (strnlen)
c:/program files (x86)/atmel/studio/7.0/toolchain/avr8/avr8-gnu-toolchain/bin/../lib/gcc/avr/5.4.0/../../../../avr/lib/avr5\libc.a(fputc.o)
                              c:/program files (x86)/atmel/studio/7.0/toolchain/avr8/avr8-gnu-toolchain/bin/../lib/gcc/avr/5.4.0/../../../../avr/lib/avr5\libc.a(vfprintf_std.o) (fputc)
c:/program files (x86)/atmel/studio/7.0/toolchain/avr8/avr8-gnu-toolchain/bin/../lib/gcc/avr/5.4.0/../../../../avr/lib/avr5\libc.a(ultoa_invert.o)
                              c:/program files (x86)/atmel/studio/7.0/toolchain/avr8/avr8-gnu-toolchain/bin/../lib/gcc/avr/5.4.0/../../../../avr/lib/avr5\libc.a(vfprintf_std.o) (__ultoa_invert)
c:/program files (x86)/atmel/studio/7.0/toolchain/avr8/avr8-gnu-toolchain/bin/../lib/gcc/avr/5.4.0/avr5\libgcc.a(_divmodsi4.o)
                              c:/program files (x86)/atmel/studio/7.0/toolchain/avr8/avr8-gnu-toolchain/bin/../lib/gcc/avr/5.4.0/../../../../avr/lib/avr5\libc.a(rand.o) (__divmodsi4)
c:/program files (x86)/atmel/studio/7.0/toolchain/avr8/avr8-gnu-toolchain/bin/../lib/gcc/avr/5.4.0/avr5\libgcc.a(_negsi2.o)
                              c:/program files (x86)/atmel/studio/7.0/toolchain/avr8/avr8-gnu-toolchain/bin/../lib/gcc/avr/5.4.0/avr5\libgcc.a(_divmodsi4.o) (__negsi2)
c:/program files (x86)/atmel/studio/7.0/toolchain/avr8/avr8-gnu-toolchain/bin/../lib/gcc/avr/5.4.0/avr5\libgcc.a(_muluhisi3.o)
                              c:/program files (x86)/atmel/studio/7.0/toolchain/avr8/avr8-gnu-toolchain/bin/../lib/gcc/avr/5.4.0/../../../../avr/lib/avr5\libc.a(rand.o) (__muluhisi3)
c:/program files (x86)/atmel/studio/7.0/toolchain/avr8/avr8-gnu-toolchain/bin/../lib/gcc/avr/5.4.0/avr5\libgcc.a(_mulshisi3.o)
                              c:/program files (x86)/atmel/studio/7.0/toolchain/avr8/avr8-gnu-toolchain/bin/../lib/gcc/avr/5.4.0/../../../../avr/lib/avr5\libc.a(rand.o) (__mulohisi3)
c:/program files (x86)/atmel/studio/7.0/toolchain/avr8/avr8-gnu-toolchain/bin/../lib/gcc/avr/5.4.0/avr5\libgcc.a(_prologue.o)
                              c:/program files (x86)/atmel/studio/7.0/toolchain/avr8/avr8-gnu-toolchain/bin/../lib/gcc/avr/5.4.0/../../../../avr/lib/avr5\libc.a(realloc.o) (__prologue_saves__)
c:/program files (x86)/atmel/studio/7.0/toolchain/avr8/avr8-gnu-toolchain/bin/../lib/gcc/avr/5.4.0/avr5\libgcc.a(_epilogue.o)
                              c:/program files (x86)/atmel/studio/7.0/toolchain/avr8/avr8-gnu-toolchain/bin/../lib/gcc/avr/5.4.0/../../../../avr/lib/avr5\libc.a(realloc.o) (__epilogue_restores__)
c:/program files (x86)/atmel/studio/7.0/toolchain/avr8/avr8-gnu-toolchain/bin/../lib/gcc/avr/5.4.0/avr5\libgcc.a(_udivmodsi4.o)
                              c:/program files (x86)/atmel/studio/7.0/toolchain/avr8/avr8-gnu-toolchain/bin/../lib/gcc/avr/5.4.0/avr5\libgcc.a(_divmodsi4.o) (__udivmodsi4)
c:/program files (x86)/atmel/studio/7.0/toolchain/avr8/avr8-gnu-toolchain/bin/../lib/gcc/avr/5.4.0/avr5\libgcc.a(_umulhisi3.o)
                              c:/program files (x86)/atmel/studio/7.0/toolchain/avr8/avr8-gnu-toolchain/bin/../lib/gcc/avr/5.4.0/avr5\libgcc.a(_muluhisi3.o) (__umulhisi3)

Allocating common symbols
Common symbol       size              file

oled_position       0x4               DRIVER_MENU.o
__brkval            0x2               c:/program files (x86)/atmel/studio/7.0/toolchain/avr8/avr8-gnu-toolchain/bin/../lib/gcc/avr/5.4.0/../../../../avr/lib/avr5\libc.a(malloc.o)
main_menu           0x2               DRIVER_MENU.o
y_offset            0x1               DRIVER_JOYSTICK.o
__flp               0x2               c:/program files (x86)/atmel/studio/7.0/toolchain/avr8/avr8-gnu-toolchain/bin/../lib/gcc/avr/5.4.0/../../../../avr/lib/avr5\libc.a(malloc.o)
__iob               0x6               c:/program files (x86)/atmel/studio/7.0/toolchain/avr8/avr8-gnu-toolchain/bin/../lib/gcc/avr/5.4.0/../../../../avr/lib/avr5\libc.a(iob.o)
x_offset            0x1               DRIVER_JOYSTICK.o

Discarded input sections

 .data          0x00000000        0x0 c:/program files (x86)/atmel/studio/7.0/toolchain/avr8/avr8-gnu-toolchain/bin/../lib/gcc/avr/5.4.0/../../../../avr/lib/avr5/crtatmega162.o
 .bss           0x00000000        0x0 c:/program files (x86)/atmel/studio/7.0/toolchain/avr8/avr8-gnu-toolchain/bin/../lib/gcc/avr/5.4.0/../../../../avr/lib/avr5/crtatmega162.o
 .text          0x00000000        0x0 DRIVER_ADC.o
 .data          0x00000000        0x0 DRIVER_ADC.o
 .bss           0x00000000        0x0 DRIVER_ADC.o
 .text          0x00000000        0x0 DRIVER_CAN.o
 .data          0x00000000        0x0 DRIVER_CAN.o
 .bss           0x00000000        0x0 DRIVER_CAN.o
 .text.can_recive_msg
                0x00000000       0xa8 DRIVER_CAN.o
 .rodata.str1.1
                0x00000000       0x38 DRIVER_CAN.o
 .text.can_interrupt_handler
                0x00000000       0x98 DRIVER_CAN.o
 .bss.msg.2011  0x00000000        0xb DRIVER_CAN.o
 .text          0x00000000        0x0 DRIVER_JOYSTICK.o
 .data          0x00000000        0x0 DRIVER_JOYSTICK.o
 .bss           0x00000000        0x0 DRIVER_JOYSTICK.o
 .text.joystick_getDirection
                0x00000000       0x40 DRIVER_JOYSTICK.o
 .text          0x00000000        0x0 DRIVER_MENU.o
 .data          0x00000000        0x0 DRIVER_MENU.o
 .bss           0x00000000        0x0 DRIVER_MENU.o
 .text.navigate
                0x00000000      0x258 DRIVER_MENU.o
 .text          0x00000000        0x0 DRIVER_OLED.o
 .data          0x00000000        0x0 DRIVER_OLED.o
 .bss           0x00000000        0x0 DRIVER_OLED.o
 .text.oled_wrc
                0x00000000        0xc DRIVER_OLED.o
 .text.oled_wrd
                0x00000000        0xc DRIVER_OLED.o
 .text.oled_clear_page
                0x00000000       0x22 DRIVER_OLED.o
 .text.oled_brightness
                0x00000000       0x18 DRIVER_OLED.o
 .text.oled_light_screen
                0x00000000       0x5a DRIVER_OLED.o
 .text.oled_animation_frame
                0x00000000       0x2a DRIVER_OLED.o
 .text.oled_animation
                0x00000000       0xa0 DRIVER_OLED.o
 .text          0x00000000        0x0 DRIVER_SLIDER.o
 .data          0x00000000        0x0 DRIVER_SLIDER.o
 .bss           0x00000000        0x0 DRIVER_SLIDER.o
 .text.slider_getPosition
                0x00000000       0xb8 DRIVER_SLIDER.o
 .text.slider_sendPositionButtonCan
                0x00000000       0x44 DRIVER_SLIDER.o
 .debug_info    0x00000000      0x1f5 DRIVER_SLIDER.o
 .debug_abbrev  0x00000000      0x12d DRIVER_SLIDER.o
 .debug_loc     0x00000000      0x1a2 DRIVER_SLIDER.o
 .debug_aranges
                0x00000000       0x28 DRIVER_SLIDER.o
 .debug_ranges  0x00000000       0x18 DRIVER_SLIDER.o
 .debug_line    0x00000000      0x165 DRIVER_SLIDER.o
 .debug_str     0x00000000      0x223 DRIVER_SLIDER.o
 .comment       0x00000000       0x31 DRIVER_SLIDER.o
 .debug_frame   0x00000000       0x54 DRIVER_SLIDER.o
 .text          0x00000000        0x0 DRIVER_SPI.o
 .data          0x00000000        0x0 DRIVER_SPI.o
 .bss           0x00000000        0x0 DRIVER_SPI.o
 .text          0x00000000        0x0 DRIVER_TIMER.o
 .data          0x00000000        0x0 DRIVER_TIMER.o
 .bss           0x00000000        0x0 DRIVER_TIMER.o
 .text          0x00000000        0x0 DRIVER_USART.o
 .data          0x00000000        0x0 DRIVER_USART.o
 .bss           0x00000000        0x0 DRIVER_USART.o
 .text.USART_receive
                0x00000000        0xa DRIVER_USART.o
 .text          0x00000000        0x0 DRIVER_XMEM.o
 .data          0x00000000        0x0 DRIVER_XMEM.o
 .bss           0x00000000        0x0 DRIVER_XMEM.o
 .rodata.str1.1
                0x00000000       0xe5 DRIVER_XMEM.o
 .text.SRAM_test
                0x00000000      0x106 DRIVER_XMEM.o
 .text          0x00000000        0x0 DRIVER_MCP2515.o
 .data          0x00000000        0x0 DRIVER_MCP2515.o
 .bss           0x00000000        0x0 DRIVER_MCP2515.o
 .text.mcp_read_status
                0x00000000       0x10 DRIVER_MCP2515.o
 .text.mcp_bit_modify
                0x00000000       0x30 DRIVER_MCP2515.o
 .text          0x00000000        0x0 main.o
 .data          0x00000000        0x0 main.o
 .bss           0x00000000        0x0 main.o
 .text          0x00000000        0x0 util.o
 .data          0x00000000        0x0 util.o
 .bss           0x00000000        0x0 util.o
 .text.util_swap
                0x00000000       0x1a util.o
 .text          0x00000000        0x0 c:/program files (x86)/atmel/studio/7.0/toolchain/avr8/avr8-gnu-toolchain/bin/../lib/gcc/avr/5.4.0/avr5\libgcc.a(_divmodhi4.o)
 .data          0x00000000        0x0 c:/program files (x86)/atmel/studio/7.0/toolchain/avr8/avr8-gnu-toolchain/bin/../lib/gcc/avr/5.4.0/avr5\libgcc.a(_divmodhi4.o)
 .bss           0x00000000        0x0 c:/program files (x86)/atmel/studio/7.0/toolchain/avr8/avr8-gnu-toolchain/bin/../lib/gcc/avr/5.4.0/avr5\libgcc.a(_divmodhi4.o)
 .text.libgcc.mul
                0x00000000        0x0 c:/program files (x86)/atmel/studio/7.0/toolchain/avr8/avr8-gnu-toolchain/bin/../lib/gcc/avr/5.4.0/avr5\libgcc.a(_divmodhi4.o)
 .text.libgcc   0x00000000        0x0 c:/program files (x86)/atmel/studio/7.0/toolchain/avr8/avr8-gnu-toolchain/bin/../lib/gcc/avr/5.4.0/avr5\libgcc.a(_divmodhi4.o)
 .text.libgcc.prologue
                0x00000000        0x0 c:/program files (x86)/atmel/studio/7.0/toolchain/avr8/avr8-gnu-toolchain/bin/../lib/gcc/avr/5.4.0/avr5\libgcc.a(_divmodhi4.o)
 .text.libgcc.builtins
                0x00000000        0x0 c:/program files (x86)/atmel/studio/7.0/toolchain/avr8/avr8-gnu-toolchain/bin/../lib/gcc/avr/5.4.0/avr5\libgcc.a(_divmodhi4.o)
 .text.libgcc.fmul
                0x00000000        0x0 c:/program files (x86)/atmel/studio/7.0/toolchain/avr8/avr8-gnu-toolchain/bin/../lib/gcc/avr/5.4.0/avr5\libgcc.a(_divmodhi4.o)
 .text.libgcc.fixed
                0x00000000        0x0 c:/program files (x86)/atmel/studio/7.0/toolchain/avr8/avr8-gnu-toolchain/bin/../lib/gcc/avr/5.4.0/avr5\libgcc.a(_divmodhi4.o)
 .text          0x00000000        0x0 c:/program files (x86)/atmel/studio/7.0/toolchain/avr8/avr8-gnu-toolchain/bin/../lib/gcc/avr/5.4.0/avr5\libgcc.a(_exit.o)
 .data          0x00000000        0x0 c:/program files (x86)/atmel/studio/7.0/toolchain/avr8/avr8-gnu-toolchain/bin/../lib/gcc/avr/5.4.0/avr5\libgcc.a(_exit.o)
 .bss           0x00000000        0x0 c:/program files (x86)/atmel/studio/7.0/toolchain/avr8/avr8-gnu-toolchain/bin/../lib/gcc/avr/5.4.0/avr5\libgcc.a(_exit.o)
 .text.libgcc.mul
                0x00000000        0x0 c:/program files (x86)/atmel/studio/7.0/toolchain/avr8/avr8-gnu-toolchain/bin/../lib/gcc/avr/5.4.0/avr5\libgcc.a(_exit.o)
 .text.libgcc.div
                0x00000000        0x0 c:/program files (x86)/atmel/studio/7.0/toolchain/avr8/avr8-gnu-toolchain/bin/../lib/gcc/avr/5.4.0/avr5\libgcc.a(_exit.o)
 .text.libgcc   0x00000000        0x0 c:/program files (x86)/atmel/studio/7.0/toolchain/avr8/avr8-gnu-toolchain/bin/../lib/gcc/avr/5.4.0/avr5\libgcc.a(_exit.o)
 .text.libgcc.prologue
                0x00000000        0x0 c:/program files (x86)/atmel/studio/7.0/toolchain/avr8/avr8-gnu-toolchain/bin/../lib/gcc/avr/5.4.0/avr5\libgcc.a(_exit.o)
 .text.libgcc.builtins
                0x00000000        0x0 c:/program files (x86)/atmel/studio/7.0/toolchain/avr8/avr8-gnu-toolchain/bin/../lib/gcc/avr/5.4.0/avr5\libgcc.a(_exit.o)
 .text.libgcc.fmul
                0x00000000        0x0 c:/program files (x86)/atmel/studio/7.0/toolchain/avr8/avr8-gnu-toolchain/bin/../lib/gcc/avr/5.4.0/avr5\libgcc.a(_exit.o)
 .text.libgcc.fixed
                0x00000000        0x0 c:/program files (x86)/atmel/studio/7.0/toolchain/avr8/avr8-gnu-toolchain/bin/../lib/gcc/avr/5.4.0/avr5\libgcc.a(_exit.o)
 .text          0x00000000        0x0 c:/program files (x86)/atmel/studio/7.0/toolchain/avr8/avr8-gnu-toolchain/bin/../lib/gcc/avr/5.4.0/avr5\libgcc.a(_copy_data.o)
 .data          0x00000000        0x0 c:/program files (x86)/atmel/studio/7.0/toolchain/avr8/avr8-gnu-toolchain/bin/../lib/gcc/avr/5.4.0/avr5\libgcc.a(_copy_data.o)
 .bss           0x00000000        0x0 c:/program files (x86)/atmel/studio/7.0/toolchain/avr8/avr8-gnu-toolchain/bin/../lib/gcc/avr/5.4.0/avr5\libgcc.a(_copy_data.o)
 .text.libgcc.mul
                0x00000000        0x0 c:/program files (x86)/atmel/studio/7.0/toolchain/avr8/avr8-gnu-toolchain/bin/../lib/gcc/avr/5.4.0/avr5\libgcc.a(_copy_data.o)
 .text.libgcc.div
                0x00000000        0x0 c:/program files (x86)/atmel/studio/7.0/toolchain/avr8/avr8-gnu-toolchain/bin/../lib/gcc/avr/5.4.0/avr5\libgcc.a(_copy_data.o)
 .text.libgcc   0x00000000        0x0 c:/program files (x86)/atmel/studio/7.0/toolchain/avr8/avr8-gnu-toolchain/bin/../lib/gcc/avr/5.4.0/avr5\libgcc.a(_copy_data.o)
 .text.libgcc.prologue
                0x00000000        0x0 c:/program files (x86)/atmel/studio/7.0/toolchain/avr8/avr8-gnu-toolchain/bin/../lib/gcc/avr/5.4.0/avr5\libgcc.a(_copy_data.o)
 .text.libgcc.builtins
                0x00000000        0x0 c:/program files (x86)/atmel/studio/7.0/toolchain/avr8/avr8-gnu-toolchain/bin/../lib/gcc/avr/5.4.0/avr5\libgcc.a(_copy_data.o)
 .text.libgcc.fmul
                0x00000000        0x0 c:/program files (x86)/atmel/studio/7.0/toolchain/avr8/avr8-gnu-toolchain/bin/../lib/gcc/avr/5.4.0/avr5\libgcc.a(_copy_data.o)
 .text.libgcc.fixed
                0x00000000        0x0 c:/program files (x86)/atmel/studio/7.0/toolchain/avr8/avr8-gnu-toolchain/bin/../lib/gcc/avr/5.4.0/avr5\libgcc.a(_copy_data.o)
 .text          0x00000000        0x0 c:/program files (x86)/atmel/studio/7.0/toolchain/avr8/avr8-gnu-toolchain/bin/../lib/gcc/avr/5.4.0/avr5\libgcc.a(_clear_bss.o)
 .data          0x00000000        0x0 c:/program files (x86)/atmel/studio/7.0/toolchain/avr8/avr8-gnu-toolchain/bin/../lib/gcc/avr/5.4.0/avr5\libgcc.a(_clear_bss.o)
 .bss           0x00000000        0x0 c:/program files (x86)/atmel/studio/7.0/toolchain/avr8/avr8-gnu-toolchain/bin/../lib/gcc/avr/5.4.0/avr5\libgcc.a(_clear_bss.o)
 .text.libgcc.mul
                0x00000000        0x0 c:/program files (x86)/atmel/studio/7.0/toolchain/avr8/avr8-gnu-toolchain/bin/../lib/gcc/avr/5.4.0/avr5\libgcc.a(_clear_bss.o)
 .text.libgcc.div
                0x00000000        0x0 c:/program files (x86)/atmel/studio/7.0/toolchain/avr8/avr8-gnu-toolchain/bin/../lib/gcc/avr/5.4.0/avr5\libgcc.a(_clear_bss.o)
 .text.libgcc   0x00000000        0x0 c:/program files (x86)/atmel/studio/7.0/toolchain/avr8/avr8-gnu-toolchain/bin/../lib/gcc/avr/5.4.0/avr5\libgcc.a(_clear_bss.o)
 .text.libgcc.prologue
                0x00000000        0x0 c:/program files (x86)/atmel/studio/7.0/toolchain/avr8/avr8-gnu-toolchain/bin/../lib/gcc/avr/5.4.0/avr5\libgcc.a(_clear_bss.o)
 .text.libgcc.builtins
                0x00000000        0x0 c:/program files (x86)/atmel/studio/7.0/toolchain/avr8/avr8-gnu-toolchain/bin/../lib/gcc/avr/5.4.0/avr5\libgcc.a(_clear_bss.o)
 .text.libgcc.fmul
                0x00000000        0x0 c:/program files (x86)/atmel/studio/7.0/toolchain/avr8/avr8-gnu-toolchain/bin/../lib/gcc/avr/5.4.0/avr5\libgcc.a(_clear_bss.o)
 .text.libgcc.fixed
                0x00000000        0x0 c:/program files (x86)/atmel/studio/7.0/toolchain/avr8/avr8-gnu-toolchain/bin/../lib/gcc/avr/5.4.0/avr5\libgcc.a(_clear_bss.o)
 .text          0x00000000        0x0 c:/program files (x86)/atmel/studio/7.0/toolchain/avr8/avr8-gnu-toolchain/bin/../lib/gcc/avr/5.4.0/avr5\libgcc.a(_udivmodhi4.o)
 .data          0x00000000        0x0 c:/program files (x86)/atmel/studio/7.0/toolchain/avr8/avr8-gnu-toolchain/bin/../lib/gcc/avr/5.4.0/avr5\libgcc.a(_udivmodhi4.o)
 .bss           0x00000000        0x0 c:/program files (x86)/atmel/studio/7.0/toolchain/avr8/avr8-gnu-toolchain/bin/../lib/gcc/avr/5.4.0/avr5\libgcc.a(_udivmodhi4.o)
 .text.libgcc.mul
                0x00000000        0x0 c:/program files (x86)/atmel/studio/7.0/toolchain/avr8/avr8-gnu-toolchain/bin/../lib/gcc/avr/5.4.0/avr5\libgcc.a(_udivmodhi4.o)
 .text.libgcc   0x00000000        0x0 c:/program files (x86)/atmel/studio/7.0/toolchain/avr8/avr8-gnu-toolchain/bin/../lib/gcc/avr/5.4.0/avr5\libgcc.a(_udivmodhi4.o)
 .text.libgcc.prologue
                0x00000000        0x0 c:/program files (x86)/atmel/studio/7.0/toolchain/avr8/avr8-gnu-toolchain/bin/../lib/gcc/avr/5.4.0/avr5\libgcc.a(_udivmodhi4.o)
 .text.libgcc.builtins
                0x00000000        0x0 c:/program files (x86)/atmel/studio/7.0/toolchain/avr8/avr8-gnu-toolchain/bin/../lib/gcc/avr/5.4.0/avr5\libgcc.a(_udivmodhi4.o)
 .text.libgcc.fmul
                0x00000000        0x0 c:/program files (x86)/atmel/studio/7.0/toolchain/avr8/avr8-gnu-toolchain/bin/../lib/gcc/avr/5.4.0/avr5\libgcc.a(_udivmodhi4.o)
 .text.libgcc.fixed
                0x00000000        0x0 c:/program files (x86)/atmel/studio/7.0/toolchain/avr8/avr8-gnu-toolchain/bin/../lib/gcc/avr/5.4.0/avr5\libgcc.a(_udivmodhi4.o)
 .text          0x00000000        0x0 c:/program files (x86)/atmel/studio/7.0/toolchain/avr8/avr8-gnu-toolchain/bin/../lib/gcc/avr/5.4.0/../../../../avr/lib/avr5\libc.a(malloc.o)
 .bss           0x00000000        0x0 c:/program files (x86)/atmel/studio/7.0/toolchain/avr8/avr8-gnu-toolchain/bin/../lib/gcc/avr/5.4.0/../../../../avr/lib/avr5\libc.a(malloc.o)
 .text          0x00000000        0x0 c:/program files (x86)/atmel/studio/7.0/toolchain/avr8/avr8-gnu-toolchain/bin/../lib/gcc/avr/5.4.0/../../../../avr/lib/avr5\libc.a(rand.o)
 .data          0x00000000        0x4 c:/program files (x86)/atmel/studio/7.0/toolchain/avr8/avr8-gnu-toolchain/bin/../lib/gcc/avr/5.4.0/../../../../avr/lib/avr5\libc.a(rand.o)
 .bss           0x00000000        0x0 c:/program files (x86)/atmel/studio/7.0/toolchain/avr8/avr8-gnu-toolchain/bin/../lib/gcc/avr/5.4.0/../../../../avr/lib/avr5\libc.a(rand.o)
 .text.avr-libc
                0x00000000       0xb8 c:/program files (x86)/atmel/studio/7.0/toolchain/avr8/avr8-gnu-toolchain/bin/../lib/gcc/avr/5.4.0/../../../../avr/lib/avr5\libc.a(rand.o)
 .comment       0x00000000       0x31 c:/program files (x86)/atmel/studio/7.0/toolchain/avr8/avr8-gnu-toolchain/bin/../lib/gcc/avr/5.4.0/../../../../avr/lib/avr5\libc.a(rand.o)
 .text          0x00000000        0x0 c:/program files (x86)/atmel/studio/7.0/toolchain/avr8/avr8-gnu-toolchain/bin/../lib/gcc/avr/5.4.0/../../../../avr/lib/avr5\libc.a(realloc.o)
 .data          0x00000000        0x0 c:/program files (x86)/atmel/studio/7.0/toolchain/avr8/avr8-gnu-toolchain/bin/../lib/gcc/avr/5.4.0/../../../../avr/lib/avr5\libc.a(realloc.o)
 .bss           0x00000000        0x0 c:/program files (x86)/atmel/studio/7.0/toolchain/avr8/avr8-gnu-toolchain/bin/../lib/gcc/avr/5.4.0/../../../../avr/lib/avr5\libc.a(realloc.o)
 .text          0x00000000        0x0 c:/program files (x86)/atmel/studio/7.0/toolchain/avr8/avr8-gnu-toolchain/bin/../lib/gcc/avr/5.4.0/../../../../avr/lib/avr5\libc.a(strcpy_P.o)
 .data          0x00000000        0x0 c:/program files (x86)/atmel/studio/7.0/toolchain/avr8/avr8-gnu-toolchain/bin/../lib/gcc/avr/5.4.0/../../../../avr/lib/avr5\libc.a(strcpy_P.o)
 .bss           0x00000000        0x0 c:/program files (x86)/atmel/studio/7.0/toolchain/avr8/avr8-gnu-toolchain/bin/../lib/gcc/avr/5.4.0/../../../../avr/lib/avr5\libc.a(strcpy_P.o)
 .text          0x00000000        0x0 c:/program files (x86)/atmel/studio/7.0/toolchain/avr8/avr8-gnu-toolchain/bin/../lib/gcc/avr/5.4.0/../../../../avr/lib/avr5\libc.a(memcpy.o)
 .data          0x00000000        0x0 c:/program files (x86)/atmel/studio/7.0/toolchain/avr8/avr8-gnu-toolchain/bin/../lib/gcc/avr/5.4.0/../../../../avr/lib/avr5\libc.a(memcpy.o)
 .bss           0x00000000        0x0 c:/program files (x86)/atmel/studio/7.0/toolchain/avr8/avr8-gnu-toolchain/bin/../lib/gcc/avr/5.4.0/../../../../avr/lib/avr5\libc.a(memcpy.o)
 .text          0x00000000        0x0 c:/program files (x86)/atmel/studio/7.0/toolchain/avr8/avr8-gnu-toolchain/bin/../lib/gcc/avr/5.4.0/../../../../avr/lib/avr5\libc.a(strcat.o)
 .data          0x00000000        0x0 c:/program files (x86)/atmel/studio/7.0/toolchain/avr8/avr8-gnu-toolchain/bin/../lib/gcc/avr/5.4.0/../../../../avr/lib/avr5\libc.a(strcat.o)
 .bss           0x00000000        0x0 c:/program files (x86)/atmel/studio/7.0/toolchain/avr8/avr8-gnu-toolchain/bin/../lib/gcc/avr/5.4.0/../../../../avr/lib/avr5\libc.a(strcat.o)
 .text          0x00000000        0x0 c:/program files (x86)/atmel/studio/7.0/toolchain/avr8/avr8-gnu-toolchain/bin/../lib/gcc/avr/5.4.0/../../../../avr/lib/avr5\libc.a(fdevopen.o)
 .data          0x00000000        0x0 c:/program files (x86)/atmel/studio/7.0/toolchain/avr8/avr8-gnu-toolchain/bin/../lib/gcc/avr/5.4.0/../../../../avr/lib/avr5\libc.a(fdevopen.o)
 .bss           0x00000000        0x0 c:/program files (x86)/atmel/studio/7.0/toolchain/avr8/avr8-gnu-toolchain/bin/../lib/gcc/avr/5.4.0/../../../../avr/lib/avr5\libc.a(fdevopen.o)
 .text          0x00000000        0x0 c:/program files (x86)/atmel/studio/7.0/toolchain/avr8/avr8-gnu-toolchain/bin/../lib/gcc/avr/5.4.0/../../../../avr/lib/avr5\libc.a(iob.o)
 .data          0x00000000        0x0 c:/program files (x86)/atmel/studio/7.0/toolchain/avr8/avr8-gnu-toolchain/bin/../lib/gcc/avr/5.4.0/../../../../avr/lib/avr5\libc.a(iob.o)
 .bss           0x00000000        0x0 c:/program files (x86)/atmel/studio/7.0/toolchain/avr8/avr8-gnu-toolchain/bin/../lib/gcc/avr/5.4.0/../../../../avr/lib/avr5\libc.a(iob.o)
 .text          0x00000000        0x0 c:/program files (x86)/atmel/studio/7.0/toolchain/avr8/avr8-gnu-toolchain/bin/../lib/gcc/avr/5.4.0/../../../../avr/lib/avr5\libc.a(printf.o)
 .data          0x00000000        0x0 c:/program files (x86)/atmel/studio/7.0/toolchain/avr8/avr8-gnu-toolchain/bin/../lib/gcc/avr/5.4.0/../../../../avr/lib/avr5\libc.a(printf.o)
 .bss           0x00000000        0x0 c:/program files (x86)/atmel/studio/7.0/toolchain/avr8/avr8-gnu-toolchain/bin/../lib/gcc/avr/5.4.0/../../../../avr/lib/avr5\libc.a(printf.o)
 .text          0x00000000        0x0 c:/program files (x86)/atmel/studio/7.0/toolchain/avr8/avr8-gnu-toolchain/bin/../lib/gcc/avr/5.4.0/../../../../avr/lib/avr5\libc.a(puts.o)
 .data          0x00000000        0x0 c:/program files (x86)/atmel/studio/7.0/toolchain/avr8/avr8-gnu-toolchain/bin/../lib/gcc/avr/5.4.0/../../../../avr/lib/avr5\libc.a(puts.o)
 .bss           0x00000000        0x0 c:/program files (x86)/atmel/studio/7.0/toolchain/avr8/avr8-gnu-toolchain/bin/../lib/gcc/avr/5.4.0/../../../../avr/lib/avr5\libc.a(puts.o)
 .text.avr-libc
                0x00000000       0x60 c:/program files (x86)/atmel/studio/7.0/toolchain/avr8/avr8-gnu-toolchain/bin/../lib/gcc/avr/5.4.0/../../../../avr/lib/avr5\libc.a(puts.o)
 .comment       0x00000000       0x31 c:/program files (x86)/atmel/studio/7.0/toolchain/avr8/avr8-gnu-toolchain/bin/../lib/gcc/avr/5.4.0/../../../../avr/lib/avr5\libc.a(puts.o)
 .text          0x00000000        0x0 c:/program files (x86)/atmel/studio/7.0/toolchain/avr8/avr8-gnu-toolchain/bin/../lib/gcc/avr/5.4.0/../../../../avr/lib/avr5\libc.a(vfprintf_std.o)
 .data          0x00000000        0x0 c:/program files (x86)/atmel/studio/7.0/toolchain/avr8/avr8-gnu-toolchain/bin/../lib/gcc/avr/5.4.0/../../../../avr/lib/avr5\libc.a(vfprintf_std.o)
 .bss           0x00000000        0x0 c:/program files (x86)/atmel/studio/7.0/toolchain/avr8/avr8-gnu-toolchain/bin/../lib/gcc/avr/5.4.0/../../../../avr/lib/avr5\libc.a(vfprintf_std.o)
 .text          0x00000000        0x0 c:/program files (x86)/atmel/studio/7.0/toolchain/avr8/avr8-gnu-toolchain/bin/../lib/gcc/avr/5.4.0/../../../../avr/lib/avr5\libc.a(calloc.o)
 .data          0x00000000        0x0 c:/program files (x86)/atmel/studio/7.0/toolchain/avr8/avr8-gnu-toolchain/bin/../lib/gcc/avr/5.4.0/../../../../avr/lib/avr5\libc.a(calloc.o)
 .bss           0x00000000        0x0 c:/program files (x86)/atmel/studio/7.0/toolchain/avr8/avr8-gnu-toolchain/bin/../lib/gcc/avr/5.4.0/../../../../avr/lib/avr5\libc.a(calloc.o)
 .text          0x00000000        0x0 c:/program files (x86)/atmel/studio/7.0/toolchain/avr8/avr8-gnu-toolchain/bin/../lib/gcc/avr/5.4.0/../../../../avr/lib/avr5\libc.a(strnlen_P.o)
 .data          0x00000000        0x0 c:/program files (x86)/atmel/studio/7.0/toolchain/avr8/avr8-gnu-toolchain/bin/../lib/gcc/avr/5.4.0/../../../../avr/lib/avr5\libc.a(strnlen_P.o)
 .bss           0x00000000        0x0 c:/program files (x86)/atmel/studio/7.0/toolchain/avr8/avr8-gnu-toolchain/bin/../lib/gcc/avr/5.4.0/../../../../avr/lib/avr5\libc.a(strnlen_P.o)
 .text          0x00000000        0x0 c:/program files (x86)/atmel/studio/7.0/toolchain/avr8/avr8-gnu-toolchain/bin/../lib/gcc/avr/5.4.0/../../../../avr/lib/avr5\libc.a(memset.o)
 .data          0x00000000        0x0 c:/program files (x86)/atmel/studio/7.0/toolchain/avr8/avr8-gnu-toolchain/bin/../lib/gcc/avr/5.4.0/../../../../avr/lib/avr5\libc.a(memset.o)
 .bss           0x00000000        0x0 c:/program files (x86)/atmel/studio/7.0/toolchain/avr8/avr8-gnu-toolchain/bin/../lib/gcc/avr/5.4.0/../../../../avr/lib/avr5\libc.a(memset.o)
 .text          0x00000000        0x0 c:/program files (x86)/atmel/studio/7.0/toolchain/avr8/avr8-gnu-toolchain/bin/../lib/gcc/avr/5.4.0/../../../../avr/lib/avr5\libc.a(strnlen.o)
 .data          0x00000000        0x0 c:/program files (x86)/atmel/studio/7.0/toolchain/avr8/avr8-gnu-toolchain/bin/../lib/gcc/avr/5.4.0/../../../../avr/lib/avr5\libc.a(strnlen.o)
 .bss           0x00000000        0x0 c:/program files (x86)/atmel/studio/7.0/toolchain/avr8/avr8-gnu-toolchain/bin/../lib/gcc/avr/5.4.0/../../../../avr/lib/avr5\libc.a(strnlen.o)
 .text          0x00000000        0x0 c:/program files (x86)/atmel/studio/7.0/toolchain/avr8/avr8-gnu-toolchain/bin/../lib/gcc/avr/5.4.0/../../../../avr/lib/avr5\libc.a(fputc.o)
 .data          0x00000000        0x0 c:/program files (x86)/atmel/studio/7.0/toolchain/avr8/avr8-gnu-toolchain/bin/../lib/gcc/avr/5.4.0/../../../../avr/lib/avr5\libc.a(fputc.o)
 .bss           0x00000000        0x0 c:/program files (x86)/atmel/studio/7.0/toolchain/avr8/avr8-gnu-toolchain/bin/../lib/gcc/avr/5.4.0/../../../../avr/lib/avr5\libc.a(fputc.o)
 .text          0x00000000        0x0 c:/program files (x86)/atmel/studio/7.0/toolchain/avr8/avr8-gnu-toolchain/bin/../lib/gcc/avr/5.4.0/../../../../avr/lib/avr5\libc.a(ultoa_invert.o)
 .data          0x00000000        0x0 c:/program files (x86)/atmel/studio/7.0/toolchain/avr8/avr8-gnu-toolchain/bin/../lib/gcc/avr/5.4.0/../../../../avr/lib/avr5\libc.a(ultoa_invert.o)
 .bss           0x00000000        0x0 c:/program files (x86)/atmel/studio/7.0/toolchain/avr8/avr8-gnu-toolchain/bin/../lib/gcc/avr/5.4.0/../../../../avr/lib/avr5\libc.a(ultoa_invert.o)
 .text          0x00000000        0x0 c:/program files (x86)/atmel/studio/7.0/toolchain/avr8/avr8-gnu-toolchain/bin/../lib/gcc/avr/5.4.0/avr5\libgcc.a(_divmodsi4.o)
 .data          0x00000000        0x0 c:/program files (x86)/atmel/studio/7.0/toolchain/avr8/avr8-gnu-toolchain/bin/../lib/gcc/avr/5.4.0/avr5\libgcc.a(_divmodsi4.o)
 .bss           0x00000000        0x0 c:/program files (x86)/atmel/studio/7.0/toolchain/avr8/avr8-gnu-toolchain/bin/../lib/gcc/avr/5.4.0/avr5\libgcc.a(_divmodsi4.o)
 .text.libgcc.mul
                0x00000000        0x0 c:/program files (x86)/atmel/studio/7.0/toolchain/avr8/avr8-gnu-toolchain/bin/../lib/gcc/avr/5.4.0/avr5\libgcc.a(_divmodsi4.o)
 .text.libgcc.div
                0x00000000       0x2e c:/program files (x86)/atmel/studio/7.0/toolchain/avr8/avr8-gnu-toolchain/bin/../lib/gcc/avr/5.4.0/avr5\libgcc.a(_divmodsi4.o)
 .text.libgcc   0x00000000        0x0 c:/program files (x86)/atmel/studio/7.0/toolchain/avr8/avr8-gnu-toolchain/bin/../lib/gcc/avr/5.4.0/avr5\libgcc.a(_divmodsi4.o)
 .text.libgcc.prologue
                0x00000000        0x0 c:/program files (x86)/atmel/studio/7.0/toolchain/avr8/avr8-gnu-toolchain/bin/../lib/gcc/avr/5.4.0/avr5\libgcc.a(_divmodsi4.o)
 .text.libgcc.builtins
                0x00000000        0x0 c:/program files (x86)/atmel/studio/7.0/toolchain/avr8/avr8-gnu-toolchain/bin/../lib/gcc/avr/5.4.0/avr5\libgcc.a(_divmodsi4.o)
 .text.libgcc.fmul
                0x00000000        0x0 c:/program files (x86)/atmel/studio/7.0/toolchain/avr8/avr8-gnu-toolchain/bin/../lib/gcc/avr/5.4.0/avr5\libgcc.a(_divmodsi4.o)
 .text.libgcc.fixed
                0x00000000        0x0 c:/program files (x86)/atmel/studio/7.0/toolchain/avr8/avr8-gnu-toolchain/bin/../lib/gcc/avr/5.4.0/avr5\libgcc.a(_divmodsi4.o)
 .text          0x00000000        0x0 c:/program files (x86)/atmel/studio/7.0/toolchain/avr8/avr8-gnu-toolchain/bin/../lib/gcc/avr/5.4.0/avr5\libgcc.a(_negsi2.o)
 .data          0x00000000        0x0 c:/program files (x86)/atmel/studio/7.0/toolchain/avr8/avr8-gnu-toolchain/bin/../lib/gcc/avr/5.4.0/avr5\libgcc.a(_negsi2.o)
 .bss           0x00000000        0x0 c:/program files (x86)/atmel/studio/7.0/toolchain/avr8/avr8-gnu-toolchain/bin/../lib/gcc/avr/5.4.0/avr5\libgcc.a(_negsi2.o)
 .text.libgcc.mul
                0x00000000        0x0 c:/program files (x86)/atmel/studio/7.0/toolchain/avr8/avr8-gnu-toolchain/bin/../lib/gcc/avr/5.4.0/avr5\libgcc.a(_negsi2.o)
 .text.libgcc.div
                0x00000000       0x10 c:/program files (x86)/atmel/studio/7.0/toolchain/avr8/avr8-gnu-toolchain/bin/../lib/gcc/avr/5.4.0/avr5\libgcc.a(_negsi2.o)
 .text.libgcc   0x00000000        0x0 c:/program files (x86)/atmel/studio/7.0/toolchain/avr8/avr8-gnu-toolchain/bin/../lib/gcc/avr/5.4.0/avr5\libgcc.a(_negsi2.o)
 .text.libgcc.prologue
                0x00000000        0x0 c:/program files (x86)/atmel/studio/7.0/toolchain/avr8/avr8-gnu-toolchain/bin/../lib/gcc/avr/5.4.0/avr5\libgcc.a(_negsi2.o)
 .text.libgcc.builtins
                0x00000000        0x0 c:/program files (x86)/atmel/studio/7.0/toolchain/avr8/avr8-gnu-toolchain/bin/../lib/gcc/avr/5.4.0/avr5\libgcc.a(_negsi2.o)
 .text.libgcc.fmul
                0x00000000        0x0 c:/program files (x86)/atmel/studio/7.0/toolchain/avr8/avr8-gnu-toolchain/bin/../lib/gcc/avr/5.4.0/avr5\libgcc.a(_negsi2.o)
 .text.libgcc.fixed
                0x00000000        0x0 c:/program files (x86)/atmel/studio/7.0/toolchain/avr8/avr8-gnu-toolchain/bin/../lib/gcc/avr/5.4.0/avr5\libgcc.a(_negsi2.o)
 .text          0x00000000        0x0 c:/program files (x86)/atmel/studio/7.0/toolchain/avr8/avr8-gnu-toolchain/bin/../lib/gcc/avr/5.4.0/avr5\libgcc.a(_muluhisi3.o)
 .data          0x00000000        0x0 c:/program files (x86)/atmel/studio/7.0/toolchain/avr8/avr8-gnu-toolchain/bin/../lib/gcc/avr/5.4.0/avr5\libgcc.a(_muluhisi3.o)
 .bss           0x00000000        0x0 c:/program files (x86)/atmel/studio/7.0/toolchain/avr8/avr8-gnu-toolchain/bin/../lib/gcc/avr/5.4.0/avr5\libgcc.a(_muluhisi3.o)
 .text.libgcc.mul
                0x00000000       0x16 c:/program files (x86)/atmel/studio/7.0/toolchain/avr8/avr8-gnu-toolchain/bin/../lib/gcc/avr/5.4.0/avr5\libgcc.a(_muluhisi3.o)
 .text.libgcc.div
                0x00000000        0x0 c:/program files (x86)/atmel/studio/7.0/toolchain/avr8/avr8-gnu-toolchain/bin/../lib/gcc/avr/5.4.0/avr5\libgcc.a(_muluhisi3.o)
 .text.libgcc   0x00000000        0x0 c:/program files (x86)/atmel/studio/7.0/toolchain/avr8/avr8-gnu-toolchain/bin/../lib/gcc/avr/5.4.0/avr5\libgcc.a(_muluhisi3.o)
 .text.libgcc.prologue
                0x00000000        0x0 c:/program files (x86)/atmel/studio/7.0/toolchain/avr8/avr8-gnu-toolchain/bin/../lib/gcc/avr/5.4.0/avr5\libgcc.a(_muluhisi3.o)
 .text.libgcc.builtins
                0x00000000        0x0 c:/program files (x86)/atmel/studio/7.0/toolchain/avr8/avr8-gnu-toolchain/bin/../lib/gcc/avr/5.4.0/avr5\libgcc.a(_muluhisi3.o)
 .text.libgcc.fmul
                0x00000000        0x0 c:/program files (x86)/atmel/studio/7.0/toolchain/avr8/avr8-gnu-toolchain/bin/../lib/gcc/avr/5.4.0/avr5\libgcc.a(_muluhisi3.o)
 .text.libgcc.fixed
                0x00000000        0x0 c:/program files (x86)/atmel/studio/7.0/toolchain/avr8/avr8-gnu-toolchain/bin/../lib/gcc/avr/5.4.0/avr5\libgcc.a(_muluhisi3.o)
 .text          0x00000000        0x0 c:/program files (x86)/atmel/studio/7.0/toolchain/avr8/avr8-gnu-toolchain/bin/../lib/gcc/avr/5.4.0/avr5\libgcc.a(_mulshisi3.o)
 .data          0x00000000        0x0 c:/program files (x86)/atmel/studio/7.0/toolchain/avr8/avr8-gnu-toolchain/bin/../lib/gcc/avr/5.4.0/avr5\libgcc.a(_mulshisi3.o)
 .bss           0x00000000        0x0 c:/program files (x86)/atmel/studio/7.0/toolchain/avr8/avr8-gnu-toolchain/bin/../lib/gcc/avr/5.4.0/avr5\libgcc.a(_mulshisi3.o)
 .text.libgcc.mul
                0x00000000       0x10 c:/program files (x86)/atmel/studio/7.0/toolchain/avr8/avr8-gnu-toolchain/bin/../lib/gcc/avr/5.4.0/avr5\libgcc.a(_mulshisi3.o)
 .text.libgcc.div
                0x00000000        0x0 c:/program files (x86)/atmel/studio/7.0/toolchain/avr8/avr8-gnu-toolchain/bin/../lib/gcc/avr/5.4.0/avr5\libgcc.a(_mulshisi3.o)
 .text.libgcc   0x00000000        0x0 c:/program files (x86)/atmel/studio/7.0/toolchain/avr8/avr8-gnu-toolchain/bin/../lib/gcc/avr/5.4.0/avr5\libgcc.a(_mulshisi3.o)
 .text.libgcc.prologue
                0x00000000        0x0 c:/program files (x86)/atmel/studio/7.0/toolchain/avr8/avr8-gnu-toolchain/bin/../lib/gcc/avr/5.4.0/avr5\libgcc.a(_mulshisi3.o)
 .text.libgcc.builtins
                0x00000000        0x0 c:/program files (x86)/atmel/studio/7.0/toolchain/avr8/avr8-gnu-toolchain/bin/../lib/gcc/avr/5.4.0/avr5\libgcc.a(_mulshisi3.o)
 .text.libgcc.fmul
                0x00000000        0x0 c:/program files (x86)/atmel/studio/7.0/toolchain/avr8/avr8-gnu-toolchain/bin/../lib/gcc/avr/5.4.0/avr5\libgcc.a(_mulshisi3.o)
 .text.libgcc.fixed
                0x00000000        0x0 c:/program files (x86)/atmel/studio/7.0/toolchain/avr8/avr8-gnu-toolchain/bin/../lib/gcc/avr/5.4.0/avr5\libgcc.a(_mulshisi3.o)
 .text          0x00000000        0x0 c:/program files (x86)/atmel/studio/7.0/toolchain/avr8/avr8-gnu-toolchain/bin/../lib/gcc/avr/5.4.0/avr5\libgcc.a(_prologue.o)
 .data          0x00000000        0x0 c:/program files (x86)/atmel/studio/7.0/toolchain/avr8/avr8-gnu-toolchain/bin/../lib/gcc/avr/5.4.0/avr5\libgcc.a(_prologue.o)
 .bss           0x00000000        0x0 c:/program files (x86)/atmel/studio/7.0/toolchain/avr8/avr8-gnu-toolchain/bin/../lib/gcc/avr/5.4.0/avr5\libgcc.a(_prologue.o)
 .text.libgcc.mul
                0x00000000        0x0 c:/program files (x86)/atmel/studio/7.0/toolchain/avr8/avr8-gnu-toolchain/bin/../lib/gcc/avr/5.4.0/avr5\libgcc.a(_prologue.o)
 .text.libgcc.div
                0x00000000        0x0 c:/program files (x86)/atmel/studio/7.0/toolchain/avr8/avr8-gnu-toolchain/bin/../lib/gcc/avr/5.4.0/avr5\libgcc.a(_prologue.o)
 .text.libgcc   0x00000000        0x0 c:/program files (x86)/atmel/studio/7.0/toolchain/avr8/avr8-gnu-toolchain/bin/../lib/gcc/avr/5.4.0/avr5\libgcc.a(_prologue.o)
 .text.libgcc.builtins
                0x00000000        0x0 c:/program files (x86)/atmel/studio/7.0/toolchain/avr8/avr8-gnu-toolchain/bin/../lib/gcc/avr/5.4.0/avr5\libgcc.a(_prologue.o)
 .text.libgcc.fmul
                0x00000000        0x0 c:/program files (x86)/atmel/studio/7.0/toolchain/avr8/avr8-gnu-toolchain/bin/../lib/gcc/avr/5.4.0/avr5\libgcc.a(_prologue.o)
 .text.libgcc.fixed
                0x00000000        0x0 c:/program files (x86)/atmel/studio/7.0/toolchain/avr8/avr8-gnu-toolchain/bin/../lib/gcc/avr/5.4.0/avr5\libgcc.a(_prologue.o)
 .text          0x00000000        0x0 c:/program files (x86)/atmel/studio/7.0/toolchain/avr8/avr8-gnu-toolchain/bin/../lib/gcc/avr/5.4.0/avr5\libgcc.a(_epilogue.o)
 .data          0x00000000        0x0 c:/program files (x86)/atmel/studio/7.0/toolchain/avr8/avr8-gnu-toolchain/bin/../lib/gcc/avr/5.4.0/avr5\libgcc.a(_epilogue.o)
 .bss           0x00000000        0x0 c:/program files (x86)/atmel/studio/7.0/toolchain/avr8/avr8-gnu-toolchain/bin/../lib/gcc/avr/5.4.0/avr5\libgcc.a(_epilogue.o)
 .text.libgcc.mul
                0x00000000        0x0 c:/program files (x86)/atmel/studio/7.0/toolchain/avr8/avr8-gnu-toolchain/bin/../lib/gcc/avr/5.4.0/avr5\libgcc.a(_epilogue.o)
 .text.libgcc.div
                0x00000000        0x0 c:/program files (x86)/atmel/studio/7.0/toolchain/avr8/avr8-gnu-toolchain/bin/../lib/gcc/avr/5.4.0/avr5\libgcc.a(_epilogue.o)
 .text.libgcc   0x00000000        0x0 c:/program files (x86)/atmel/studio/7.0/toolchain/avr8/avr8-gnu-toolchain/bin/../lib/gcc/avr/5.4.0/avr5\libgcc.a(_epilogue.o)
 .text.libgcc.builtins
                0x00000000        0x0 c:/program files (x86)/atmel/studio/7.0/toolchain/avr8/avr8-gnu-toolchain/bin/../lib/gcc/avr/5.4.0/avr5\libgcc.a(_epilogue.o)
 .text.libgcc.fmul
                0x00000000        0x0 c:/program files (x86)/atmel/studio/7.0/toolchain/avr8/avr8-gnu-toolchain/bin/../lib/gcc/avr/5.4.0/avr5\libgcc.a(_epilogue.o)
 .text.libgcc.fixed
                0x00000000        0x0 c:/program files (x86)/atmel/studio/7.0/toolchain/avr8/avr8-gnu-toolchain/bin/../lib/gcc/avr/5.4.0/avr5\libgcc.a(_epilogue.o)
 .text          0x00000000        0x0 c:/program files (x86)/atmel/studio/7.0/toolchain/avr8/avr8-gnu-toolchain/bin/../lib/gcc/avr/5.4.0/avr5\libgcc.a(_udivmodsi4.o)
 .data          0x00000000        0x0 c:/program files (x86)/atmel/studio/7.0/toolchain/avr8/avr8-gnu-toolchain/bin/../lib/gcc/avr/5.4.0/avr5\libgcc.a(_udivmodsi4.o)
 .bss           0x00000000        0x0 c:/program files (x86)/atmel/studio/7.0/toolchain/avr8/avr8-gnu-toolchain/bin/../lib/gcc/avr/5.4.0/avr5\libgcc.a(_udivmodsi4.o)
 .text.libgcc.mul
                0x00000000        0x0 c:/program files (x86)/atmel/studio/7.0/toolchain/avr8/avr8-gnu-toolchain/bin/../lib/gcc/avr/5.4.0/avr5\libgcc.a(_udivmodsi4.o)
 .text.libgcc.div
                0x00000000       0x44 c:/program files (x86)/atmel/studio/7.0/toolchain/avr8/avr8-gnu-toolchain/bin/../lib/gcc/avr/5.4.0/avr5\libgcc.a(_udivmodsi4.o)
 .text.libgcc   0x00000000        0x0 c:/program files (x86)/atmel/studio/7.0/toolchain/avr8/avr8-gnu-toolchain/bin/../lib/gcc/avr/5.4.0/avr5\libgcc.a(_udivmodsi4.o)
 .text.libgcc.prologue
                0x00000000        0x0 c:/program files (x86)/atmel/studio/7.0/toolchain/avr8/avr8-gnu-toolchain/bin/../lib/gcc/avr/5.4.0/avr5\libgcc.a(_udivmodsi4.o)
 .text.libgcc.builtins
                0x00000000        0x0 c:/program files (x86)/atmel/studio/7.0/toolchain/avr8/avr8-gnu-toolchain/bin/../lib/gcc/avr/5.4.0/avr5\libgcc.a(_udivmodsi4.o)
 .text.libgcc.fmul
                0x00000000        0x0 c:/program files (x86)/atmel/studio/7.0/toolchain/avr8/avr8-gnu-toolchain/bin/../lib/gcc/avr/5.4.0/avr5\libgcc.a(_udivmodsi4.o)
 .text.libgcc.fixed
                0x00000000        0x0 c:/program files (x86)/atmel/studio/7.0/toolchain/avr8/avr8-gnu-toolchain/bin/../lib/gcc/avr/5.4.0/avr5\libgcc.a(_udivmodsi4.o)
 .text          0x00000000        0x0 c:/program files (x86)/atmel/studio/7.0/toolchain/avr8/avr8-gnu-toolchain/bin/../lib/gcc/avr/5.4.0/avr5\libgcc.a(_umulhisi3.o)
 .data          0x00000000        0x0 c:/program files (x86)/atmel/studio/7.0/toolchain/avr8/avr8-gnu-toolchain/bin/../lib/gcc/avr/5.4.0/avr5\libgcc.a(_umulhisi3.o)
 .bss           0x00000000        0x0 c:/program files (x86)/atmel/studio/7.0/toolchain/avr8/avr8-gnu-toolchain/bin/../lib/gcc/avr/5.4.0/avr5\libgcc.a(_umulhisi3.o)
 .text.libgcc.mul
                0x00000000       0x1e c:/program files (x86)/atmel/studio/7.0/toolchain/avr8/avr8-gnu-toolchain/bin/../lib/gcc/avr/5.4.0/avr5\libgcc.a(_umulhisi3.o)
 .text.libgcc.div
                0x00000000        0x0 c:/program files (x86)/atmel/studio/7.0/toolchain/avr8/avr8-gnu-toolchain/bin/../lib/gcc/avr/5.4.0/avr5\libgcc.a(_umulhisi3.o)
 .text.libgcc   0x00000000        0x0 c:/program files (x86)/atmel/studio/7.0/toolchain/avr8/avr8-gnu-toolchain/bin/../lib/gcc/avr/5.4.0/avr5\libgcc.a(_umulhisi3.o)
 .text.libgcc.prologue
                0x00000000        0x0 c:/program files (x86)/atmel/studio/7.0/toolchain/avr8/avr8-gnu-toolchain/bin/../lib/gcc/avr/5.4.0/avr5\libgcc.a(_umulhisi3.o)
 .text.libgcc.builtins
                0x00000000        0x0 c:/program files (x86)/atmel/studio/7.0/toolchain/avr8/avr8-gnu-toolchain/bin/../lib/gcc/avr/5.4.0/avr5\libgcc.a(_umulhisi3.o)
 .text.libgcc.fmul
                0x00000000        0x0 c:/program files (x86)/atmel/studio/7.0/toolchain/avr8/avr8-gnu-toolchain/bin/../lib/gcc/avr/5.4.0/avr5\libgcc.a(_umulhisi3.o)
 .text.libgcc.fixed
                0x00000000        0x0 c:/program files (x86)/atmel/studio/7.0/toolchain/avr8/avr8-gnu-toolchain/bin/../lib/gcc/avr/5.4.0/avr5\libgcc.a(_umulhisi3.o)

Memory Configuration

Name             Origin             Length             Attributes
text             0x00000000         0x00020000         xr
data             0x00800060         0x0000ffa0         rw !x
eeprom           0x00810000         0x00010000         rw !x
fuse             0x00820000         0x00000003         rw !x
lock             0x00830000         0x00000400         rw !x
signature        0x00840000         0x00000400         rw !x
user_signatures  0x00850000         0x00000400         rw !x
*default*        0x00000000         0xffffffff

Linker script and memory map

Address of section .data set to 0x800100
LOAD c:/program files (x86)/atmel/studio/7.0/toolchain/avr8/avr8-gnu-toolchain/bin/../lib/gcc/avr/5.4.0/../../../../avr/lib/avr5/crtatmega162.o
LOAD DRIVER_ADC.o
LOAD DRIVER_CAN.o
LOAD DRIVER_JOYSTICK.o
LOAD DRIVER_MENU.o
LOAD DRIVER_OLED.o
LOAD DRIVER_SLIDER.o
LOAD DRIVER_SPI.o
LOAD DRIVER_TIMER.o
LOAD DRIVER_USART.o
LOAD DRIVER_XMEM.o
LOAD DRIVER_MCP2515.o
LOAD main.o
LOAD util.o
START GROUP
LOAD c:/program files (x86)/atmel/studio/7.0/toolchain/avr8/avr8-gnu-toolchain/bin/../lib/gcc/avr/5.4.0/../../../../avr/lib/avr5\libm.a
END GROUP
START GROUP
LOAD c:/program files (x86)/atmel/studio/7.0/toolchain/avr8/avr8-gnu-toolchain/bin/../lib/gcc/avr/5.4.0/avr5\libgcc.a
LOAD c:/program files (x86)/atmel/studio/7.0/toolchain/avr8/avr8-gnu-toolchain/bin/../lib/gcc/avr/5.4.0/../../../../avr/lib/avr5\libm.a
LOAD c:/program files (x86)/atmel/studio/7.0/toolchain/avr8/avr8-gnu-toolchain/bin/../lib/gcc/avr/5.4.0/../../../../avr/lib/avr5\libc.a
LOAD c:/program files (x86)/atmel/studio/7.0/toolchain/avr8/avr8-gnu-toolchain/bin/../lib/gcc/avr/5.4.0/../../../../avr/lib/avr5\libatmega162.a
END GROUP
                0x00020000                __TEXT_REGION_LENGTH__ = DEFINED (__TEXT_REGION_LENGTH__)?__TEXT_REGION_LENGTH__:0x20000
                0x0000ffa0                __DATA_REGION_LENGTH__ = DEFINED (__DATA_REGION_LENGTH__)?__DATA_REGION_LENGTH__:0xffa0
                0x00010000                __EEPROM_REGION_LENGTH__ = DEFINED (__EEPROM_REGION_LENGTH__)?__EEPROM_REGION_LENGTH__:0x10000
                [0x00000003]                __FUSE_REGION_LENGTH__ = DEFINED (__FUSE_REGION_LENGTH__)?__FUSE_REGION_LENGTH__:0x400
                0x00000400                __LOCK_REGION_LENGTH__ = DEFINED (__LOCK_REGION_LENGTH__)?__LOCK_REGION_LENGTH__:0x400
                0x00000400                __SIGNATURE_REGION_LENGTH__ = DEFINED (__SIGNATURE_REGION_LENGTH__)?__SIGNATURE_REGION_LENGTH__:0x400
                0x00000400                __USER_SIGNATURE_REGION_LENGTH__ = DEFINED (__USER_SIGNATURE_REGION_LENGTH__)?__USER_SIGNATURE_REGION_LENGTH__:0x400

.hash
 *(.hash)

.dynsym
 *(.dynsym)

.dynstr
 *(.dynstr)

.gnu.version
 *(.gnu.version)

.gnu.version_d
 *(.gnu.version_d)

.gnu.version_r
 *(.gnu.version_r)

.rel.init
 *(.rel.init)

.rela.init
 *(.rela.init)

.rel.text
 *(.rel.text)
 *(.rel.text.*)
 *(.rel.gnu.linkonce.t*)

.rela.text
 *(.rela.text)
 *(.rela.text.*)
 *(.rela.gnu.linkonce.t*)

.rel.fini
 *(.rel.fini)

.rela.fini
 *(.rela.fini)

.rel.rodata
 *(.rel.rodata)
 *(.rel.rodata.*)
 *(.rel.gnu.linkonce.r*)

.rela.rodata
 *(.rela.rodata)
 *(.rela.rodata.*)
 *(.rela.gnu.linkonce.r*)

.rel.data
 *(.rel.data)
 *(.rel.data.*)
 *(.rel.gnu.linkonce.d*)

.rela.data
 *(.rela.data)
 *(.rela.data.*)
 *(.rela.gnu.linkonce.d*)

.rel.ctors
 *(.rel.ctors)

.rela.ctors
 *(.rela.ctors)

.rel.dtors
 *(.rel.dtors)

.rela.dtors
 *(.rela.dtors)

.rel.got
 *(.rel.got)

.rela.got
 *(.rela.got)

.rel.bss
 *(.rel.bss)

.rela.bss
 *(.rela.bss)

.rel.plt
 *(.rel.plt)

.rela.plt
 *(.rela.plt)

.text           0x00000000     0x26ba
 *(.vectors)
 .vectors       0x00000000       0x70 c:/program files (x86)/atmel/studio/7.0/toolchain/avr8/avr8-gnu-toolchain/bin/../lib/gcc/avr/5.4.0/../../../../avr/lib/avr5/crtatmega162.o
                0x00000000                __vector_default
                0x00000000                __vectors
 *(.vectors)
 *(.progmem.gcc*)
                0x00000070                . = ALIGN (0x2)
                0x00000070                __trampolines_start = .
 *(.trampolines)
 .trampolines   0x00000070        0x0 linker stubs
 *(.trampolines*)
                0x00000070                __trampolines_end = .
 *libprintf_flt.a:*(.progmem.data)
 *libc.a:*(.progmem.data)
 *(.progmem*)
 .progmem.data.table
                0x00000070       0x90 DRIVER_MENU.o
                0x00000070                table
 .progmem.data.calibrate_8
                0x00000100        0x1 DRIVER_MENU.o
                0x00000100                calibrate_8
 .progmem.data.calibrate_7
                0x00000101        0x1 DRIVER_MENU.o
                0x00000101                calibrate_7
 .progmem.data.calibrate_6
                0x00000102        0xf DRIVER_MENU.o
                0x00000102                calibrate_6
 .progmem.data.calibrate_5
                0x00000111        0xd DRIVER_MENU.o
                0x00000111                calibrate_5
 .progmem.data.calibrate_4
                0x0000011e        0x1 DRIVER_MENU.o
                0x0000011e                calibrate_4
 .progmem.data.calibrate_3
                0x0000011f        0xc DRIVER_MENU.o
                0x0000011f                calibrate_3
 .progmem.data.calibrate_2
                0x0000012b        0x1 DRIVER_MENU.o
                0x0000012b                calibrate_2
 .progmem.data.calibrate_1
                0x0000012c        0x1 DRIVER_MENU.o
                0x0000012c                calibrate_1
 .progmem.data.slider_8
                0x0000012d        0x1 DRIVER_MENU.o
                0x0000012d                slider_8
 .progmem.data.slider_7
                0x0000012e        0x1 DRIVER_MENU.o
                0x0000012e                slider_7
 .progmem.data.slider_6
                0x0000012f        0x1 DRIVER_MENU.o
                0x0000012f                slider_6
 .progmem.data.slider_5
                0x00000130        0x1 DRIVER_MENU.o
                0x00000130                slider_5
 .progmem.data.slider_4
                0x00000131        0x7 DRIVER_MENU.o
                0x00000131                slider_4
 .progmem.data.slider_3
                0x00000138        0x7 DRIVER_MENU.o
                0x00000138                slider_3
 .progmem.data.slider_2
                0x0000013f        0x1 DRIVER_MENU.o
                0x0000013f                slider_2
 .progmem.data.slider_1
                0x00000140        0x1 DRIVER_MENU.o
                0x00000140                slider_1
 .progmem.data.joystick_8
                0x00000141        0x1 DRIVER_MENU.o
                0x00000141                joystick_8
 .progmem.data.joystick_7
                0x00000142        0x1 DRIVER_MENU.o
                0x00000142                joystick_7
 .progmem.data.joystick_6
                0x00000143        0x1 DRIVER_MENU.o
                0x00000143                joystick_6
 .progmem.data.joystick_5
                0x00000144        0x1 DRIVER_MENU.o
                0x00000144                joystick_5
 .progmem.data.joystick_4
                0x00000145        0x7 DRIVER_MENU.o
                0x00000145                joystick_4
 .progmem.data.joystick_3
                0x0000014c        0x9 DRIVER_MENU.o
                0x0000014c                joystick_3
 .progmem.data.joystick_2
                0x00000155        0x1 DRIVER_MENU.o
                0x00000155                joystick_2
 .progmem.data.joystick_1
                0x00000156        0x1 DRIVER_MENU.o
                0x00000156                joystick_1
 .progmem.data.controllerP_8
                0x00000157        0x1 DRIVER_MENU.o
                0x00000157                controllerP_8
 .progmem.data.controllerP_7
                0x00000158        0x1 DRIVER_MENU.o
                0x00000158                controllerP_7
 .progmem.data.controllerP_6
                0x00000159        0x1 DRIVER_MENU.o
                0x00000159                controllerP_6
 .progmem.data.controllerP_5
                0x0000015a        0x1 DRIVER_MENU.o
                0x0000015a                controllerP_5
 .progmem.data.controllerP_4
                0x0000015b        0x9 DRIVER_MENU.o
                0x0000015b                controllerP_4
 .progmem.data.controllerP_3
                0x00000164        0xb DRIVER_MENU.o
                0x00000164                controllerP_3
 .progmem.data.controllerP_2
                0x0000016f        0x1 DRIVER_MENU.o
                0x0000016f                controllerP_2
 .progmem.data.controllerP_1
                0x00000170        0x1 DRIVER_MENU.o
                0x00000170                controllerP_1
 .progmem.data.controller_8
                0x00000171        0x1 DRIVER_MENU.o
                0x00000171                controller_8
 .progmem.data.controller_7
                0x00000172        0x1 DRIVER_MENU.o
                0x00000172                controller_7
 .progmem.data.controller_6
                0x00000173        0x1 DRIVER_MENU.o
                0x00000173                controller_6
 .progmem.data.controller_5
                0x00000174        0x1 DRIVER_MENU.o
                0x00000174                controller_5
 .progmem.data.controller_4
                0x00000175        0x7 DRIVER_MENU.o
                0x00000175                controller_4
 .progmem.data.controller_3
                0x0000017c        0x9 DRIVER_MENU.o
                0x0000017c                controller_3
 .progmem.data.controller_2
                0x00000185        0x1 DRIVER_MENU.o
                0x00000185                controller_2
 .progmem.data.controller_1
                0x00000186        0xb DRIVER_MENU.o
                0x00000186                controller_1
 .progmem.data.p2_8
                0x00000191        0x1 DRIVER_MENU.o
                0x00000191                p2_8
 .progmem.data.p2_7
                0x00000192        0x1 DRIVER_MENU.o
                0x00000192                p2_7
 .progmem.data.p2_6
                0x00000193        0x1 DRIVER_MENU.o
                0x00000193                p2_6
 .progmem.data.p2_5
                0x00000194        0x1 DRIVER_MENU.o
                0x00000194                p2_5
 .progmem.data.p2_4
                0x00000195        0x1 DRIVER_MENU.o
                0x00000195                p2_4
 .progmem.data.p2_3
                0x00000196        0x5 DRIVER_MENU.o
                0x00000196                p2_3
 .progmem.data.p2_2
                0x0000019b        0xd DRIVER_MENU.o
                0x0000019b                p2_2
 .progmem.data.p2_1
                0x000001a8        0x1 DRIVER_MENU.o
                0x000001a8                p2_1
 .progmem.data.p1_8
                0x000001a9        0x1 DRIVER_MENU.o
                0x000001a9                p1_8
 .progmem.data.p1_7
                0x000001aa        0x1 DRIVER_MENU.o
                0x000001aa                p1_7
 .progmem.data.p1_6
                0x000001ab        0xd DRIVER_MENU.o
                0x000001ab                p1_6
 .progmem.data.p1_5
                0x000001b8        0xc DRIVER_MENU.o
                0x000001b8                p1_5
 .progmem.data.p1_4
                0x000001c4        0xc DRIVER_MENU.o
                0x000001c4                p1_4
 .progmem.data.p1_3
                0x000001d0        0xb DRIVER_MENU.o
                0x000001d0                p1_3
 .progmem.data.p1_2
                0x000001db        0x1 DRIVER_MENU.o
                0x000001db                p1_2
 .progmem.data.p1_1
                0x000001dc        0x1 DRIVER_MENU.o
                0x000001dc                p1_1
 .progmem.data.mainP_8
                0x000001dd        0x1 DRIVER_MENU.o
                0x000001dd                mainP_8
 .progmem.data.mainP_7
                0x000001de        0x1 DRIVER_MENU.o
                0x000001de                mainP_7
 .progmem.data.mainP_6
                0x000001df        0xc DRIVER_MENU.o
                0x000001df                mainP_6
 .progmem.data.mainP_5
                0x000001eb        0xd DRIVER_MENU.o
                0x000001eb                mainP_5
 .progmem.data.mainP_4
                0x000001f8        0xa DRIVER_MENU.o
                0x000001f8                mainP_4
 .progmem.data.mainP_3
                0x00000202        0xa DRIVER_MENU.o
                0x00000202                mainP_3
 .progmem.data.mainP_2
                0x0000020c        0x1 DRIVER_MENU.o
                0x0000020c                mainP_2
 .progmem.data.mainP_1
                0x0000020d        0x1 DRIVER_MENU.o
                0x0000020d                mainP_1
 .progmem.data.main_8
                0x0000020e        0x1 DRIVER_MENU.o
                0x0000020e                main_8
 .progmem.data.main_7
                0x0000020f        0x1 DRIVER_MENU.o
                0x0000020f                main_7
 .progmem.data.main_6
                0x00000210        0xa DRIVER_MENU.o
                0x00000210                main_6
 .progmem.data.main_5
                0x0000021a        0xb DRIVER_MENU.o
                0x0000021a                main_5
 .progmem.data.main_4
                0x00000225        0x8 DRIVER_MENU.o
                0x00000225                main_4
 .progmem.data.main_3
                0x0000022d        0x8 DRIVER_MENU.o
                0x0000022d                main_3
 .progmem.data.main_2
                0x00000235        0x1 DRIVER_MENU.o
                0x00000235                main_2
 .progmem.data.main_1
                0x00000236        0x9 DRIVER_MENU.o
                0x00000236                main_1
 .progmem.data.font_animation
                0x0000023f      0x2f8 DRIVER_OLED.o
                0x0000023f                font_animation
 .progmem.data.font4
                0x00000537      0x17c DRIVER_OLED.o
                0x00000537                font4
 .progmem.data.font6
                0x000006b3      0x23a DRIVER_OLED.o
                0x000006b3                font6
 .progmem.data.font8
                0x000008ed      0x2f8 DRIVER_OLED.o
                0x000008ed                font8
                0x00000be6                . = ALIGN (0x2)
 *fill*         0x00000be5        0x1 
 *(.jumptables)
 *(.jumptables*)
 *(.lowtext)
 *(.lowtext*)
                0x00000be6                __ctors_start = .
 *(.ctors)
                0x00000be6                __ctors_end = .
                0x00000be6                __dtors_start = .
 *(.dtors)
                0x00000be6                __dtors_end = .
 SORT(*)(.ctors)
 SORT(*)(.dtors)
 *(.init0)
 .init0         0x00000be6        0x0 c:/program files (x86)/atmel/studio/7.0/toolchain/avr8/avr8-gnu-toolchain/bin/../lib/gcc/avr/5.4.0/../../../../avr/lib/avr5/crtatmega162.o
                0x00000be6                __init
 *(.init0)
 *(.init1)
 *(.init1)
 *(.init2)
 .init2         0x00000be6        0xc c:/program files (x86)/atmel/studio/7.0/toolchain/avr8/avr8-gnu-toolchain/bin/../lib/gcc/avr/5.4.0/../../../../avr/lib/avr5/crtatmega162.o
 *(.init2)
 *(.init3)
 *(.init3)
 *(.init4)
 .init4         0x00000bf2       0x16 c:/program files (x86)/atmel/studio/7.0/toolchain/avr8/avr8-gnu-toolchain/bin/../lib/gcc/avr/5.4.0/avr5\libgcc.a(_copy_data.o)
                0x00000bf2                __do_copy_data
 .init4         0x00000c08       0x10 c:/program files (x86)/atmel/studio/7.0/toolchain/avr8/avr8-gnu-toolchain/bin/../lib/gcc/avr/5.4.0/avr5\libgcc.a(_clear_bss.o)
                0x00000c08                __do_clear_bss
 *(.init4)
 *(.init5)
 *(.init5)
 *(.init6)
 *(.init6)
 *(.init7)
 *(.init7)
 *(.init8)
 *(.init8)
 *(.init9)
 .init9         0x00000c18        0x8 c:/program files (x86)/atmel/studio/7.0/toolchain/avr8/avr8-gnu-toolchain/bin/../lib/gcc/avr/5.4.0/../../../../avr/lib/avr5/crtatmega162.o
 *(.init9)
 *(.text)
 .text          0x00000c20        0x4 c:/program files (x86)/atmel/studio/7.0/toolchain/avr8/avr8-gnu-toolchain/bin/../lib/gcc/avr/5.4.0/../../../../avr/lib/avr5/crtatmega162.o
                0x00000c20                __vector_22
                0x00000c20                __vector_1
                0x00000c20                __vector_24
                0x00000c20                __vector_12
                0x00000c20                __bad_interrupt
                0x00000c20                __vector_6
                0x00000c20                __vector_3
                0x00000c20                __vector_23
                0x00000c20                __vector_25
                0x00000c20                __vector_11
                0x00000c20                __vector_13
                0x00000c20                __vector_17
                0x00000c20                __vector_19
                0x00000c20                __vector_7
                0x00000c20                __vector_27
                0x00000c20                __vector_5
                0x00000c20                __vector_4
                0x00000c20                __vector_9
                0x00000c20                __vector_2
                0x00000c20                __vector_21
                0x00000c20                __vector_15
                0x00000c20                __vector_8
                0x00000c20                __vector_26
                0x00000c20                __vector_14
                0x00000c20                __vector_10
                0x00000c20                __vector_18
                0x00000c20                __vector_20
                0x00000c24                . = ALIGN (0x2)
 *(.text.*)
 .text.clock_init
                0x00000c24       0x2e DRIVER_ADC.o
                0x00000c24                clock_init
 .text.adc_init
                0x00000c52        0x6 DRIVER_ADC.o
                0x00000c52                adc_init
 .text.adc_read
                0x00000c58       0x32 DRIVER_ADC.o
                0x00000c58                adc_read
 .text.can_init
                0x00000c8a       0x44 DRIVER_CAN.o
                0x00000c8a                can_init
 .text.can_send_message
                0x00000cce       0x72 DRIVER_CAN.o
                0x00000cce                can_send_message
 .text.joystick_calibrate
                0x00000d40       0xa0 DRIVER_JOYSTICK.o
                0x00000d40                joystick_calibrate
 .text.joystick_getPosition
                0x00000de0       0xec DRIVER_JOYSTICK.o
                0x00000de0                joystick_getPosition
 .text.joystick_sendPositionButtonCan
                0x00000ecc       0x5c DRIVER_JOYSTICK.o
                0x00000ecc                joystick_sendPositionButtonCan
 .text.f_2player
                0x00000f28       0x70 DRIVER_MENU.o
                0x00000f28                f_2player
 .text.f_controller
                0x00000f98       0x92 DRIVER_MENU.o
                0x00000f98                f_controller
 .text.f_1player
                0x0000102a       0x8a DRIVER_MENU.o
                0x0000102a                f_1player
 .text.f_joystick
                0x000010b4       0xac DRIVER_MENU.o
                0x000010b4                f_joystick
 .text.f_slider
                0x00001160       0xac DRIVER_MENU.o
                0x00001160                f_slider
 .text.f_calibrate
                0x0000120c       0xac DRIVER_MENU.o
                0x0000120c                f_calibrate
 .text.Menu_new_submenu
                0x000012b8       0x9a DRIVER_MENU.o
                0x000012b8                Menu_new_submenu
 .text.menu_init
                0x00001352      0x136 DRIVER_MENU.o
                0x00001352                menu_init
 .text.oled_mode
                0x00001488       0x18 DRIVER_OLED.o
                0x00001488                oled_mode
 .text.oled_goto_page
                0x000014a0       0x30 DRIVER_OLED.o
                0x000014a0                oled_goto_page
 .text.oled_goto_col
                0x000014d0       0x42 DRIVER_OLED.o
                0x000014d0                oled_goto_col
 .text.oled_goto_pos
                0x00001512       0x12 DRIVER_OLED.o
                0x00001512                oled_goto_pos
 .text.oled_home
                0x00001524        0xa DRIVER_OLED.o
                0x00001524                oled_home
 .text.oled_clear_screen
                0x0000152e       0x56 DRIVER_OLED.o
                0x0000152e                oled_clear_screen
 .text.oled_reset
                0x00001584       0x10 DRIVER_OLED.o
                0x00001584                oled_reset
 .text.oled_write_char
                0x00001594      0x18a DRIVER_OLED.o
                0x00001594                oled_write_char
 .text.oled_print
                0x0000171e       0x54 DRIVER_OLED.o
                0x0000171e                oled_print
 .text.oled_center_print
                0x00001772       0x46 DRIVER_OLED.o
                0x00001772                oled_center_print
 .text.oled_arrow
                0x000017b8       0x42 DRIVER_OLED.o
                0x000017b8                oled_arrow
 .text.oled_init
                0x000017fa      0x114 DRIVER_OLED.o
                0x000017fa                oled_init
 .text.spi_init
                0x0000190e       0x10 DRIVER_SPI.o
                0x0000190e                spi_init
 .text.spi_send
                0x0000191e        0x8 DRIVER_SPI.o
                0x0000191e                spi_send
 .text.spi_read
                0x00001926        0xc DRIVER_SPI.o
                0x00001926                spi_read
 .text.timer_init
                0x00001932       0x22 DRIVER_TIMER.o
                0x00001932                timer_init
 .text.__vector_16
                0x00001954       0xd0 DRIVER_TIMER.o
                0x00001954                __vector_16
 .text.USART_Init
                0x00001a24       0x1a DRIVER_USART.o
                0x00001a24                USART_Init
 .text.USART_Transmit
                0x00001a3e        0x8 DRIVER_USART.o
                0x00001a3e                USART_Transmit
 .text.USART_PUTCHAR
                0x00001a46        0xa DRIVER_USART.o
                0x00001a46                USART_PUTCHAR
 .text.xmem_init
                0x00001a50        0xe DRIVER_XMEM.o
                0x00001a50                xmem_init
 .text.xmem_write
                0x00001a5e        0x8 DRIVER_XMEM.o
                0x00001a5e                xmem_write
 .text.xmem_read
                0x00001a66        0x8 DRIVER_XMEM.o
                0x00001a66                xmem_read
 .text.mcp_read
                0x00001a6e       0x1c DRIVER_MCP2515.o
                0x00001a6e                mcp_read
 .text.mcp_write
                0x00001a8a       0x24 DRIVER_MCP2515.o
                0x00001a8a                mcp_write
 .text.mcp_req_to_send
                0x00001aae        0xa DRIVER_MCP2515.o
                0x00001aae                mcp_req_to_send
 .text.mcp_reset
                0x00001ab8       0x18 DRIVER_MCP2515.o
                0x00001ab8                mcp_reset
 .text.mcp_init
                0x00001ad0       0x3c DRIVER_MCP2515.o
                0x00001ad0                mcp_init
 .text.main     0x00001b0c       0x36 main.o
                0x00001b0c                main
 .text.util_sort
                0x00001b42       0x58 util.o
                0x00001b42                util_sort
 .text.util_median
                0x00001b9a       0x30 util.o
                0x00001b9a                util_median
 .text.libgcc.div
                0x00001bca       0x28 c:/program files (x86)/atmel/studio/7.0/toolchain/avr8/avr8-gnu-toolchain/bin/../lib/gcc/avr/5.4.0/avr5\libgcc.a(_divmodhi4.o)
                0x00001bca                _div
                0x00001bca                __divmodhi4
 .text.libgcc.div
                0x00001bf2       0x28 c:/program files (x86)/atmel/studio/7.0/toolchain/avr8/avr8-gnu-toolchain/bin/../lib/gcc/avr/5.4.0/avr5\libgcc.a(_udivmodhi4.o)
                0x00001bf2                __udivmodhi4
 .text.avr-libc
                0x00001c1a      0x242 c:/program files (x86)/atmel/studio/7.0/toolchain/avr8/avr8-gnu-toolchain/bin/../lib/gcc/avr/5.4.0/../../../../avr/lib/avr5\libc.a(malloc.o)
                0x00001c1a                malloc
                0x00001d4a                free
 .text.avr-libc
                0x00001e5c      0x18c c:/program files (x86)/atmel/studio/7.0/toolchain/avr8/avr8-gnu-toolchain/bin/../lib/gcc/avr/5.4.0/../../../../avr/lib/avr5\libc.a(realloc.o)
                0x00001e5c                realloc
 .text.avr-libc
                0x00001fe8        0xe c:/program files (x86)/atmel/studio/7.0/toolchain/avr8/avr8-gnu-toolchain/bin/../lib/gcc/avr/5.4.0/../../../../avr/lib/avr5\libc.a(strcpy_P.o)
                0x00001fe8                strcpy_P
 .text.avr-libc
                0x00001ff6       0x12 c:/program files (x86)/atmel/studio/7.0/toolchain/avr8/avr8-gnu-toolchain/bin/../lib/gcc/avr/5.4.0/../../../../avr/lib/avr5\libc.a(memcpy.o)
                0x00001ff6                memcpy
 .text.avr-libc
                0x00002008       0x16 c:/program files (x86)/atmel/studio/7.0/toolchain/avr8/avr8-gnu-toolchain/bin/../lib/gcc/avr/5.4.0/../../../../avr/lib/avr5\libc.a(strcat.o)
                0x00002008                strcat
 .text.avr-libc
                0x0000201e       0x96 c:/program files (x86)/atmel/studio/7.0/toolchain/avr8/avr8-gnu-toolchain/bin/../lib/gcc/avr/5.4.0/../../../../avr/lib/avr5\libc.a(fdevopen.o)
                0x0000201e                fdevopen
 .text.avr-libc
                0x000020b4       0x2c c:/program files (x86)/atmel/studio/7.0/toolchain/avr8/avr8-gnu-toolchain/bin/../lib/gcc/avr/5.4.0/../../../../avr/lib/avr5\libc.a(printf.o)
                0x000020b4                printf
 .text.avr-libc
                0x000020e0      0x3c2 c:/program files (x86)/atmel/studio/7.0/toolchain/avr8/avr8-gnu-toolchain/bin/../lib/gcc/avr/5.4.0/../../../../avr/lib/avr5\libc.a(vfprintf_std.o)
                0x000020e0                vfprintf
 .text.avr-libc
                0x000024a2       0x38 c:/program files (x86)/atmel/studio/7.0/toolchain/avr8/avr8-gnu-toolchain/bin/../lib/gcc/avr/5.4.0/../../../../avr/lib/avr5\libc.a(calloc.o)
                0x000024a2                calloc
 .text.avr-libc
                0x000024da       0x16 c:/program files (x86)/atmel/studio/7.0/toolchain/avr8/avr8-gnu-toolchain/bin/../lib/gcc/avr/5.4.0/../../../../avr/lib/avr5\libc.a(strnlen_P.o)
                0x000024da                strnlen_P
 .text.avr-libc
                0x000024f0        0xe c:/program files (x86)/atmel/studio/7.0/toolchain/avr8/avr8-gnu-toolchain/bin/../lib/gcc/avr/5.4.0/../../../../avr/lib/avr5\libc.a(memset.o)
                0x000024f0                memset
 .text.avr-libc
                0x000024fe       0x16 c:/program files (x86)/atmel/studio/7.0/toolchain/avr8/avr8-gnu-toolchain/bin/../lib/gcc/avr/5.4.0/../../../../avr/lib/avr5\libc.a(strnlen.o)
                0x000024fe                strnlen
 .text.avr-libc
                0x00002514       0x78 c:/program files (x86)/atmel/studio/7.0/toolchain/avr8/avr8-gnu-toolchain/bin/../lib/gcc/avr/5.4.0/../../../../avr/lib/avr5\libc.a(fputc.o)
                0x00002514                fputc
 .text.avr-libc
                0x0000258c       0xbc c:/program files (x86)/atmel/studio/7.0/toolchain/avr8/avr8-gnu-toolchain/bin/../lib/gcc/avr/5.4.0/../../../../avr/lib/avr5\libc.a(ultoa_invert.o)
                0x0000258c                __ultoa_invert
 .text.libgcc.prologue
                0x00002648       0x38 c:/program files (x86)/atmel/studio/7.0/toolchain/avr8/avr8-gnu-toolchain/bin/../lib/gcc/avr/5.4.0/avr5\libgcc.a(_prologue.o)
                0x00002648                __prologue_saves__
 .text.libgcc.prologue
                0x00002680       0x36 c:/program files (x86)/atmel/studio/7.0/toolchain/avr8/avr8-gnu-toolchain/bin/../lib/gcc/avr/5.4.0/avr5\libgcc.a(_epilogue.o)
                0x00002680                __epilogue_restores__
                0x000026b6                . = ALIGN (0x2)
 *(.fini9)
 .fini9         0x000026b6        0x0 c:/program files (x86)/atmel/studio/7.0/toolchain/avr8/avr8-gnu-toolchain/bin/../lib/gcc/avr/5.4.0/avr5\libgcc.a(_exit.o)
                0x000026b6                _exit
                0x000026b6                exit
 *(.fini9)
 *(.fini8)
 *(.fini8)
 *(.fini7)
 *(.fini7)
 *(.fini6)
 *(.fini6)
 *(.fini5)
 *(.fini5)
 *(.fini4)
 *(.fini4)
 *(.fini3)
 *(.fini3)
 *(.fini2)
 *(.fini2)
 *(.fini1)
 *(.fini1)
 *(.fini0)
 .fini0         0x000026b6        0x4 c:/program files (x86)/atmel/studio/7.0/toolchain/avr8/avr8-gnu-toolchain/bin/../lib/gcc/avr/5.4.0/avr5\libgcc.a(_exit.o)
 *(.fini0)
                0x000026ba                _etext = .

.data           0x00800100       0xde load address 0x000026ba
                0x00800100                PROVIDE (__data_start, .)
 *(.data)
 .data          0x00800100        0x6 c:/program files (x86)/atmel/studio/7.0/toolchain/avr8/avr8-gnu-toolchain/bin/../lib/gcc/avr/5.4.0/../../../../avr/lib/avr5\libc.a(malloc.o)
                0x00800100                __malloc_heap_end
                0x00800102                __malloc_heap_start
                0x00800104                __malloc_margin
 *(.data*)
 .data.ext_oled_data
                0x00800106        0x2 DRIVER_OLED.o
                0x00800106                ext_oled_data
 .data.ext_oled_command
                0x00800108        0x2 DRIVER_OLED.o
                0x00800108                ext_oled_command
 .data.fontsize
                0x0080010a        0x2 DRIVER_OLED.o
                0x0080010a                fontsize
 *(.gnu.linkonce.d*)
 *(.rodata)
 *(.rodata*)
 .rodata.str1.1
                0x0080010c       0x14 DRIVER_JOYSTICK.o
 .rodata.str1.1
                0x00800120       0x60 DRIVER_MENU.o
 .rodata.str1.1
                0x00800180       0x21 DRIVER_OLED.o
 .rodata.str1.1
                0x008001a1        0xf DRIVER_TIMER.o
 .rodata.str1.1
                0x008001b0       0x2d DRIVER_MCP2515.o
 *(.gnu.linkonce.r*)
                0x008001de                . = ALIGN (0x2)
 *fill*         0x008001dd        0x1 
                0x008001de                _edata = .
                0x008001de                PROVIDE (__data_end, .)

.bss            0x008001de       0x1c
                0x008001de                PROVIDE (__bss_start, .)
 *(.bss)
 *(.bss*)
 .bss.curr_menu
                0x008001de        0x2 DRIVER_MENU.o
 .bss.pos_child
                0x008001e0        0x2 DRIVER_MENU.o
 .bss.mseconds  0x008001e2        0x2 DRIVER_TIMER.o
 .bss.seconds   0x008001e4        0x2 DRIVER_TIMER.o
 .bss.counter   0x008001e6        0x2 DRIVER_TIMER.o
 *(COMMON)
 COMMON         0x008001e8        0x2 DRIVER_JOYSTICK.o
                0x008001e8                y_offset
                0x008001e9                x_offset
 COMMON         0x008001ea        0x6 DRIVER_MENU.o
                0x008001ea                oled_position
                0x008001ee                main_menu
 COMMON         0x008001f0        0x4 c:/program files (x86)/atmel/studio/7.0/toolchain/avr8/avr8-gnu-toolchain/bin/../lib/gcc/avr/5.4.0/../../../../avr/lib/avr5\libc.a(malloc.o)
                0x008001f0                __brkval
                0x008001f2                __flp
 COMMON         0x008001f4        0x6 c:/program files (x86)/atmel/studio/7.0/toolchain/avr8/avr8-gnu-toolchain/bin/../lib/gcc/avr/5.4.0/../../../../avr/lib/avr5\libc.a(iob.o)
                0x008001f4                __iob
                0x008001fa                PROVIDE (__bss_end, .)
                0x000026ba                __data_load_start = LOADADDR (.data)
                0x00002798                __data_load_end = (__data_load_start + SIZEOF (.data))

.noinit         0x008001fa        0x0
                [!provide]                PROVIDE (__noinit_start, .)
 *(.noinit*)
                [!provide]                PROVIDE (__noinit_end, .)
                0x008001fa                _end = .
                0x008001fa                PROVIDE (__heap_start, .)

.eeprom         0x00810000        0x0
 *(.eeprom*)
                0x00810000                __eeprom_end = .

.fuse
 *(.fuse)
 *(.lfuse)
 *(.hfuse)
 *(.efuse)

.lock
 *(.lock*)

.signature
 *(.signature*)

.user_signatures
 *(.user_signatures*)

.stab
 *(.stab)

.stabstr
 *(.stabstr)

.stab.excl
 *(.stab.excl)

.stab.exclstr
 *(.stab.exclstr)

.stab.index
 *(.stab.index)

.stab.indexstr
 *(.stab.indexstr)

.comment        0x00000000       0x5c
 *(.comment)
 .comment       0x00000000       0x30 DRIVER_ADC.o
                                 0x31 (size before relaxing)
 .comment       0x00000030       0x31 DRIVER_CAN.o
 .comment       0x00000030       0x31 DRIVER_JOYSTICK.o
 .comment       0x00000030       0x31 DRIVER_MENU.o
 .comment       0x00000030       0x31 DRIVER_OLED.o
 .comment       0x00000030       0x31 DRIVER_SPI.o
 .comment       0x00000030       0x31 DRIVER_TIMER.o
 .comment       0x00000030       0x31 DRIVER_USART.o
 .comment       0x00000030       0x31 DRIVER_XMEM.o
 .comment       0x00000030       0x31 DRIVER_MCP2515.o
 .comment       0x00000030       0x31 main.o
 .comment       0x00000030       0x31 util.o
 .comment       0x00000030       0x31 c:/program files (x86)/atmel/studio/7.0/toolchain/avr8/avr8-gnu-toolchain/bin/../lib/gcc/avr/5.4.0/../../../../avr/lib/avr5\libc.a(malloc.o)
 .comment       0x00000030       0x31 c:/program files (x86)/atmel/studio/7.0/toolchain/avr8/avr8-gnu-toolchain/bin/../lib/gcc/avr/5.4.0/../../../../avr/lib/avr5\libc.a(realloc.o)
 .comment       0x00000030       0x31 c:/program files (x86)/atmel/studio/7.0/toolchain/avr8/avr8-gnu-toolchain/bin/../lib/gcc/avr/5.4.0/../../../../avr/lib/avr5\libc.a(fdevopen.o)
 .comment       0x00000030       0x31 c:/program files (x86)/atmel/studio/7.0/toolchain/avr8/avr8-gnu-toolchain/bin/../lib/gcc/avr/5.4.0/../../../../avr/lib/avr5\libc.a(iob.o)
 .comment       0x00000030       0x31 c:/program files (x86)/atmel/studio/7.0/toolchain/avr8/avr8-gnu-toolchain/bin/../lib/gcc/avr/5.4.0/../../../../avr/lib/avr5\libc.a(printf.o)
 .comment       0x00000030       0x2c c:/program files (x86)/atmel/studio/7.0/toolchain/avr8/avr8-gnu-toolchain/bin/../lib/gcc/avr/5.4.0/../../../../avr/lib/avr5\libc.a(vfprintf_std.o)
                                 0x2d (size before relaxing)
 .comment       0x0000005c       0x31 c:/program files (x86)/atmel/studio/7.0/toolchain/avr8/avr8-gnu-toolchain/bin/../lib/gcc/avr/5.4.0/../../../../avr/lib/avr5\libc.a(calloc.o)
 .comment       0x0000005c       0x31 c:/program files (x86)/atmel/studio/7.0/toolchain/avr8/avr8-gnu-toolchain/bin/../lib/gcc/avr/5.4.0/../../../../avr/lib/avr5\libc.a(fputc.o)

.note.gnu.avr.deviceinfo
                0x00000000       0x3c
 .note.gnu.avr.deviceinfo
                0x00000000       0x3c c:/program files (x86)/atmel/studio/7.0/toolchain/avr8/avr8-gnu-toolchain/bin/../lib/gcc/avr/5.4.0/../../../../avr/lib/avr5/crtatmega162.o

.note.gnu.build-id
 *(.note.gnu.build-id)

.debug
 *(.debug)

.line
 *(.line)

.debug_srcinfo
 *(.debug_srcinfo)

.debug_sfnames
 *(.debug_sfnames)

.debug_aranges  0x00000000      0x318
 *(.debug_aranges)
 .debug_aranges
                0x00000000       0x30 DRIVER_ADC.o
 .debug_aranges
                0x00000030       0x38 DRIVER_CAN.o
 .debug_aranges
                0x00000068       0x38 DRIVER_JOYSTICK.o
 .debug_aranges
                0x000000a0       0x60 DRIVER_MENU.o
 .debug_aranges
                0x00000100       0xb0 DRIVER_OLED.o
 .debug_aranges
                0x000001b0       0x30 DRIVER_SPI.o
 .debug_aranges
                0x000001e0       0x28 DRIVER_TIMER.o
 .debug_aranges
                0x00000208       0x38 DRIVER_USART.o
 .debug_aranges
                0x00000240       0x38 DRIVER_XMEM.o
 .debug_aranges
                0x00000278       0x50 DRIVER_MCP2515.o
 .debug_aranges
                0x000002c8       0x20 main.o
 .debug_aranges
                0x000002e8       0x30 util.o

.debug_pubnames
 *(.debug_pubnames)

.debug_info     0x00000000     0x43cc
 *(.debug_info .gnu.linkonce.wi.*)
 .debug_info    0x00000000      0x5d0 c:/program files (x86)/atmel/studio/7.0/toolchain/avr8/avr8-gnu-toolchain/bin/../lib/gcc/avr/5.4.0/../../../../avr/lib/avr5/crtatmega162.o
 .debug_info    0x000005d0      0x23b DRIVER_ADC.o
 .debug_info    0x0000080b      0x3e1 DRIVER_CAN.o
 .debug_info    0x00000bec      0x396 DRIVER_JOYSTICK.o
 .debug_info    0x00000f82     0x1722 DRIVER_MENU.o
 .debug_info    0x000026a4      0xed5 DRIVER_OLED.o
 .debug_info    0x00003579       0xd8 DRIVER_SPI.o
 .debug_info    0x00003651      0x138 DRIVER_TIMER.o
 .debug_info    0x00003789      0x231 DRIVER_USART.o
 .debug_info    0x000039ba      0x22e DRIVER_XMEM.o
 .debug_info    0x00003be8      0x3d9 DRIVER_MCP2515.o
 .debug_info    0x00003fc1      0x250 main.o
 .debug_info    0x00004211      0x1bb util.o

.debug_abbrev   0x00000000     0x176f
 *(.debug_abbrev)
 .debug_abbrev  0x00000000      0x580 c:/program files (x86)/atmel/studio/7.0/toolchain/avr8/avr8-gnu-toolchain/bin/../lib/gcc/avr/5.4.0/../../../../avr/lib/avr5/crtatmega162.o
 .debug_abbrev  0x00000580      0x175 DRIVER_ADC.o
 .debug_abbrev  0x000006f5      0x1ac DRIVER_CAN.o
 .debug_abbrev  0x000008a1      0x1c2 DRIVER_JOYSTICK.o
 .debug_abbrev  0x00000a63      0x276 DRIVER_MENU.o
 .debug_abbrev  0x00000cd9      0x27d DRIVER_OLED.o
 .debug_abbrev  0x00000f56       0xa1 DRIVER_SPI.o
 .debug_abbrev  0x00000ff7       0xe2 DRIVER_TIMER.o
 .debug_abbrev  0x000010d9      0x14a DRIVER_USART.o
 .debug_abbrev  0x00001223      0x14a DRIVER_XMEM.o
 .debug_abbrev  0x0000136d      0x1a3 DRIVER_MCP2515.o
 .debug_abbrev  0x00001510      0x12a main.o
 .debug_abbrev  0x0000163a      0x135 util.o

.debug_line     0x00000000     0x1ba5
 *(.debug_line .debug_line.* .debug_line_end)
 .debug_line    0x00000000       0x1a c:/program files (x86)/atmel/studio/7.0/toolchain/avr8/avr8-gnu-toolchain/bin/../lib/gcc/avr/5.4.0/../../../../avr/lib/avr5/crtatmega162.o
 .debug_line    0x0000001a      0x198 DRIVER_ADC.o
 .debug_line    0x000001b2      0x203 DRIVER_CAN.o
 .debug_line    0x000003b5      0x223 DRIVER_JOYSTICK.o
 .debug_line    0x000005d8      0x5fd DRIVER_MENU.o
 .debug_line    0x00000bd5      0x5e1 DRIVER_OLED.o
 .debug_line    0x000011b6      0x10f DRIVER_SPI.o
 .debug_line    0x000012c5      0x113 DRIVER_TIMER.o
 .debug_line    0x000013d8      0x12a DRIVER_USART.o
 .debug_line    0x00001502      0x19a DRIVER_XMEM.o
 .debug_line    0x0000169c      0x26f DRIVER_MCP2515.o
 .debug_line    0x0000190b      0x1d7 main.o
 .debug_line    0x00001ae2       0xc3 util.o

.debug_frame    0x00000000      0x888
 *(.debug_frame)
 .debug_frame   0x00000000       0x4c DRIVER_ADC.o
 .debug_frame   0x0000004c       0xd0 DRIVER_CAN.o
 .debug_frame   0x0000011c       0xa4 DRIVER_JOYSTICK.o
 .debug_frame   0x000001c0      0x1d0 DRIVER_MENU.o
 .debug_frame   0x00000390      0x1c8 DRIVER_OLED.o
 .debug_frame   0x00000558       0x44 DRIVER_SPI.o
 .debug_frame   0x0000059c       0x90 DRIVER_TIMER.o
 .debug_frame   0x0000062c       0x54 DRIVER_USART.o
 .debug_frame   0x00000680       0xc8 DRIVER_XMEM.o
 .debug_frame   0x00000748       0xb8 DRIVER_MCP2515.o
 .debug_frame   0x00000800       0x24 main.o
 .debug_frame   0x00000824       0x64 util.o

.debug_str      0x00000000      0xdad
 *(.debug_str)
 .debug_str     0x00000000      0x1f6 c:/program files (x86)/atmel/studio/7.0/toolchain/avr8/avr8-gnu-toolchain/bin/../lib/gcc/avr/5.4.0/../../../../avr/lib/avr5/crtatmega162.o
 .debug_str     0x000001f6      0x1ea DRIVER_ADC.o
                                0x22a (size before relaxing)
 .debug_str     0x000003e0       0xbb DRIVER_CAN.o
                                0x22e (size before relaxing)
 .debug_str     0x0000049b       0xec DRIVER_JOYSTICK.o
                                0x2a5 (size before relaxing)
 .debug_str     0x00000587      0x470 DRIVER_MENU.o
                                0x6d1 (size before relaxing)
 .debug_str     0x000009f7      0x155 DRIVER_OLED.o
                                0x3b1 (size before relaxing)
 .debug_str     0x00000b4c       0x3d DRIVER_SPI.o
                                0x1a2 (size before relaxing)
 .debug_str     0x00000b89       0x47 DRIVER_TIMER.o
                                0x1c2 (size before relaxing)
 .debug_str     0x00000bd0       0x7d DRIVER_USART.o
                                0x1ec (size before relaxing)
 .debug_str     0x00000c4d       0x85 DRIVER_XMEM.o
                                0x21e (size before relaxing)
 .debug_str     0x00000cd2       0x50 DRIVER_MCP2515.o
                                0x26c (size before relaxing)
 .debug_str     0x00000d22       0x11 main.o
                                0x273 (size before relaxing)
 .debug_str     0x00000d33       0x7a util.o
                                0x19d (size before relaxing)

.debug_loc      0x00000000     0x22fc
 *(.debug_loc)
 .debug_loc     0x00000000       0xe5 DRIVER_ADC.o
 .debug_loc     0x000000e5      0x304 DRIVER_CAN.o
 .debug_loc     0x000003e9      0x278 DRIVER_JOYSTICK.o
 .debug_loc     0x00000661      0x9ef DRIVER_MENU.o
 .debug_loc     0x00001050      0xa4a DRIVER_OLED.o
 .debug_loc     0x00001a9a      0x126 DRIVER_TIMER.o
 .debug_loc     0x00001bc0       0x6d DRIVER_USART.o
 .debug_loc     0x00001c2d      0x1f6 DRIVER_XMEM.o
 .debug_loc     0x00001e23      0x2c6 DRIVER_MCP2515.o
 .debug_loc     0x000020e9       0x44 main.o
 .debug_loc     0x0000212d      0x1cf util.o

.debug_macinfo
 *(.debug_macinfo)

.debug_weaknames
 *(.debug_weaknames)

.debug_funcnames
 *(.debug_funcnames)

.debug_typenames
 *(.debug_typenames)

.debug_varnames
 *(.debug_varnames)

.debug_pubtypes
 *(.debug_pubtypes)

.debug_ranges   0x00000000      0x2b8
 *(.debug_ranges)
 .debug_ranges  0x00000000       0x20 DRIVER_ADC.o
 .debug_ranges  0x00000020       0x28 DRIVER_CAN.o
 .debug_ranges  0x00000048       0x28 DRIVER_JOYSTICK.o
 .debug_ranges  0x00000070       0x50 DRIVER_MENU.o
 .debug_ranges  0x000000c0       0xd0 DRIVER_OLED.o
 .debug_ranges  0x00000190       0x20 DRIVER_SPI.o
 .debug_ranges  0x000001b0       0x18 DRIVER_TIMER.o
 .debug_ranges  0x000001c8       0x28 DRIVER_USART.o
 .debug_ranges  0x000001f0       0x58 DRIVER_XMEM.o
 .debug_ranges  0x00000248       0x40 DRIVER_MCP2515.o
 .debug_ranges  0x00000288       0x10 main.o
 .debug_ranges  0x00000298       0x20 util.o

.debug_macro
 *(.debug_macro)
OUTPUT(Byggern2.elf elf32-avr)
LOAD linker stubs
