Archive member included to satisfy reference by file (symbol)

c:/program files (x86)/atmel/studio/7.0/toolchain/avr8/avr8-gnu-toolchain/bin/../lib/gcc/avr/5.4.0/avr5\libgcc.a(_divmodhi4.o)
                              DRIVER_JOYSTICK.o (__divmodhi4)
c:/program files (x86)/atmel/studio/7.0/toolchain/avr8/avr8-gnu-toolchain/bin/../lib/gcc/avr/5.4.0/avr5\libgcc.a(_exit.o)
                              C:/Program Files (x86)/Atmel/Studio/7.0/Packs/Atmel/ATmega_DFP/1.3.300/gcc/dev/atmega162/avr5/crtatmega162.o (exit)
c:/program files (x86)/atmel/studio/7.0/toolchain/avr8/avr8-gnu-toolchain/bin/../lib/gcc/avr/5.4.0/avr5\libgcc.a(_copy_data.o)
                              DRIVER_MENU.o (__do_copy_data)
c:/program files (x86)/atmel/studio/7.0/toolchain/avr8/avr8-gnu-toolchain/bin/../lib/gcc/avr/5.4.0/avr5\libgcc.a(_clear_bss.o)
                              DRIVER_CAN.o (__do_clear_bss)
c:/program files (x86)/atmel/studio/7.0/toolchain/avr8/avr8-gnu-toolchain/bin/../lib/gcc/avr/5.4.0/avr5\libgcc.a(_udivmodhi4.o)
                              c:/program files (x86)/atmel/studio/7.0/toolchain/avr8/avr8-gnu-toolchain/bin/../lib/gcc/avr/5.4.0/avr5\libgcc.a(_divmodhi4.o) (__udivmodhi4)
c:/program files (x86)/atmel/studio/7.0/toolchain/avr8/avr8-gnu-toolchain/bin/../lib/gcc/avr/5.4.0/../../../../avr/lib/avr5\libc.a(malloc.o)
                              DRIVER_MENU.o (malloc)
c:/program files (x86)/atmel/studio/7.0/toolchain/avr8/avr8-gnu-toolchain/bin/../lib/gcc/avr/5.4.0/../../../../avr/lib/avr5\libc.a(rand.o)
                              DRIVER_XMEM.o (rand)
c:/program files (x86)/atmel/studio/7.0/toolchain/avr8/avr8-gnu-toolchain/bin/../lib/gcc/avr/5.4.0/../../../../avr/lib/avr5\libc.a(realloc.o)
                              DRIVER_MENU.o (realloc)
c:/program files (x86)/atmel/studio/7.0/toolchain/avr8/avr8-gnu-toolchain/bin/../lib/gcc/avr/5.4.0/../../../../avr/lib/avr5\libc.a(strcpy_P.o)
                              DRIVER_OLED.o (strcpy_P)
c:/program files (x86)/atmel/studio/7.0/toolchain/avr8/avr8-gnu-toolchain/bin/../lib/gcc/avr/5.4.0/../../../../avr/lib/avr5\libc.a(memcpy.o)
                              c:/program files (x86)/atmel/studio/7.0/toolchain/avr8/avr8-gnu-toolchain/bin/../lib/gcc/avr/5.4.0/../../../../avr/lib/avr5\libc.a(realloc.o) (memcpy)
c:/program files (x86)/atmel/studio/7.0/toolchain/avr8/avr8-gnu-toolchain/bin/../lib/gcc/avr/5.4.0/../../../../avr/lib/avr5\libc.a(strcat.o)
                              DRIVER_OLED.o (strcat)
c:/program files (x86)/atmel/studio/7.0/toolchain/avr8/avr8-gnu-toolchain/bin/../lib/gcc/avr/5.4.0/../../../../avr/lib/avr5\libc.a(fdevopen.o)
                              DRIVER_USART.o (fdevopen)
c:/program files (x86)/atmel/studio/7.0/toolchain/avr8/avr8-gnu-toolchain/bin/../lib/gcc/avr/5.4.0/../../../../avr/lib/avr5\libc.a(iob.o)
                              c:/program files (x86)/atmel/studio/7.0/toolchain/avr8/avr8-gnu-toolchain/bin/../lib/gcc/avr/5.4.0/../../../../avr/lib/avr5\libc.a(fdevopen.o) (__iob)
c:/program files (x86)/atmel/studio/7.0/toolchain/avr8/avr8-gnu-toolchain/bin/../lib/gcc/avr/5.4.0/../../../../avr/lib/avr5\libc.a(printf.o)
                              DRIVER_MENU.o (printf)
c:/program files (x86)/atmel/studio/7.0/toolchain/avr8/avr8-gnu-toolchain/bin/../lib/gcc/avr/5.4.0/../../../../avr/lib/avr5\libc.a(puts.o)
                              DRIVER_XMEM.o (puts)
c:/program files (x86)/atmel/studio/7.0/toolchain/avr8/avr8-gnu-toolchain/bin/../lib/gcc/avr/5.4.0/../../../../avr/lib/avr5\libc.a(vfprintf_std.o)
                              c:/program files (x86)/atmel/studio/7.0/toolchain/avr8/avr8-gnu-toolchain/bin/../lib/gcc/avr/5.4.0/../../../../avr/lib/avr5\libc.a(printf.o) (vfprintf)
c:/program files (x86)/atmel/studio/7.0/toolchain/avr8/avr8-gnu-toolchain/bin/../lib/gcc/avr/5.4.0/../../../../avr/lib/avr5\libc.a(calloc.o)
                              c:/program files (x86)/atmel/studio/7.0/toolchain/avr8/avr8-gnu-toolchain/bin/../lib/gcc/avr/5.4.0/../../../../avr/lib/avr5\libc.a(fdevopen.o) (calloc)
c:/program files (x86)/atmel/studio/7.0/toolchain/avr8/avr8-gnu-toolchain/bin/../lib/gcc/avr/5.4.0/../../../../avr/lib/avr5\libc.a(strnlen_P.o)
                              c:/program files (x86)/atmel/studio/7.0/toolchain/avr8/avr8-gnu-toolchain/bin/../lib/gcc/avr/5.4.0/../../../../avr/lib/avr5\libc.a(vfprintf_std.o) (strnlen_P)
c:/program files (x86)/atmel/studio/7.0/toolchain/avr8/avr8-gnu-toolchain/bin/../lib/gcc/avr/5.4.0/../../../../avr/lib/avr5\libc.a(memset.o)
                              c:/program files (x86)/atmel/studio/7.0/toolchain/avr8/avr8-gnu-toolchain/bin/../lib/gcc/avr/5.4.0/../../../../avr/lib/avr5\libc.a(calloc.o) (memset)
c:/program files (x86)/atmel/studio/7.0/toolchain/avr8/avr8-gnu-toolchain/bin/../lib/gcc/avr/5.4.0/../../../../avr/lib/avr5\libc.a(strnlen.o)
                              c:/program files (x86)/atmel/studio/7.0/toolchain/avr8/avr8-gnu-toolchain/bin/../lib/gcc/avr/5.4.0/../../../../avr/lib/avr5\libc.a(vfprintf_std.o) (strnlen)
c:/program files (x86)/atmel/studio/7.0/toolchain/avr8/avr8-gnu-toolchain/bin/../lib/gcc/avr/5.4.0/../../../../avr/lib/avr5\libc.a(fputc.o)
                              c:/program files (x86)/atmel/studio/7.0/toolchain/avr8/avr8-gnu-toolchain/bin/../lib/gcc/avr/5.4.0/../../../../avr/lib/avr5\libc.a(vfprintf_std.o) (fputc)
c:/program files (x86)/atmel/studio/7.0/toolchain/avr8/avr8-gnu-toolchain/bin/../lib/gcc/avr/5.4.0/../../../../avr/lib/avr5\libc.a(ultoa_invert.o)
                              c:/program files (x86)/atmel/studio/7.0/toolchain/avr8/avr8-gnu-toolchain/bin/../lib/gcc/avr/5.4.0/../../../../avr/lib/avr5\libc.a(vfprintf_std.o) (__ultoa_invert)
c:/program files (x86)/atmel/studio/7.0/toolchain/avr8/avr8-gnu-toolchain/bin/../lib/gcc/avr/5.4.0/avr5\libgcc.a(_divmodsi4.o)
                              c:/program files (x86)/atmel/studio/7.0/toolchain/avr8/avr8-gnu-toolchain/bin/../lib/gcc/avr/5.4.0/../../../../avr/lib/avr5\libc.a(rand.o) (__divmodsi4)
c:/program files (x86)/atmel/studio/7.0/toolchain/avr8/avr8-gnu-toolchain/bin/../lib/gcc/avr/5.4.0/avr5\libgcc.a(_negsi2.o)
                              c:/program files (x86)/atmel/studio/7.0/toolchain/avr8/avr8-gnu-toolchain/bin/../lib/gcc/avr/5.4.0/avr5\libgcc.a(_divmodsi4.o) (__negsi2)
c:/program files (x86)/atmel/studio/7.0/toolchain/avr8/avr8-gnu-toolchain/bin/../lib/gcc/avr/5.4.0/avr5\libgcc.a(_muluhisi3.o)
                              c:/program files (x86)/atmel/studio/7.0/toolchain/avr8/avr8-gnu-toolchain/bin/../lib/gcc/avr/5.4.0/../../../../avr/lib/avr5\libc.a(rand.o) (__muluhisi3)
c:/program files (x86)/atmel/studio/7.0/toolchain/avr8/avr8-gnu-toolchain/bin/../lib/gcc/avr/5.4.0/avr5\libgcc.a(_mulshisi3.o)
                              c:/program files (x86)/atmel/studio/7.0/toolchain/avr8/avr8-gnu-toolchain/bin/../lib/gcc/avr/5.4.0/../../../../avr/lib/avr5\libc.a(rand.o) (__mulohisi3)
c:/program files (x86)/atmel/studio/7.0/toolchain/avr8/avr8-gnu-toolchain/bin/../lib/gcc/avr/5.4.0/avr5\libgcc.a(_prologue.o)
                              c:/program files (x86)/atmel/studio/7.0/toolchain/avr8/avr8-gnu-toolchain/bin/../lib/gcc/avr/5.4.0/../../../../avr/lib/avr5\libc.a(realloc.o) (__prologue_saves__)
c:/program files (x86)/atmel/studio/7.0/toolchain/avr8/avr8-gnu-toolchain/bin/../lib/gcc/avr/5.4.0/avr5\libgcc.a(_epilogue.o)
                              c:/program files (x86)/atmel/studio/7.0/toolchain/avr8/avr8-gnu-toolchain/bin/../lib/gcc/avr/5.4.0/../../../../avr/lib/avr5\libc.a(realloc.o) (__epilogue_restores__)
c:/program files (x86)/atmel/studio/7.0/toolchain/avr8/avr8-gnu-toolchain/bin/../lib/gcc/avr/5.4.0/avr5\libgcc.a(_udivmodsi4.o)
                              c:/program files (x86)/atmel/studio/7.0/toolchain/avr8/avr8-gnu-toolchain/bin/../lib/gcc/avr/5.4.0/avr5\libgcc.a(_divmodsi4.o) (__udivmodsi4)
c:/program files (x86)/atmel/studio/7.0/toolchain/avr8/avr8-gnu-toolchain/bin/../lib/gcc/avr/5.4.0/avr5\libgcc.a(_umulhisi3.o)
                              c:/program files (x86)/atmel/studio/7.0/toolchain/avr8/avr8-gnu-toolchain/bin/../lib/gcc/avr/5.4.0/avr5\libgcc.a(_muluhisi3.o) (__umulhisi3)

Allocating common symbols
Common symbol       size              file

oled_position       0x4               DRIVER_MENU.o
__brkval            0x2               c:/program files (x86)/atmel/studio/7.0/toolchain/avr8/avr8-gnu-toolchain/bin/../lib/gcc/avr/5.4.0/../../../../avr/lib/avr5\libc.a(malloc.o)
main_menu           0x2               DRIVER_MENU.o
y_offset            0x1               DRIVER_JOYSTICK.o
__flp               0x2               c:/program files (x86)/atmel/studio/7.0/toolchain/avr8/avr8-gnu-toolchain/bin/../lib/gcc/avr/5.4.0/../../../../avr/lib/avr5\libc.a(malloc.o)
__iob               0x6               c:/program files (x86)/atmel/studio/7.0/toolchain/avr8/avr8-gnu-toolchain/bin/../lib/gcc/avr/5.4.0/../../../../avr/lib/avr5\libc.a(iob.o)
x_offset            0x1               DRIVER_JOYSTICK.o

Discarded input sections

 .data          0x00000000        0x0 C:/Program Files (x86)/Atmel/Studio/7.0/Packs/Atmel/ATmega_DFP/1.3.300/gcc/dev/atmega162/avr5/crtatmega162.o
 .bss           0x00000000        0x0 C:/Program Files (x86)/Atmel/Studio/7.0/Packs/Atmel/ATmega_DFP/1.3.300/gcc/dev/atmega162/avr5/crtatmega162.o
 .text          0x00000000        0x0 DRIVER_ADC.o
 .data          0x00000000        0x0 DRIVER_ADC.o
 .bss           0x00000000        0x0 DRIVER_ADC.o
 .text          0x00000000        0x0 DRIVER_CAN.o
 .data          0x00000000        0x0 DRIVER_CAN.o
 .bss           0x00000000        0x0 DRIVER_CAN.o
 .text.can_recive_msg
                0x00000000       0xa8 DRIVER_CAN.o
 .bss.msg.2139  0x00000000        0xb DRIVER_CAN.o
 .text          0x00000000        0x0 DRIVER_JOYSTICK.o
 .data          0x00000000        0x0 DRIVER_JOYSTICK.o
 .bss           0x00000000        0x0 DRIVER_JOYSTICK.o
 .text          0x00000000        0x0 DRIVER_MENU.o
 .data          0x00000000        0x0 DRIVER_MENU.o
 .bss           0x00000000        0x0 DRIVER_MENU.o
 .text          0x00000000        0x0 DRIVER_OLED.o
 .data          0x00000000        0x0 DRIVER_OLED.o
 .bss           0x00000000        0x0 DRIVER_OLED.o
 .text.oled_wrc
                0x00000000        0xc DRIVER_OLED.o
 .text.oled_wrd
                0x00000000        0xc DRIVER_OLED.o
 .text.oled_brightness
                0x00000000       0x18 DRIVER_OLED.o
 .text.oled_light_screen
                0x00000000       0x5a DRIVER_OLED.o
 .text          0x00000000        0x0 DRIVER_SLIDER.o
 .data          0x00000000        0x0 DRIVER_SLIDER.o
 .bss           0x00000000        0x0 DRIVER_SLIDER.o
 .text          0x00000000        0x0 DRIVER_SPI.o
 .data          0x00000000        0x0 DRIVER_SPI.o
 .bss           0x00000000        0x0 DRIVER_SPI.o
 .text          0x00000000        0x0 DRIVER_TIMER.o
 .data          0x00000000        0x0 DRIVER_TIMER.o
 .bss           0x00000000        0x0 DRIVER_TIMER.o
 .text          0x00000000        0x0 DRIVER_USART.o
 .data          0x00000000        0x0 DRIVER_USART.o
 .bss           0x00000000        0x0 DRIVER_USART.o
 .text.USART_receive
                0x00000000        0xa DRIVER_USART.o
 .text          0x00000000        0x0 DRIVER_XMEM.o
 .data          0x00000000        0x0 DRIVER_XMEM.o
 .bss           0x00000000        0x0 DRIVER_XMEM.o
 .rodata.str1.1
                0x00000000       0xe5 DRIVER_XMEM.o
 .text.SRAM_test
                0x00000000      0x106 DRIVER_XMEM.o
 .text          0x00000000        0x0 DRIVER_MCP2515.o
 .data          0x00000000        0x0 DRIVER_MCP2515.o
 .bss           0x00000000        0x0 DRIVER_MCP2515.o
 .text.mcp_read_status
                0x00000000       0x10 DRIVER_MCP2515.o
 .text          0x00000000        0x0 main.o
 .data          0x00000000        0x0 main.o
 .bss           0x00000000        0x0 main.o
 .text          0x00000000        0x0 util.o
 .data          0x00000000        0x0 util.o
 .bss           0x00000000        0x0 util.o
 .text.util_swap
                0x00000000       0x1a util.o
 .text          0x00000000        0x0 c:/program files (x86)/atmel/studio/7.0/toolchain/avr8/avr8-gnu-toolchain/bin/../lib/gcc/avr/5.4.0/avr5\libgcc.a(_divmodhi4.o)
 .data          0x00000000        0x0 c:/program files (x86)/atmel/studio/7.0/toolchain/avr8/avr8-gnu-toolchain/bin/../lib/gcc/avr/5.4.0/avr5\libgcc.a(_divmodhi4.o)
 .bss           0x00000000        0x0 c:/program files (x86)/atmel/studio/7.0/toolchain/avr8/avr8-gnu-toolchain/bin/../lib/gcc/avr/5.4.0/avr5\libgcc.a(_divmodhi4.o)
 .text.libgcc.mul
                0x00000000        0x0 c:/program files (x86)/atmel/studio/7.0/toolchain/avr8/avr8-gnu-toolchain/bin/../lib/gcc/avr/5.4.0/avr5\libgcc.a(_divmodhi4.o)
 .text.libgcc   0x00000000        0x0 c:/program files (x86)/atmel/studio/7.0/toolchain/avr8/avr8-gnu-toolchain/bin/../lib/gcc/avr/5.4.0/avr5\libgcc.a(_divmodhi4.o)
 .text.libgcc.prologue
                0x00000000        0x0 c:/program files (x86)/atmel/studio/7.0/toolchain/avr8/avr8-gnu-toolchain/bin/../lib/gcc/avr/5.4.0/avr5\libgcc.a(_divmodhi4.o)
 .text.libgcc.builtins
                0x00000000        0x0 c:/program files (x86)/atmel/studio/7.0/toolchain/avr8/avr8-gnu-toolchain/bin/../lib/gcc/avr/5.4.0/avr5\libgcc.a(_divmodhi4.o)
 .text.libgcc.fmul
                0x00000000        0x0 c:/program files (x86)/atmel/studio/7.0/toolchain/avr8/avr8-gnu-toolchain/bin/../lib/gcc/avr/5.4.0/avr5\libgcc.a(_divmodhi4.o)
 .text.libgcc.fixed
                0x00000000        0x0 c:/program files (x86)/atmel/studio/7.0/toolchain/avr8/avr8-gnu-toolchain/bin/../lib/gcc/avr/5.4.0/avr5\libgcc.a(_divmodhi4.o)
 .text          0x00000000        0x0 c:/program files (x86)/atmel/studio/7.0/toolchain/avr8/avr8-gnu-toolchain/bin/../lib/gcc/avr/5.4.0/avr5\libgcc.a(_exit.o)
 .data          0x00000000        0x0 c:/program files (x86)/atmel/studio/7.0/toolchain/avr8/avr8-gnu-toolchain/bin/../lib/gcc/avr/5.4.0/avr5\libgcc.a(_exit.o)
 .bss           0x00000000        0x0 c:/program files (x86)/atmel/studio/7.0/toolchain/avr8/avr8-gnu-toolchain/bin/../lib/gcc/avr/5.4.0/avr5\libgcc.a(_exit.o)
 .text.libgcc.mul
                0x00000000        0x0 c:/program files (x86)/atmel/studio/7.0/toolchain/avr8/avr8-gnu-toolchain/bin/../lib/gcc/avr/5.4.0/avr5\libgcc.a(_exit.o)
 .text.libgcc.div
                0x00000000        0x0 c:/program files (x86)/atmel/studio/7.0/toolchain/avr8/avr8-gnu-toolchain/bin/../lib/gcc/avr/5.4.0/avr5\libgcc.a(_exit.o)
 .text.libgcc   0x00000000        0x0 c:/program files (x86)/atmel/studio/7.0/toolchain/avr8/avr8-gnu-toolchain/bin/../lib/gcc/avr/5.4.0/avr5\libgcc.a(_exit.o)
 .text.libgcc.prologue
                0x00000000        0x0 c:/program files (x86)/atmel/studio/7.0/toolchain/avr8/avr8-gnu-toolchain/bin/../lib/gcc/avr/5.4.0/avr5\libgcc.a(_exit.o)
 .text.libgcc.builtins
                0x00000000        0x0 c:/program files (x86)/atmel/studio/7.0/toolchain/avr8/avr8-gnu-toolchain/bin/../lib/gcc/avr/5.4.0/avr5\libgcc.a(_exit.o)
 .text.libgcc.fmul
                0x00000000        0x0 c:/program files (x86)/atmel/studio/7.0/toolchain/avr8/avr8-gnu-toolchain/bin/../lib/gcc/avr/5.4.0/avr5\libgcc.a(_exit.o)
 .text.libgcc.fixed
                0x00000000        0x0 c:/program files (x86)/atmel/studio/7.0/toolchain/avr8/avr8-gnu-toolchain/bin/../lib/gcc/avr/5.4.0/avr5\libgcc.a(_exit.o)
 .text          0x00000000        0x0 c:/program files (x86)/atmel/studio/7.0/toolchain/avr8/avr8-gnu-toolchain/bin/../lib/gcc/avr/5.4.0/avr5\libgcc.a(_copy_data.o)
 .data          0x00000000        0x0 c:/program files (x86)/atmel/studio/7.0/toolchain/avr8/avr8-gnu-toolchain/bin/../lib/gcc/avr/5.4.0/avr5\libgcc.a(_copy_data.o)
 .bss           0x00000000        0x0 c:/program files (x86)/atmel/studio/7.0/toolchain/avr8/avr8-gnu-toolchain/bin/../lib/gcc/avr/5.4.0/avr5\libgcc.a(_copy_data.o)
 .text.libgcc.mul
                0x00000000        0x0 c:/program files (x86)/atmel/studio/7.0/toolchain/avr8/avr8-gnu-toolchain/bin/../lib/gcc/avr/5.4.0/avr5\libgcc.a(_copy_data.o)
 .text.libgcc.div
                0x00000000        0x0 c:/program files (x86)/atmel/studio/7.0/toolchain/avr8/avr8-gnu-toolchain/bin/../lib/gcc/avr/5.4.0/avr5\libgcc.a(_copy_data.o)
 .text.libgcc   0x00000000        0x0 c:/program files (x86)/atmel/studio/7.0/toolchain/avr8/avr8-gnu-toolchain/bin/../lib/gcc/avr/5.4.0/avr5\libgcc.a(_copy_data.o)
 .text.libgcc.prologue
                0x00000000        0x0 c:/program files (x86)/atmel/studio/7.0/toolchain/avr8/avr8-gnu-toolchain/bin/../lib/gcc/avr/5.4.0/avr5\libgcc.a(_copy_data.o)
 .text.libgcc.builtins
                0x00000000        0x0 c:/program files (x86)/atmel/studio/7.0/toolchain/avr8/avr8-gnu-toolchain/bin/../lib/gcc/avr/5.4.0/avr5\libgcc.a(_copy_data.o)
 .text.libgcc.fmul
                0x00000000        0x0 c:/program files (x86)/atmel/studio/7.0/toolchain/avr8/avr8-gnu-toolchain/bin/../lib/gcc/avr/5.4.0/avr5\libgcc.a(_copy_data.o)
 .text.libgcc.fixed
                0x00000000        0x0 c:/program files (x86)/atmel/studio/7.0/toolchain/avr8/avr8-gnu-toolchain/bin/../lib/gcc/avr/5.4.0/avr5\libgcc.a(_copy_data.o)
 .text          0x00000000        0x0 c:/program files (x86)/atmel/studio/7.0/toolchain/avr8/avr8-gnu-toolchain/bin/../lib/gcc/avr/5.4.0/avr5\libgcc.a(_clear_bss.o)
 .data          0x00000000        0x0 c:/program files (x86)/atmel/studio/7.0/toolchain/avr8/avr8-gnu-toolchain/bin/../lib/gcc/avr/5.4.0/avr5\libgcc.a(_clear_bss.o)
 .bss           0x00000000        0x0 c:/program files (x86)/atmel/studio/7.0/toolchain/avr8/avr8-gnu-toolchain/bin/../lib/gcc/avr/5.4.0/avr5\libgcc.a(_clear_bss.o)
 .text.libgcc.mul
                0x00000000        0x0 c:/program files (x86)/atmel/studio/7.0/toolchain/avr8/avr8-gnu-toolchain/bin/../lib/gcc/avr/5.4.0/avr5\libgcc.a(_clear_bss.o)
 .text.libgcc.div
                0x00000000        0x0 c:/program files (x86)/atmel/studio/7.0/toolchain/avr8/avr8-gnu-toolchain/bin/../lib/gcc/avr/5.4.0/avr5\libgcc.a(_clear_bss.o)
 .text.libgcc   0x00000000        0x0 c:/program files (x86)/atmel/studio/7.0/toolchain/avr8/avr8-gnu-toolchain/bin/../lib/gcc/avr/5.4.0/avr5\libgcc.a(_clear_bss.o)
 .text.libgcc.prologue
                0x00000000        0x0 c:/program files (x86)/atmel/studio/7.0/toolchain/avr8/avr8-gnu-toolchain/bin/../lib/gcc/avr/5.4.0/avr5\libgcc.a(_clear_bss.o)
 .text.libgcc.builtins
                0x00000000        0x0 c:/program files (x86)/atmel/studio/7.0/toolchain/avr8/avr8-gnu-toolchain/bin/../lib/gcc/avr/5.4.0/avr5\libgcc.a(_clear_bss.o)
 .text.libgcc.fmul
                0x00000000        0x0 c:/program files (x86)/atmel/studio/7.0/toolchain/avr8/avr8-gnu-toolchain/bin/../lib/gcc/avr/5.4.0/avr5\libgcc.a(_clear_bss.o)
 .text.libgcc.fixed
                0x00000000        0x0 c:/program files (x86)/atmel/studio/7.0/toolchain/avr8/avr8-gnu-toolchain/bin/../lib/gcc/avr/5.4.0/avr5\libgcc.a(_clear_bss.o)
 .text          0x00000000        0x0 c:/program files (x86)/atmel/studio/7.0/toolchain/avr8/avr8-gnu-toolchain/bin/../lib/gcc/avr/5.4.0/avr5\libgcc.a(_udivmodhi4.o)
 .data          0x00000000        0x0 c:/program files (x86)/atmel/studio/7.0/toolchain/avr8/avr8-gnu-toolchain/bin/../lib/gcc/avr/5.4.0/avr5\libgcc.a(_udivmodhi4.o)
 .bss           0x00000000        0x0 c:/program files (x86)/atmel/studio/7.0/toolchain/avr8/avr8-gnu-toolchain/bin/../lib/gcc/avr/5.4.0/avr5\libgcc.a(_udivmodhi4.o)
 .text.libgcc.mul
                0x00000000        0x0 c:/program files (x86)/atmel/studio/7.0/toolchain/avr8/avr8-gnu-toolchain/bin/../lib/gcc/avr/5.4.0/avr5\libgcc.a(_udivmodhi4.o)
 .text.libgcc   0x00000000        0x0 c:/program files (x86)/atmel/studio/7.0/toolchain/avr8/avr8-gnu-toolchain/bin/../lib/gcc/avr/5.4.0/avr5\libgcc.a(_udivmodhi4.o)
 .text.libgcc.prologue
                0x00000000        0x0 c:/program files (x86)/atmel/studio/7.0/toolchain/avr8/avr8-gnu-toolchain/bin/../lib/gcc/avr/5.4.0/avr5\libgcc.a(_udivmodhi4.o)
 .text.libgcc.builtins
                0x00000000        0x0 c:/program files (x86)/atmel/studio/7.0/toolchain/avr8/avr8-gnu-toolchain/bin/../lib/gcc/avr/5.4.0/avr5\libgcc.a(_udivmodhi4.o)
 .text.libgcc.fmul
                0x00000000        0x0 c:/program files (x86)/atmel/studio/7.0/toolchain/avr8/avr8-gnu-toolchain/bin/../lib/gcc/avr/5.4.0/avr5\libgcc.a(_udivmodhi4.o)
 .text.libgcc.fixed
                0x00000000        0x0 c:/program files (x86)/atmel/studio/7.0/toolchain/avr8/avr8-gnu-toolchain/bin/../lib/gcc/avr/5.4.0/avr5\libgcc.a(_udivmodhi4.o)
 .text          0x00000000        0x0 c:/program files (x86)/atmel/studio/7.0/toolchain/avr8/avr8-gnu-toolchain/bin/../lib/gcc/avr/5.4.0/../../../../avr/lib/avr5\libc.a(malloc.o)
 .bss           0x00000000        0x0 c:/program files (x86)/atmel/studio/7.0/toolchain/avr8/avr8-gnu-toolchain/bin/../lib/gcc/avr/5.4.0/../../../../avr/lib/avr5\libc.a(malloc.o)
 .text          0x00000000        0x0 c:/program files (x86)/atmel/studio/7.0/toolchain/avr8/avr8-gnu-toolchain/bin/../lib/gcc/avr/5.4.0/../../../../avr/lib/avr5\libc.a(rand.o)
 .data          0x00000000        0x4 c:/program files (x86)/atmel/studio/7.0/toolchain/avr8/avr8-gnu-toolchain/bin/../lib/gcc/avr/5.4.0/../../../../avr/lib/avr5\libc.a(rand.o)
 .bss           0x00000000        0x0 c:/program files (x86)/atmel/studio/7.0/toolchain/avr8/avr8-gnu-toolchain/bin/../lib/gcc/avr/5.4.0/../../../../avr/lib/avr5\libc.a(rand.o)
 .text.avr-libc
                0x00000000       0xb8 c:/program files (x86)/atmel/studio/7.0/toolchain/avr8/avr8-gnu-toolchain/bin/../lib/gcc/avr/5.4.0/../../../../avr/lib/avr5\libc.a(rand.o)
 .comment       0x00000000       0x31 c:/program files (x86)/atmel/studio/7.0/toolchain/avr8/avr8-gnu-toolchain/bin/../lib/gcc/avr/5.4.0/../../../../avr/lib/avr5\libc.a(rand.o)
 .text          0x00000000        0x0 c:/program files (x86)/atmel/studio/7.0/toolchain/avr8/avr8-gnu-toolchain/bin/../lib/gcc/avr/5.4.0/../../../../avr/lib/avr5\libc.a(realloc.o)
 .data          0x00000000        0x0 c:/program files (x86)/atmel/studio/7.0/toolchain/avr8/avr8-gnu-toolchain/bin/../lib/gcc/avr/5.4.0/../../../../avr/lib/avr5\libc.a(realloc.o)
 .bss           0x00000000        0x0 c:/program files (x86)/atmel/studio/7.0/toolchain/avr8/avr8-gnu-toolchain/bin/../lib/gcc/avr/5.4.0/../../../../avr/lib/avr5\libc.a(realloc.o)
 .text          0x00000000        0x0 c:/program files (x86)/atmel/studio/7.0/toolchain/avr8/avr8-gnu-toolchain/bin/../lib/gcc/avr/5.4.0/../../../../avr/lib/avr5\libc.a(strcpy_P.o)
 .data          0x00000000        0x0 c:/program files (x86)/atmel/studio/7.0/toolchain/avr8/avr8-gnu-toolchain/bin/../lib/gcc/avr/5.4.0/../../../../avr/lib/avr5\libc.a(strcpy_P.o)
 .bss           0x00000000        0x0 c:/program files (x86)/atmel/studio/7.0/toolchain/avr8/avr8-gnu-toolchain/bin/../lib/gcc/avr/5.4.0/../../../../avr/lib/avr5\libc.a(strcpy_P.o)
 .text          0x00000000        0x0 c:/program files (x86)/atmel/studio/7.0/toolchain/avr8/avr8-gnu-toolchain/bin/../lib/gcc/avr/5.4.0/../../../../avr/lib/avr5\libc.a(memcpy.o)
 .data          0x00000000        0x0 c:/program files (x86)/atmel/studio/7.0/toolchain/avr8/avr8-gnu-toolchain/bin/../lib/gcc/avr/5.4.0/../../../../avr/lib/avr5\libc.a(memcpy.o)
 .bss           0x00000000        0x0 c:/program files (x86)/atmel/studio/7.0/toolchain/avr8/avr8-gnu-toolchain/bin/../lib/gcc/avr/5.4.0/../../../../avr/lib/avr5\libc.a(memcpy.o)
 .text          0x00000000        0x0 c:/program files (x86)/atmel/studio/7.0/toolchain/avr8/avr8-gnu-toolchain/bin/../lib/gcc/avr/5.4.0/../../../../avr/lib/avr5\libc.a(strcat.o)
 .data          0x00000000        0x0 c:/program files (x86)/atmel/studio/7.0/toolchain/avr8/avr8-gnu-toolchain/bin/../lib/gcc/avr/5.4.0/../../../../avr/lib/avr5\libc.a(strcat.o)
 .bss           0x00000000        0x0 c:/program files (x86)/atmel/studio/7.0/toolchain/avr8/avr8-gnu-toolchain/bin/../lib/gcc/avr/5.4.0/../../../../avr/lib/avr5\libc.a(strcat.o)
 .text          0x00000000        0x0 c:/program files (x86)/atmel/studio/7.0/toolchain/avr8/avr8-gnu-toolchain/bin/../lib/gcc/avr/5.4.0/../../../../avr/lib/avr5\libc.a(fdevopen.o)
 .data          0x00000000        0x0 c:/program files (x86)/atmel/studio/7.0/toolchain/avr8/avr8-gnu-toolchain/bin/../lib/gcc/avr/5.4.0/../../../../avr/lib/avr5\libc.a(fdevopen.o)
 .bss           0x00000000        0x0 c:/program files (x86)/atmel/studio/7.0/toolchain/avr8/avr8-gnu-toolchain/bin/../lib/gcc/avr/5.4.0/../../../../avr/lib/avr5\libc.a(fdevopen.o)
 .text          0x00000000        0x0 c:/program files (x86)/atmel/studio/7.0/toolchain/avr8/avr8-gnu-toolchain/bin/../lib/gcc/avr/5.4.0/../../../../avr/lib/avr5\libc.a(iob.o)
 .data          0x00000000        0x0 c:/program files (x86)/atmel/studio/7.0/toolchain/avr8/avr8-gnu-toolchain/bin/../lib/gcc/avr/5.4.0/../../../../avr/lib/avr5\libc.a(iob.o)
 .bss           0x00000000        0x0 c:/program files (x86)/atmel/studio/7.0/toolchain/avr8/avr8-gnu-toolchain/bin/../lib/gcc/avr/5.4.0/../../../../avr/lib/avr5\libc.a(iob.o)
 .text          0x00000000        0x0 c:/program files (x86)/atmel/studio/7.0/toolchain/avr8/avr8-gnu-toolchain/bin/../lib/gcc/avr/5.4.0/../../../../avr/lib/avr5\libc.a(printf.o)
 .data          0x00000000        0x0 c:/program files (x86)/atmel/studio/7.0/toolchain/avr8/avr8-gnu-toolchain/bin/../lib/gcc/avr/5.4.0/../../../../avr/lib/avr5\libc.a(printf.o)
 .bss           0x00000000        0x0 c:/program files (x86)/atmel/studio/7.0/toolchain/avr8/avr8-gnu-toolchain/bin/../lib/gcc/avr/5.4.0/../../../../avr/lib/avr5\libc.a(printf.o)
 .text          0x00000000        0x0 c:/program files (x86)/atmel/studio/7.0/toolchain/avr8/avr8-gnu-toolchain/bin/../lib/gcc/avr/5.4.0/../../../../avr/lib/avr5\libc.a(puts.o)
 .data          0x00000000        0x0 c:/program files (x86)/atmel/studio/7.0/toolchain/avr8/avr8-gnu-toolchain/bin/../lib/gcc/avr/5.4.0/../../../../avr/lib/avr5\libc.a(puts.o)
 .bss           0x00000000        0x0 c:/program files (x86)/atmel/studio/7.0/toolchain/avr8/avr8-gnu-toolchain/bin/../lib/gcc/avr/5.4.0/../../../../avr/lib/avr5\libc.a(puts.o)
 .text.avr-libc
                0x00000000       0x60 c:/program files (x86)/atmel/studio/7.0/toolchain/avr8/avr8-gnu-toolchain/bin/../lib/gcc/avr/5.4.0/../../../../avr/lib/avr5\libc.a(puts.o)
 .comment       0x00000000       0x31 c:/program files (x86)/atmel/studio/7.0/toolchain/avr8/avr8-gnu-toolchain/bin/../lib/gcc/avr/5.4.0/../../../../avr/lib/avr5\libc.a(puts.o)
 .text          0x00000000        0x0 c:/program files (x86)/atmel/studio/7.0/toolchain/avr8/avr8-gnu-toolchain/bin/../lib/gcc/avr/5.4.0/../../../../avr/lib/avr5\libc.a(vfprintf_std.o)
 .data          0x00000000        0x0 c:/program files (x86)/atmel/studio/7.0/toolchain/avr8/avr8-gnu-toolchain/bin/../lib/gcc/avr/5.4.0/../../../../avr/lib/avr5\libc.a(vfprintf_std.o)
 .bss           0x00000000        0x0 c:/program files (x86)/atmel/studio/7.0/toolchain/avr8/avr8-gnu-toolchain/bin/../lib/gcc/avr/5.4.0/../../../../avr/lib/avr5\libc.a(vfprintf_std.o)
 .text          0x00000000        0x0 c:/program files (x86)/atmel/studio/7.0/toolchain/avr8/avr8-gnu-toolchain/bin/../lib/gcc/avr/5.4.0/../../../../avr/lib/avr5\libc.a(calloc.o)
 .data          0x00000000        0x0 c:/program files (x86)/atmel/studio/7.0/toolchain/avr8/avr8-gnu-toolchain/bin/../lib/gcc/avr/5.4.0/../../../../avr/lib/avr5\libc.a(calloc.o)
 .bss           0x00000000        0x0 c:/program files (x86)/atmel/studio/7.0/toolchain/avr8/avr8-gnu-toolchain/bin/../lib/gcc/avr/5.4.0/../../../../avr/lib/avr5\libc.a(calloc.o)
 .text          0x00000000        0x0 c:/program files (x86)/atmel/studio/7.0/toolchain/avr8/avr8-gnu-toolchain/bin/../lib/gcc/avr/5.4.0/../../../../avr/lib/avr5\libc.a(strnlen_P.o)
 .data          0x00000000        0x0 c:/program files (x86)/atmel/studio/7.0/toolchain/avr8/avr8-gnu-toolchain/bin/../lib/gcc/avr/5.4.0/../../../../avr/lib/avr5\libc.a(strnlen_P.o)
 .bss           0x00000000        0x0 c:/program files (x86)/atmel/studio/7.0/toolchain/avr8/avr8-gnu-toolchain/bin/../lib/gcc/avr/5.4.0/../../../../avr/lib/avr5\libc.a(strnlen_P.o)
 .text          0x00000000        0x0 c:/program files (x86)/atmel/studio/7.0/toolchain/avr8/avr8-gnu-toolchain/bin/../lib/gcc/avr/5.4.0/../../../../avr/lib/avr5\libc.a(memset.o)
 .data          0x00000000        0x0 c:/program files (x86)/atmel/studio/7.0/toolchain/avr8/avr8-gnu-toolchain/bin/../lib/gcc/avr/5.4.0/../../../../avr/lib/avr5\libc.a(memset.o)
 .bss           0x00000000        0x0 c:/program files (x86)/atmel/studio/7.0/toolchain/avr8/avr8-gnu-toolchain/bin/../lib/gcc/avr/5.4.0/../../../../avr/lib/avr5\libc.a(memset.o)
 .text          0x00000000        0x0 c:/program files (x86)/atmel/studio/7.0/toolchain/avr8/avr8-gnu-toolchain/bin/../lib/gcc/avr/5.4.0/../../../../avr/lib/avr5\libc.a(strnlen.o)
 .data          0x00000000        0x0 c:/program files (x86)/atmel/studio/7.0/toolchain/avr8/avr8-gnu-toolchain/bin/../lib/gcc/avr/5.4.0/../../../../avr/lib/avr5\libc.a(strnlen.o)
 .bss           0x00000000        0x0 c:/program files (x86)/atmel/studio/7.0/toolchain/avr8/avr8-gnu-toolchain/bin/../lib/gcc/avr/5.4.0/../../../../avr/lib/avr5\libc.a(strnlen.o)
 .text          0x00000000        0x0 c:/program files (x86)/atmel/studio/7.0/toolchain/avr8/avr8-gnu-toolchain/bin/../lib/gcc/avr/5.4.0/../../../../avr/lib/avr5\libc.a(fputc.o)
 .data          0x00000000        0x0 c:/program files (x86)/atmel/studio/7.0/toolchain/avr8/avr8-gnu-toolchain/bin/../lib/gcc/avr/5.4.0/../../../../avr/lib/avr5\libc.a(fputc.o)
 .bss           0x00000000        0x0 c:/program files (x86)/atmel/studio/7.0/toolchain/avr8/avr8-gnu-toolchain/bin/../lib/gcc/avr/5.4.0/../../../../avr/lib/avr5\libc.a(fputc.o)
 .text          0x00000000        0x0 c:/program files (x86)/atmel/studio/7.0/toolchain/avr8/avr8-gnu-toolchain/bin/../lib/gcc/avr/5.4.0/../../../../avr/lib/avr5\libc.a(ultoa_invert.o)
 .data          0x00000000        0x0 c:/program files (x86)/atmel/studio/7.0/toolchain/avr8/avr8-gnu-toolchain/bin/../lib/gcc/avr/5.4.0/../../../../avr/lib/avr5\libc.a(ultoa_invert.o)
 .bss           0x00000000        0x0 c:/program files (x86)/atmel/studio/7.0/toolchain/avr8/avr8-gnu-toolchain/bin/../lib/gcc/avr/5.4.0/../../../../avr/lib/avr5\libc.a(ultoa_invert.o)
 .text          0x00000000        0x0 c:/program files (x86)/atmel/studio/7.0/toolchain/avr8/avr8-gnu-toolchain/bin/../lib/gcc/avr/5.4.0/avr5\libgcc.a(_divmodsi4.o)
 .data          0x00000000        0x0 c:/program files (x86)/atmel/studio/7.0/toolchain/avr8/avr8-gnu-toolchain/bin/../lib/gcc/avr/5.4.0/avr5\libgcc.a(_divmodsi4.o)
 .bss           0x00000000        0x0 c:/program files (x86)/atmel/studio/7.0/toolchain/avr8/avr8-gnu-toolchain/bin/../lib/gcc/avr/5.4.0/avr5\libgcc.a(_divmodsi4.o)
 .text.libgcc.mul
                0x00000000        0x0 c:/program files (x86)/atmel/studio/7.0/toolchain/avr8/avr8-gnu-toolchain/bin/../lib/gcc/avr/5.4.0/avr5\libgcc.a(_divmodsi4.o)
 .text.libgcc.div
                0x00000000       0x2e c:/program files (x86)/atmel/studio/7.0/toolchain/avr8/avr8-gnu-toolchain/bin/../lib/gcc/avr/5.4.0/avr5\libgcc.a(_divmodsi4.o)
 .text.libgcc   0x00000000        0x0 c:/program files (x86)/atmel/studio/7.0/toolchain/avr8/avr8-gnu-toolchain/bin/../lib/gcc/avr/5.4.0/avr5\libgcc.a(_divmodsi4.o)
 .text.libgcc.prologue
                0x00000000        0x0 c:/program files (x86)/atmel/studio/7.0/toolchain/avr8/avr8-gnu-toolchain/bin/../lib/gcc/avr/5.4.0/avr5\libgcc.a(_divmodsi4.o)
 .text.libgcc.builtins
                0x00000000        0x0 c:/program files (x86)/atmel/studio/7.0/toolchain/avr8/avr8-gnu-toolchain/bin/../lib/gcc/avr/5.4.0/avr5\libgcc.a(_divmodsi4.o)
 .text.libgcc.fmul
                0x00000000        0x0 c:/program files (x86)/atmel/studio/7.0/toolchain/avr8/avr8-gnu-toolchain/bin/../lib/gcc/avr/5.4.0/avr5\libgcc.a(_divmodsi4.o)
 .text.libgcc.fixed
                0x00000000        0x0 c:/program files (x86)/atmel/studio/7.0/toolchain/avr8/avr8-gnu-toolchain/bin/../lib/gcc/avr/5.4.0/avr5\libgcc.a(_divmodsi4.o)
 .text          0x00000000        0x0 c:/program files (x86)/atmel/studio/7.0/toolchain/avr8/avr8-gnu-toolchain/bin/../lib/gcc/avr/5.4.0/avr5\libgcc.a(_negsi2.o)
 .data          0x00000000        0x0 c:/program files (x86)/atmel/studio/7.0/toolchain/avr8/avr8-gnu-toolchain/bin/../lib/gcc/avr/5.4.0/avr5\libgcc.a(_negsi2.o)
 .bss           0x00000000        0x0 c:/program files (x86)/atmel/studio/7.0/toolchain/avr8/avr8-gnu-toolchain/bin/../lib/gcc/avr/5.4.0/avr5\libgcc.a(_negsi2.o)
 .text.libgcc.mul
                0x00000000        0x0 c:/program files (x86)/atmel/studio/7.0/toolchain/avr8/avr8-gnu-toolchain/bin/../lib/gcc/avr/5.4.0/avr5\libgcc.a(_negsi2.o)
 .text.libgcc.div
                0x00000000       0x10 c:/program files (x86)/atmel/studio/7.0/toolchain/avr8/avr8-gnu-toolchain/bin/../lib/gcc/avr/5.4.0/avr5\libgcc.a(_negsi2.o)
 .text.libgcc   0x00000000        0x0 c:/program files (x86)/atmel/studio/7.0/toolchain/avr8/avr8-gnu-toolchain/bin/../lib/gcc/avr/5.4.0/avr5\libgcc.a(_negsi2.o)
 .text.libgcc.prologue
                0x00000000        0x0 c:/program files (x86)/atmel/studio/7.0/toolchain/avr8/avr8-gnu-toolchain/bin/../lib/gcc/avr/5.4.0/avr5\libgcc.a(_negsi2.o)
 .text.libgcc.builtins
                0x00000000        0x0 c:/program files (x86)/atmel/studio/7.0/toolchain/avr8/avr8-gnu-toolchain/bin/../lib/gcc/avr/5.4.0/avr5\libgcc.a(_negsi2.o)
 .text.libgcc.fmul
                0x00000000        0x0 c:/program files (x86)/atmel/studio/7.0/toolchain/avr8/avr8-gnu-toolchain/bin/../lib/gcc/avr/5.4.0/avr5\libgcc.a(_negsi2.o)
 .text.libgcc.fixed
                0x00000000        0x0 c:/program files (x86)/atmel/studio/7.0/toolchain/avr8/avr8-gnu-toolchain/bin/../lib/gcc/avr/5.4.0/avr5\libgcc.a(_negsi2.o)
 .text          0x00000000        0x0 c:/program files (x86)/atmel/studio/7.0/toolchain/avr8/avr8-gnu-toolchain/bin/../lib/gcc/avr/5.4.0/avr5\libgcc.a(_muluhisi3.o)
 .data          0x00000000        0x0 c:/program files (x86)/atmel/studio/7.0/toolchain/avr8/avr8-gnu-toolchain/bin/../lib/gcc/avr/5.4.0/avr5\libgcc.a(_muluhisi3.o)
 .bss           0x00000000        0x0 c:/program files (x86)/atmel/studio/7.0/toolchain/avr8/avr8-gnu-toolchain/bin/../lib/gcc/avr/5.4.0/avr5\libgcc.a(_muluhisi3.o)
 .text.libgcc.mul
                0x00000000       0x16 c:/program files (x86)/atmel/studio/7.0/toolchain/avr8/avr8-gnu-toolchain/bin/../lib/gcc/avr/5.4.0/avr5\libgcc.a(_muluhisi3.o)
 .text.libgcc.div
                0x00000000        0x0 c:/program files (x86)/atmel/studio/7.0/toolchain/avr8/avr8-gnu-toolchain/bin/../lib/gcc/avr/5.4.0/avr5\libgcc.a(_muluhisi3.o)
 .text.libgcc   0x00000000        0x0 c:/program files (x86)/atmel/studio/7.0/toolchain/avr8/avr8-gnu-toolchain/bin/../lib/gcc/avr/5.4.0/avr5\libgcc.a(_muluhisi3.o)
 .text.libgcc.prologue
                0x00000000        0x0 c:/program files (x86)/atmel/studio/7.0/toolchain/avr8/avr8-gnu-toolchain/bin/../lib/gcc/avr/5.4.0/avr5\libgcc.a(_muluhisi3.o)
 .text.libgcc.builtins
                0x00000000        0x0 c:/program files (x86)/atmel/studio/7.0/toolchain/avr8/avr8-gnu-toolchain/bin/../lib/gcc/avr/5.4.0/avr5\libgcc.a(_muluhisi3.o)
 .text.libgcc.fmul
                0x00000000        0x0 c:/program files (x86)/atmel/studio/7.0/toolchain/avr8/avr8-gnu-toolchain/bin/../lib/gcc/avr/5.4.0/avr5\libgcc.a(_muluhisi3.o)
 .text.libgcc.fixed
                0x00000000        0x0 c:/program files (x86)/atmel/studio/7.0/toolchain/avr8/avr8-gnu-toolchain/bin/../lib/gcc/avr/5.4.0/avr5\libgcc.a(_muluhisi3.o)
 .text          0x00000000        0x0 c:/program files (x86)/atmel/studio/7.0/toolchain/avr8/avr8-gnu-toolchain/bin/../lib/gcc/avr/5.4.0/avr5\libgcc.a(_mulshisi3.o)
 .data          0x00000000        0x0 c:/program files (x86)/atmel/studio/7.0/toolchain/avr8/avr8-gnu-toolchain/bin/../lib/gcc/avr/5.4.0/avr5\libgcc.a(_mulshisi3.o)
 .bss           0x00000000        0x0 c:/program files (x86)/atmel/studio/7.0/toolchain/avr8/avr8-gnu-toolchain/bin/../lib/gcc/avr/5.4.0/avr5\libgcc.a(_mulshisi3.o)
 .text.libgcc.mul
                0x00000000       0x10 c:/program files (x86)/atmel/studio/7.0/toolchain/avr8/avr8-gnu-toolchain/bin/../lib/gcc/avr/5.4.0/avr5\libgcc.a(_mulshisi3.o)
 .text.libgcc.div
                0x00000000        0x0 c:/program files (x86)/atmel/studio/7.0/toolchain/avr8/avr8-gnu-toolchain/bin/../lib/gcc/avr/5.4.0/avr5\libgcc.a(_mulshisi3.o)
 .text.libgcc   0x00000000        0x0 c:/program files (x86)/atmel/studio/7.0/toolchain/avr8/avr8-gnu-toolchain/bin/../lib/gcc/avr/5.4.0/avr5\libgcc.a(_mulshisi3.o)
 .text.libgcc.prologue
                0x00000000        0x0 c:/program files (x86)/atmel/studio/7.0/toolchain/avr8/avr8-gnu-toolchain/bin/../lib/gcc/avr/5.4.0/avr5\libgcc.a(_mulshisi3.o)
 .text.libgcc.builtins
                0x00000000        0x0 c:/program files (x86)/atmel/studio/7.0/toolchain/avr8/avr8-gnu-toolchain/bin/../lib/gcc/avr/5.4.0/avr5\libgcc.a(_mulshisi3.o)
 .text.libgcc.fmul
                0x00000000        0x0 c:/program files (x86)/atmel/studio/7.0/toolchain/avr8/avr8-gnu-toolchain/bin/../lib/gcc/avr/5.4.0/avr5\libgcc.a(_mulshisi3.o)
 .text.libgcc.fixed
                0x00000000        0x0 c:/program files (x86)/atmel/studio/7.0/toolchain/avr8/avr8-gnu-toolchain/bin/../lib/gcc/avr/5.4.0/avr5\libgcc.a(_mulshisi3.o)
 .text          0x00000000        0x0 c:/program files (x86)/atmel/studio/7.0/toolchain/avr8/avr8-gnu-toolchain/bin/../lib/gcc/avr/5.4.0/avr5\libgcc.a(_prologue.o)
 .data          0x00000000        0x0 c:/program files (x86)/atmel/studio/7.0/toolchain/avr8/avr8-gnu-toolchain/bin/../lib/gcc/avr/5.4.0/avr5\libgcc.a(_prologue.o)
 .bss           0x00000000        0x0 c:/program files (x86)/atmel/studio/7.0/toolchain/avr8/avr8-gnu-toolchain/bin/../lib/gcc/avr/5.4.0/avr5\libgcc.a(_prologue.o)
 .text.libgcc.mul
                0x00000000        0x0 c:/program files (x86)/atmel/studio/7.0/toolchain/avr8/avr8-gnu-toolchain/bin/../lib/gcc/avr/5.4.0/avr5\libgcc.a(_prologue.o)
 .text.libgcc.div
                0x00000000        0x0 c:/program files (x86)/atmel/studio/7.0/toolchain/avr8/avr8-gnu-toolchain/bin/../lib/gcc/avr/5.4.0/avr5\libgcc.a(_prologue.o)
 .text.libgcc   0x00000000        0x0 c:/program files (x86)/atmel/studio/7.0/toolchain/avr8/avr8-gnu-toolchain/bin/../lib/gcc/avr/5.4.0/avr5\libgcc.a(_prologue.o)
 .text.libgcc.builtins
                0x00000000        0x0 c:/program files (x86)/atmel/studio/7.0/toolchain/avr8/avr8-gnu-toolchain/bin/../lib/gcc/avr/5.4.0/avr5\libgcc.a(_prologue.o)
 .text.libgcc.fmul
                0x00000000        0x0 c:/program files (x86)/atmel/studio/7.0/toolchain/avr8/avr8-gnu-toolchain/bin/../lib/gcc/avr/5.4.0/avr5\libgcc.a(_prologue.o)
 .text.libgcc.fixed
                0x00000000        0x0 c:/program files (x86)/atmel/studio/7.0/toolchain/avr8/avr8-gnu-toolchain/bin/../lib/gcc/avr/5.4.0/avr5\libgcc.a(_prologue.o)
 .text          0x00000000        0x0 c:/program files (x86)/atmel/studio/7.0/toolchain/avr8/avr8-gnu-toolchain/bin/../lib/gcc/avr/5.4.0/avr5\libgcc.a(_epilogue.o)
 .data          0x00000000        0x0 c:/program files (x86)/atmel/studio/7.0/toolchain/avr8/avr8-gnu-toolchain/bin/../lib/gcc/avr/5.4.0/avr5\libgcc.a(_epilogue.o)
 .bss           0x00000000        0x0 c:/program files (x86)/atmel/studio/7.0/toolchain/avr8/avr8-gnu-toolchain/bin/../lib/gcc/avr/5.4.0/avr5\libgcc.a(_epilogue.o)
 .text.libgcc.mul
                0x00000000        0x0 c:/program files (x86)/atmel/studio/7.0/toolchain/avr8/avr8-gnu-toolchain/bin/../lib/gcc/avr/5.4.0/avr5\libgcc.a(_epilogue.o)
 .text.libgcc.div
                0x00000000        0x0 c:/program files (x86)/atmel/studio/7.0/toolchain/avr8/avr8-gnu-toolchain/bin/../lib/gcc/avr/5.4.0/avr5\libgcc.a(_epilogue.o)
 .text.libgcc   0x00000000        0x0 c:/program files (x86)/atmel/studio/7.0/toolchain/avr8/avr8-gnu-toolchain/bin/../lib/gcc/avr/5.4.0/avr5\libgcc.a(_epilogue.o)
 .text.libgcc.builtins
                0x00000000        0x0 c:/program files (x86)/atmel/studio/7.0/toolchain/avr8/avr8-gnu-toolchain/bin/../lib/gcc/avr/5.4.0/avr5\libgcc.a(_epilogue.o)
 .text.libgcc.fmul
                0x00000000        0x0 c:/program files (x86)/atmel/studio/7.0/toolchain/avr8/avr8-gnu-toolchain/bin/../lib/gcc/avr/5.4.0/avr5\libgcc.a(_epilogue.o)
 .text.libgcc.fixed
                0x00000000        0x0 c:/program files (x86)/atmel/studio/7.0/toolchain/avr8/avr8-gnu-toolchain/bin/../lib/gcc/avr/5.4.0/avr5\libgcc.a(_epilogue.o)
 .text          0x00000000        0x0 c:/program files (x86)/atmel/studio/7.0/toolchain/avr8/avr8-gnu-toolchain/bin/../lib/gcc/avr/5.4.0/avr5\libgcc.a(_udivmodsi4.o)
 .data          0x00000000        0x0 c:/program files (x86)/atmel/studio/7.0/toolchain/avr8/avr8-gnu-toolchain/bin/../lib/gcc/avr/5.4.0/avr5\libgcc.a(_udivmodsi4.o)
 .bss           0x00000000        0x0 c:/program files (x86)/atmel/studio/7.0/toolchain/avr8/avr8-gnu-toolchain/bin/../lib/gcc/avr/5.4.0/avr5\libgcc.a(_udivmodsi4.o)
 .text.libgcc.mul
                0x00000000        0x0 c:/program files (x86)/atmel/studio/7.0/toolchain/avr8/avr8-gnu-toolchain/bin/../lib/gcc/avr/5.4.0/avr5\libgcc.a(_udivmodsi4.o)
 .text.libgcc.div
                0x00000000       0x44 c:/program files (x86)/atmel/studio/7.0/toolchain/avr8/avr8-gnu-toolchain/bin/../lib/gcc/avr/5.4.0/avr5\libgcc.a(_udivmodsi4.o)
 .text.libgcc   0x00000000        0x0 c:/program files (x86)/atmel/studio/7.0/toolchain/avr8/avr8-gnu-toolchain/bin/../lib/gcc/avr/5.4.0/avr5\libgcc.a(_udivmodsi4.o)
 .text.libgcc.prologue
                0x00000000        0x0 c:/program files (x86)/atmel/studio/7.0/toolchain/avr8/avr8-gnu-toolchain/bin/../lib/gcc/avr/5.4.0/avr5\libgcc.a(_udivmodsi4.o)
 .text.libgcc.builtins
                0x00000000        0x0 c:/program files (x86)/atmel/studio/7.0/toolchain/avr8/avr8-gnu-toolchain/bin/../lib/gcc/avr/5.4.0/avr5\libgcc.a(_udivmodsi4.o)
 .text.libgcc.fmul
                0x00000000        0x0 c:/program files (x86)/atmel/studio/7.0/toolchain/avr8/avr8-gnu-toolchain/bin/../lib/gcc/avr/5.4.0/avr5\libgcc.a(_udivmodsi4.o)
 .text.libgcc.fixed
                0x00000000        0x0 c:/program files (x86)/atmel/studio/7.0/toolchain/avr8/avr8-gnu-toolchain/bin/../lib/gcc/avr/5.4.0/avr5\libgcc.a(_udivmodsi4.o)
 .text          0x00000000        0x0 c:/program files (x86)/atmel/studio/7.0/toolchain/avr8/avr8-gnu-toolchain/bin/../lib/gcc/avr/5.4.0/avr5\libgcc.a(_umulhisi3.o)
 .data          0x00000000        0x0 c:/program files (x86)/atmel/studio/7.0/toolchain/avr8/avr8-gnu-toolchain/bin/../lib/gcc/avr/5.4.0/avr5\libgcc.a(_umulhisi3.o)
 .bss           0x00000000        0x0 c:/program files (x86)/atmel/studio/7.0/toolchain/avr8/avr8-gnu-toolchain/bin/../lib/gcc/avr/5.4.0/avr5\libgcc.a(_umulhisi3.o)
 .text.libgcc.mul
                0x00000000       0x1e c:/program files (x86)/atmel/studio/7.0/toolchain/avr8/avr8-gnu-toolchain/bin/../lib/gcc/avr/5.4.0/avr5\libgcc.a(_umulhisi3.o)
 .text.libgcc.div
                0x00000000        0x0 c:/program files (x86)/atmel/studio/7.0/toolchain/avr8/avr8-gnu-toolchain/bin/../lib/gcc/avr/5.4.0/avr5\libgcc.a(_umulhisi3.o)
 .text.libgcc   0x00000000        0x0 c:/program files (x86)/atmel/studio/7.0/toolchain/avr8/avr8-gnu-toolchain/bin/../lib/gcc/avr/5.4.0/avr5\libgcc.a(_umulhisi3.o)
 .text.libgcc.prologue
                0x00000000        0x0 c:/program files (x86)/atmel/studio/7.0/toolchain/avr8/avr8-gnu-toolchain/bin/../lib/gcc/avr/5.4.0/avr5\libgcc.a(_umulhisi3.o)
 .text.libgcc.builtins
                0x00000000        0x0 c:/program files (x86)/atmel/studio/7.0/toolchain/avr8/avr8-gnu-toolchain/bin/../lib/gcc/avr/5.4.0/avr5\libgcc.a(_umulhisi3.o)
 .text.libgcc.fmul
                0x00000000        0x0 c:/program files (x86)/atmel/studio/7.0/toolchain/avr8/avr8-gnu-toolchain/bin/../lib/gcc/avr/5.4.0/avr5\libgcc.a(_umulhisi3.o)
 .text.libgcc.fixed
                0x00000000        0x0 c:/program files (x86)/atmel/studio/7.0/toolchain/avr8/avr8-gnu-toolchain/bin/../lib/gcc/avr/5.4.0/avr5\libgcc.a(_umulhisi3.o)

Memory Configuration

Name             Origin             Length             Attributes
text             0x00000000         0x00020000         xr
data             0x00800060         0x0000ffa0         rw !x
eeprom           0x00810000         0x00010000         rw !x
fuse             0x00820000         0x00000003         rw !x
lock             0x00830000         0x00000400         rw !x
signature        0x00840000         0x00000400         rw !x
user_signatures  0x00850000         0x00000400         rw !x
*default*        0x00000000         0xffffffff

Linker script and memory map

Address of section .data set to 0x800100
LOAD C:/Program Files (x86)/Atmel/Studio/7.0/Packs/Atmel/ATmega_DFP/1.3.300/gcc/dev/atmega162/avr5/crtatmega162.o
LOAD DRIVER_ADC.o
LOAD DRIVER_CAN.o
LOAD DRIVER_JOYSTICK.o
LOAD DRIVER_MENU.o
LOAD DRIVER_OLED.o
LOAD DRIVER_SLIDER.o
LOAD DRIVER_SPI.o
LOAD DRIVER_TIMER.o
LOAD DRIVER_USART.o
LOAD DRIVER_XMEM.o
LOAD DRIVER_MCP2515.o
LOAD main.o
LOAD util.o
START GROUP
LOAD c:/program files (x86)/atmel/studio/7.0/toolchain/avr8/avr8-gnu-toolchain/bin/../lib/gcc/avr/5.4.0/../../../../avr/lib/avr5\libm.a
END GROUP
START GROUP
LOAD c:/program files (x86)/atmel/studio/7.0/toolchain/avr8/avr8-gnu-toolchain/bin/../lib/gcc/avr/5.4.0/avr5\libgcc.a
LOAD c:/program files (x86)/atmel/studio/7.0/toolchain/avr8/avr8-gnu-toolchain/bin/../lib/gcc/avr/5.4.0/../../../../avr/lib/avr5\libm.a
LOAD c:/program files (x86)/atmel/studio/7.0/toolchain/avr8/avr8-gnu-toolchain/bin/../lib/gcc/avr/5.4.0/../../../../avr/lib/avr5\libc.a
LOAD C:/Program Files (x86)/Atmel/Studio/7.0/Packs/Atmel/ATmega_DFP/1.3.300/gcc/dev/atmega162/avr5\libatmega162.a
END GROUP
                0x00020000                __TEXT_REGION_LENGTH__ = DEFINED (__TEXT_REGION_LENGTH__)?__TEXT_REGION_LENGTH__:0x20000
                0x0000ffa0                __DATA_REGION_LENGTH__ = DEFINED (__DATA_REGION_LENGTH__)?__DATA_REGION_LENGTH__:0xffa0
                0x00010000                __EEPROM_REGION_LENGTH__ = DEFINED (__EEPROM_REGION_LENGTH__)?__EEPROM_REGION_LENGTH__:0x10000
                [0x00000003]                __FUSE_REGION_LENGTH__ = DEFINED (__FUSE_REGION_LENGTH__)?__FUSE_REGION_LENGTH__:0x400
                0x00000400                __LOCK_REGION_LENGTH__ = DEFINED (__LOCK_REGION_LENGTH__)?__LOCK_REGION_LENGTH__:0x400
                0x00000400                __SIGNATURE_REGION_LENGTH__ = DEFINED (__SIGNATURE_REGION_LENGTH__)?__SIGNATURE_REGION_LENGTH__:0x400
                0x00000400                __USER_SIGNATURE_REGION_LENGTH__ = DEFINED (__USER_SIGNATURE_REGION_LENGTH__)?__USER_SIGNATURE_REGION_LENGTH__:0x400

.hash
 *(.hash)

.dynsym
 *(.dynsym)

.dynstr
 *(.dynstr)

.gnu.version
 *(.gnu.version)

.gnu.version_d
 *(.gnu.version_d)

.gnu.version_r
 *(.gnu.version_r)

.rel.init
 *(.rel.init)

.rela.init
 *(.rela.init)

.rel.text
 *(.rel.text)
 *(.rel.text.*)
 *(.rel.gnu.linkonce.t*)

.rela.text
 *(.rela.text)
 *(.rela.text.*)
 *(.rela.gnu.linkonce.t*)

.rel.fini
 *(.rel.fini)

.rela.fini
 *(.rela.fini)

.rel.rodata
 *(.rel.rodata)
 *(.rel.rodata.*)
 *(.rel.gnu.linkonce.r*)

.rela.rodata
 *(.rela.rodata)
 *(.rela.rodata.*)
 *(.rela.gnu.linkonce.r*)

.rel.data
 *(.rel.data)
 *(.rel.data.*)
 *(.rel.gnu.linkonce.d*)

.rela.data
 *(.rela.data)
 *(.rela.data.*)
 *(.rela.gnu.linkonce.d*)

.rel.ctors
 *(.rel.ctors)

.rela.ctors
 *(.rela.ctors)

.rel.dtors
 *(.rel.dtors)

.rela.dtors
 *(.rela.dtors)

.rel.got
 *(.rel.got)

.rela.got
 *(.rela.got)

.rel.bss
 *(.rel.bss)

.rela.bss
 *(.rela.bss)

.rel.plt
 *(.rel.plt)

.rela.plt
 *(.rela.plt)

.text           0x00000000     0x2e2e
 *(.vectors)
 .vectors       0x00000000       0x70 C:/Program Files (x86)/Atmel/Studio/7.0/Packs/Atmel/ATmega_DFP/1.3.300/gcc/dev/atmega162/avr5/crtatmega162.o
                0x00000000                __vector_default
                0x00000000                __vectors
 *(.vectors)
 *(.progmem.gcc*)
                0x00000070                . = ALIGN (0x2)
                0x00000070                __trampolines_start = .
 *(.trampolines)
 .trampolines   0x00000070        0x0 linker stubs
 *(.trampolines*)
                0x00000070                __trampolines_end = .
 *libprintf_flt.a:*(.progmem.data)
 *libc.a:*(.progmem.data)
 *(.progmem*)
 .progmem.data.font_animation
                0x00000070      0x2f8 DRIVER_OLED.o
                0x00000070                font_animation
 .progmem.data.font4
                0x00000368      0x17c DRIVER_OLED.o
                0x00000368                font4
 .progmem.data.font6
                0x000004e4      0x23a DRIVER_OLED.o
                0x000004e4                font6
 .progmem.data.font8
                0x0000071e      0x2f8 DRIVER_OLED.o
                0x0000071e                font8
 .progmem.data.table
                0x00000a16       0xb0 DRIVER_OLED.o
                0x00000a16                table
 .progmem.data.gameover_8
                0x00000ac6        0x1 DRIVER_OLED.o
                0x00000ac6                gameover_8
 .progmem.data.gameover_7
                0x00000ac7        0x1 DRIVER_OLED.o
                0x00000ac7                gameover_7
 .progmem.data.gameover_6
                0x00000ac8        0x1 DRIVER_OLED.o
                0x00000ac8                gameover_6
 .progmem.data.gameover_5
                0x00000ac9        0x1 DRIVER_OLED.o
                0x00000ac9                gameover_5
 .progmem.data.gameover_4
                0x00000aca        0xe DRIVER_OLED.o
                0x00000aca                gameover_4
 .progmem.data.gameover_3
                0x00000ad8        0x1 DRIVER_OLED.o
                0x00000ad8                gameover_3
 .progmem.data.gameover_2
                0x00000ad9        0xa DRIVER_OLED.o
                0x00000ad9                gameover_2
 .progmem.data.gameover_1
                0x00000ae3        0x1 DRIVER_OLED.o
                0x00000ae3                gameover_1
 .progmem.data.animation_8
                0x00000ae4        0x1 DRIVER_OLED.o
                0x00000ae4                animation_8
 .progmem.data.animation_7
                0x00000ae5        0x1 DRIVER_OLED.o
                0x00000ae5                animation_7
 .progmem.data.animation_6
                0x00000ae6        0x1 DRIVER_OLED.o
                0x00000ae6                animation_6
 .progmem.data.animation_5
                0x00000ae7        0x1 DRIVER_OLED.o
                0x00000ae7                animation_5
 .progmem.data.animation_4
                0x00000ae8        0x1 DRIVER_OLED.o
                0x00000ae8                animation_4
 .progmem.data.animation_3
                0x00000ae9        0x1 DRIVER_OLED.o
                0x00000ae9                animation_3
 .progmem.data.animation_2
                0x00000aea        0x1 DRIVER_OLED.o
                0x00000aea                animation_2
 .progmem.data.animation_1
                0x00000aeb        0xa DRIVER_OLED.o
                0x00000aeb                animation_1
 .progmem.data.calibrate_8
                0x00000af5        0x1 DRIVER_OLED.o
                0x00000af5                calibrate_8
 .progmem.data.calibrate_7
                0x00000af6        0x1 DRIVER_OLED.o
                0x00000af6                calibrate_7
 .progmem.data.calibrate_6
                0x00000af7        0xf DRIVER_OLED.o
                0x00000af7                calibrate_6
 .progmem.data.calibrate_5
                0x00000b06        0xd DRIVER_OLED.o
                0x00000b06                calibrate_5
 .progmem.data.calibrate_4
                0x00000b13        0x1 DRIVER_OLED.o
                0x00000b13                calibrate_4
 .progmem.data.calibrate_3
                0x00000b14        0xc DRIVER_OLED.o
                0x00000b14                calibrate_3
 .progmem.data.calibrate_2
                0x00000b20        0x1 DRIVER_OLED.o
                0x00000b20                calibrate_2
 .progmem.data.calibrate_1
                0x00000b21        0x1 DRIVER_OLED.o
                0x00000b21                calibrate_1
 .progmem.data.slider_8
                0x00000b22        0x1 DRIVER_OLED.o
                0x00000b22                slider_8
 .progmem.data.slider_7
                0x00000b23        0x1 DRIVER_OLED.o
                0x00000b23                slider_7
 .progmem.data.slider_6
                0x00000b24        0x1 DRIVER_OLED.o
                0x00000b24                slider_6
 .progmem.data.slider_5
                0x00000b25        0x1 DRIVER_OLED.o
                0x00000b25                slider_5
 .progmem.data.slider_4
                0x00000b26        0x7 DRIVER_OLED.o
                0x00000b26                slider_4
 .progmem.data.slider_3
                0x00000b2d        0x7 DRIVER_OLED.o
                0x00000b2d                slider_3
 .progmem.data.slider_2
                0x00000b34        0x1 DRIVER_OLED.o
                0x00000b34                slider_2
 .progmem.data.slider_1
                0x00000b35        0x1 DRIVER_OLED.o
                0x00000b35                slider_1
 .progmem.data.joystick_8
                0x00000b36        0x1 DRIVER_OLED.o
                0x00000b36                joystick_8
 .progmem.data.joystick_7
                0x00000b37        0x1 DRIVER_OLED.o
                0x00000b37                joystick_7
 .progmem.data.joystick_6
                0x00000b38        0x1 DRIVER_OLED.o
                0x00000b38                joystick_6
 .progmem.data.joystick_5
                0x00000b39        0x1 DRIVER_OLED.o
                0x00000b39                joystick_5
 .progmem.data.joystick_4
                0x00000b3a        0x7 DRIVER_OLED.o
                0x00000b3a                joystick_4
 .progmem.data.joystick_3
                0x00000b41        0x9 DRIVER_OLED.o
                0x00000b41                joystick_3
 .progmem.data.joystick_2
                0x00000b4a        0x1 DRIVER_OLED.o
                0x00000b4a                joystick_2
 .progmem.data.joystick_1
                0x00000b4b        0x1 DRIVER_OLED.o
                0x00000b4b                joystick_1
 .progmem.data.controllerP_8
                0x00000b4c        0x1 DRIVER_OLED.o
                0x00000b4c                controllerP_8
 .progmem.data.controllerP_7
                0x00000b4d        0x1 DRIVER_OLED.o
                0x00000b4d                controllerP_7
 .progmem.data.controllerP_6
                0x00000b4e        0x1 DRIVER_OLED.o
                0x00000b4e                controllerP_6
 .progmem.data.controllerP_5
                0x00000b4f        0x1 DRIVER_OLED.o
                0x00000b4f                controllerP_5
 .progmem.data.controllerP_4
                0x00000b50        0x9 DRIVER_OLED.o
                0x00000b50                controllerP_4
 .progmem.data.controllerP_3
                0x00000b59        0xb DRIVER_OLED.o
                0x00000b59                controllerP_3
 .progmem.data.controllerP_2
                0x00000b64        0x1 DRIVER_OLED.o
                0x00000b64                controllerP_2
 .progmem.data.controllerP_1
                0x00000b65        0x1 DRIVER_OLED.o
                0x00000b65                controllerP_1
 .progmem.data.controller_8
                0x00000b66        0x1 DRIVER_OLED.o
                0x00000b66                controller_8
 .progmem.data.controller_7
                0x00000b67        0x1 DRIVER_OLED.o
                0x00000b67                controller_7
 .progmem.data.controller_6
                0x00000b68        0x1 DRIVER_OLED.o
                0x00000b68                controller_6
 .progmem.data.controller_5
                0x00000b69        0x1 DRIVER_OLED.o
                0x00000b69                controller_5
 .progmem.data.controller_4
                0x00000b6a        0x7 DRIVER_OLED.o
                0x00000b6a                controller_4
 .progmem.data.controller_3
                0x00000b71        0x9 DRIVER_OLED.o
                0x00000b71                controller_3
 .progmem.data.controller_2
                0x00000b7a        0x1 DRIVER_OLED.o
                0x00000b7a                controller_2
 .progmem.data.controller_1
                0x00000b7b        0xb DRIVER_OLED.o
                0x00000b7b                controller_1
 .progmem.data.p2_8
                0x00000b86        0x1 DRIVER_OLED.o
                0x00000b86                p2_8
 .progmem.data.p2_7
                0x00000b87        0x1 DRIVER_OLED.o
                0x00000b87                p2_7
 .progmem.data.p2_6
                0x00000b88        0x1 DRIVER_OLED.o
                0x00000b88                p2_6
 .progmem.data.p2_5
                0x00000b89        0x1 DRIVER_OLED.o
                0x00000b89                p2_5
 .progmem.data.p2_4
                0x00000b8a        0x1 DRIVER_OLED.o
                0x00000b8a                p2_4
 .progmem.data.p2_3
                0x00000b8b        0x5 DRIVER_OLED.o
                0x00000b8b                p2_3
 .progmem.data.p2_2
                0x00000b90        0x7 DRIVER_OLED.o
                0x00000b90                p2_2
 .progmem.data.p2_1
                0x00000b97        0x1 DRIVER_OLED.o
                0x00000b97                p2_1
 .progmem.data.p1_8
                0x00000b98        0x1 DRIVER_OLED.o
                0x00000b98                p1_8
 .progmem.data.p1_7
                0x00000b99        0x1 DRIVER_OLED.o
                0x00000b99                p1_7
 .progmem.data.p1_6
                0x00000b9a       0x10 DRIVER_OLED.o
                0x00000b9a                p1_6
 .progmem.data.p1_5
                0x00000baa        0xc DRIVER_OLED.o
                0x00000baa                p1_5
 .progmem.data.p1_4
                0x00000bb6        0x1 DRIVER_OLED.o
                0x00000bb6                p1_4
 .progmem.data.p1_3
                0x00000bb7        0xc DRIVER_OLED.o
                0x00000bb7                p1_3
 .progmem.data.p1_2
                0x00000bc3        0xb DRIVER_OLED.o
                0x00000bc3                p1_2
 .progmem.data.p1_1
                0x00000bce        0x1 DRIVER_OLED.o
                0x00000bce                p1_1
 .progmem.data.mainP_8
                0x00000bcf        0x1 DRIVER_OLED.o
                0x00000bcf                mainP_8
 .progmem.data.mainP_7
                0x00000bd0        0xc DRIVER_OLED.o
                0x00000bd0                mainP_7
 .progmem.data.mainP_6
                0x00000bdc        0xc DRIVER_OLED.o
                0x00000bdc                mainP_6
 .progmem.data.mainP_5
                0x00000be8        0xd DRIVER_OLED.o
                0x00000be8                mainP_5
 .progmem.data.mainP_4
                0x00000bf5        0xa DRIVER_OLED.o
                0x00000bf5                mainP_4
 .progmem.data.mainP_3
                0x00000bff        0xa DRIVER_OLED.o
                0x00000bff                mainP_3
 .progmem.data.mainP_2
                0x00000c09        0x1 DRIVER_OLED.o
                0x00000c09                mainP_2
 .progmem.data.mainP_1
                0x00000c0a        0x1 DRIVER_OLED.o
                0x00000c0a                mainP_1
 .progmem.data.main_8
                0x00000c0b        0x1 DRIVER_OLED.o
                0x00000c0b                main_8
 .progmem.data.main_7
                0x00000c0c        0xa DRIVER_OLED.o
                0x00000c0c                main_7
 .progmem.data.main_6
                0x00000c16        0xa DRIVER_OLED.o
                0x00000c16                main_6
 .progmem.data.main_5
                0x00000c20        0xb DRIVER_OLED.o
                0x00000c20                main_5
 .progmem.data.main_4
                0x00000c2b        0x8 DRIVER_OLED.o
                0x00000c2b                main_4
 .progmem.data.main_3
                0x00000c33        0x8 DRIVER_OLED.o
                0x00000c33                main_3
 .progmem.data.main_2
                0x00000c3b        0x1 DRIVER_OLED.o
                0x00000c3b                main_2
 .progmem.data.main_1
                0x00000c3c        0x9 DRIVER_OLED.o
                0x00000c3c                main_1
                0x00000c46                . = ALIGN (0x2)
 *fill*         0x00000c45        0x1 
 *(.jumptables)
 *(.jumptables*)
 *(.lowtext)
 *(.lowtext*)
                0x00000c46                __ctors_start = .
 *(.ctors)
                0x00000c46                __ctors_end = .
                0x00000c46                __dtors_start = .
 *(.dtors)
                0x00000c46                __dtors_end = .
 SORT(*)(.ctors)
 SORT(*)(.dtors)
 *(.init0)
 .init0         0x00000c46        0x0 C:/Program Files (x86)/Atmel/Studio/7.0/Packs/Atmel/ATmega_DFP/1.3.300/gcc/dev/atmega162/avr5/crtatmega162.o
                0x00000c46                __init
 *(.init0)
 *(.init1)
 *(.init1)
 *(.init2)
 .init2         0x00000c46        0xc C:/Program Files (x86)/Atmel/Studio/7.0/Packs/Atmel/ATmega_DFP/1.3.300/gcc/dev/atmega162/avr5/crtatmega162.o
 *(.init2)
 *(.init3)
 *(.init3)
 *(.init4)
 .init4         0x00000c52       0x16 c:/program files (x86)/atmel/studio/7.0/toolchain/avr8/avr8-gnu-toolchain/bin/../lib/gcc/avr/5.4.0/avr5\libgcc.a(_copy_data.o)
                0x00000c52                __do_copy_data
 .init4         0x00000c68       0x10 c:/program files (x86)/atmel/studio/7.0/toolchain/avr8/avr8-gnu-toolchain/bin/../lib/gcc/avr/5.4.0/avr5\libgcc.a(_clear_bss.o)
                0x00000c68                __do_clear_bss
 *(.init4)
 *(.init5)
 *(.init5)
 *(.init6)
 *(.init6)
 *(.init7)
 *(.init7)
 *(.init8)
 *(.init8)
 *(.init9)
 .init9         0x00000c78        0x8 C:/Program Files (x86)/Atmel/Studio/7.0/Packs/Atmel/ATmega_DFP/1.3.300/gcc/dev/atmega162/avr5/crtatmega162.o
 *(.init9)
 *(.text)
 .text          0x00000c80        0x4 C:/Program Files (x86)/Atmel/Studio/7.0/Packs/Atmel/ATmega_DFP/1.3.300/gcc/dev/atmega162/avr5/crtatmega162.o
                0x00000c80                __vector_22
                0x00000c80                __vector_24
                0x00000c80                __vector_12
                0x00000c80                __bad_interrupt
                0x00000c80                __vector_6
                0x00000c80                __vector_3
                0x00000c80                __vector_23
                0x00000c80                __vector_25
                0x00000c80                __vector_11
                0x00000c80                __vector_13
                0x00000c80                __vector_17
                0x00000c80                __vector_19
                0x00000c80                __vector_7
                0x00000c80                __vector_27
                0x00000c80                __vector_5
                0x00000c80                __vector_4
                0x00000c80                __vector_9
                0x00000c80                __vector_2
                0x00000c80                __vector_21
                0x00000c80                __vector_15
                0x00000c80                __vector_8
                0x00000c80                __vector_26
                0x00000c80                __vector_14
                0x00000c80                __vector_18
                0x00000c80                __vector_20
                0x00000c84                . = ALIGN (0x2)
 *(.text.*)
 .text.clock_init
                0x00000c84       0x2e DRIVER_ADC.o
                0x00000c84                clock_init
 .text.adc_init
                0x00000cb2        0x6 DRIVER_ADC.o
                0x00000cb2                adc_init
 .text.adc_read
                0x00000cb8       0x32 DRIVER_ADC.o
                0x00000cb8                adc_read
 .text.can_init
                0x00000cea       0x44 DRIVER_CAN.o
                0x00000cea                can_init
 .text.can_send_message
                0x00000d2e       0x72 DRIVER_CAN.o
                0x00000d2e                can_send_message
 .text.__vector_1
                0x00000da0       0x1e DRIVER_CAN.o
                0x00000da0                __vector_1
 .text.can_clearIfInterrupted
                0x00000dbe       0x22 DRIVER_CAN.o
                0x00000dbe                can_clearIfInterrupted
 .text.joystick_calibrate
                0x00000de0       0xa0 DRIVER_JOYSTICK.o
                0x00000de0                joystick_calibrate
 .text.joystick_getPosition
                0x00000e80       0xec DRIVER_JOYSTICK.o
                0x00000e80                joystick_getPosition
 .text.joystick_getDirection
                0x00000f6c       0x40 DRIVER_JOYSTICK.o
                0x00000f6c                joystick_getDirection
 .text.joystick_sendPositionButtonCan
                0x00000fac       0x44 DRIVER_JOYSTICK.o
                0x00000fac                joystick_sendPositionButtonCan
 .text.f_controller
                0x00000ff0       0x1a DRIVER_MENU.o
                0x00000ff0                f_controller
 .text.f_2player
                0x0000100a       0x4a DRIVER_MENU.o
                0x0000100a                f_2player
 .text.f_1player
                0x00001054      0x15c DRIVER_MENU.o
                0x00001054                f_1player
 .text.f_joystick
                0x000011b0       0x5a DRIVER_MENU.o
                0x000011b0                f_joystick
 .text.f_slider
                0x0000120a       0x5a DRIVER_MENU.o
                0x0000120a                f_slider
 .text.f_calibrate
                0x00001264       0x60 DRIVER_MENU.o
                0x00001264                f_calibrate
 .text.f_animation
                0x000012c4       0x40 DRIVER_MENU.o
                0x000012c4                f_animation
 .text.Menu_new_submenu
                0x00001304       0x9a DRIVER_MENU.o
                0x00001304                Menu_new_submenu
 .text.menu_init
                0x0000139e       0xd6 DRIVER_MENU.o
                0x0000139e                menu_init
 .text.navigate
                0x00001474      0x19e DRIVER_MENU.o
                0x00001474                navigate
 .text.oled_mode
                0x00001612       0x18 DRIVER_OLED.o
                0x00001612                oled_mode
 .text.oled_goto_page
                0x0000162a       0x30 DRIVER_OLED.o
                0x0000162a                oled_goto_page
 .text.oled_goto_col
                0x0000165a       0x42 DRIVER_OLED.o
                0x0000165a                oled_goto_col
 .text.oled_goto_pos
                0x0000169c       0x12 DRIVER_OLED.o
                0x0000169c                oled_goto_pos
 .text.oled_home
                0x000016ae        0xa DRIVER_OLED.o
                0x000016ae                oled_home
 .text.oled_clear_page
                0x000016b8       0x22 DRIVER_OLED.o
                0x000016b8                oled_clear_page
 .text.oled_clear_screen
                0x000016da       0x56 DRIVER_OLED.o
                0x000016da                oled_clear_screen
 .text.oled_reset
                0x00001730       0x10 DRIVER_OLED.o
                0x00001730                oled_reset
 .text.oled_write_char
                0x00001740      0x18a DRIVER_OLED.o
                0x00001740                oled_write_char
 .text.oled_print
                0x000018ca       0x54 DRIVER_OLED.o
                0x000018ca                oled_print
 .text.oled_center_print
                0x0000191e       0x46 DRIVER_OLED.o
                0x0000191e                oled_center_print
 .text.oled_arrow
                0x00001964       0x42 DRIVER_OLED.o
                0x00001964                oled_arrow
 .text.oled_animation_frame
                0x000019a6       0x50 DRIVER_OLED.o
                0x000019a6                oled_animation_frame
 .text.oled_animation
                0x000019f6      0x236 DRIVER_OLED.o
                0x000019f6                oled_animation
 .text.oled_init
                0x00001c2c      0x114 DRIVER_OLED.o
                0x00001c2c                oled_init
 .text.oled_print_screen_progmem
                0x00001d40       0x6c DRIVER_OLED.o
                0x00001d40                oled_print_screen_progmem
 .text.oled_print_page_progmem
                0x00001dac       0x66 DRIVER_OLED.o
                0x00001dac                oled_print_page_progmem
 .text.oled_print_time_used
                0x00001e12       0x78 DRIVER_OLED.o
                0x00001e12                oled_print_time_used
 .text.slider_getPosition
                0x00001e8a       0xb8 DRIVER_SLIDER.o
                0x00001e8a                slider_getPosition
 .text.slider_sendPositionButtonCan
                0x00001f42       0x44 DRIVER_SLIDER.o
                0x00001f42                slider_sendPositionButtonCan
 .text.spi_init
                0x00001f86        0xe DRIVER_SPI.o
                0x00001f86                spi_init
 .text.spi_send
                0x00001f94        0x8 DRIVER_SPI.o
                0x00001f94                spi_send
 .text.spi_read
                0x00001f9c        0xc DRIVER_SPI.o
                0x00001f9c                spi_read
 .text.timer_init
                0x00001fa8       0x3c DRIVER_TIMER.o
                0x00001fa8                timer_init
 .text.timer_get_seconds
                0x00001fe4        0xa DRIVER_TIMER.o
                0x00001fe4                timer_get_seconds
 .text.timer_get_mseconds
                0x00001fee        0xa DRIVER_TIMER.o
                0x00001fee                timer_get_mseconds
 .text.__vector_16
                0x00001ff8       0xd0 DRIVER_TIMER.o
                0x00001ff8                __vector_16
 .text.timer2_init
                0x000020c8       0x26 DRIVER_TIMER.o
                0x000020c8                timer2_init
 .text.timer2_stop
                0x000020ee       0x10 DRIVER_TIMER.o
                0x000020ee                timer2_stop
 .text.timer2_start
                0x000020fe        0xe DRIVER_TIMER.o
                0x000020fe                timer2_start
 .text.timer2_set_ctrl
                0x0000210c        0x6 DRIVER_TIMER.o
                0x0000210c                timer2_set_ctrl
 .text.__vector_10
                0x00002112       0x5e DRIVER_TIMER.o
                0x00002112                __vector_10
 .text.USART_Init
                0x00002170       0x1a DRIVER_USART.o
                0x00002170                USART_Init
 .text.USART_Transmit
                0x0000218a        0x8 DRIVER_USART.o
                0x0000218a                USART_Transmit
 .text.USART_PUTCHAR
                0x00002192        0xa DRIVER_USART.o
                0x00002192                USART_PUTCHAR
 .text.xmem_init
                0x0000219c        0xe DRIVER_XMEM.o
                0x0000219c                xmem_init
 .text.xmem_write
                0x000021aa        0x8 DRIVER_XMEM.o
                0x000021aa                xmem_write
 .text.xmem_read
                0x000021b2        0x8 DRIVER_XMEM.o
                0x000021b2                xmem_read
 .text.mcp_read
                0x000021ba       0x1c DRIVER_MCP2515.o
                0x000021ba                mcp_read
 .text.mcp_write
                0x000021d6       0x24 DRIVER_MCP2515.o
                0x000021d6                mcp_write
 .text.mcp_req_to_send
                0x000021fa        0xa DRIVER_MCP2515.o
                0x000021fa                mcp_req_to_send
 .text.mcp_bit_modify
                0x00002204       0x30 DRIVER_MCP2515.o
                0x00002204                mcp_bit_modify
 .text.mcp_reset
                0x00002234       0x18 DRIVER_MCP2515.o
                0x00002234                mcp_reset
 .text.mcp_init
                0x0000224c       0x3c DRIVER_MCP2515.o
                0x0000224c                mcp_init
 .text.main     0x00002288       0x2e main.o
                0x00002288                main
 .text.util_sort
                0x000022b6       0x58 util.o
                0x000022b6                util_sort
 .text.util_median
                0x0000230e       0x30 util.o
                0x0000230e                util_median
 .text.libgcc.div
                0x0000233e       0x28 c:/program files (x86)/atmel/studio/7.0/toolchain/avr8/avr8-gnu-toolchain/bin/../lib/gcc/avr/5.4.0/avr5\libgcc.a(_divmodhi4.o)
                0x0000233e                _div
                0x0000233e                __divmodhi4
 .text.libgcc.div
                0x00002366       0x28 c:/program files (x86)/atmel/studio/7.0/toolchain/avr8/avr8-gnu-toolchain/bin/../lib/gcc/avr/5.4.0/avr5\libgcc.a(_udivmodhi4.o)
                0x00002366                __udivmodhi4
 .text.avr-libc
                0x0000238e      0x242 c:/program files (x86)/atmel/studio/7.0/toolchain/avr8/avr8-gnu-toolchain/bin/../lib/gcc/avr/5.4.0/../../../../avr/lib/avr5\libc.a(malloc.o)
                0x0000238e                malloc
                0x000024be                free
 .text.avr-libc
                0x000025d0      0x18c c:/program files (x86)/atmel/studio/7.0/toolchain/avr8/avr8-gnu-toolchain/bin/../lib/gcc/avr/5.4.0/../../../../avr/lib/avr5\libc.a(realloc.o)
                0x000025d0                realloc
 .text.avr-libc
                0x0000275c        0xe c:/program files (x86)/atmel/studio/7.0/toolchain/avr8/avr8-gnu-toolchain/bin/../lib/gcc/avr/5.4.0/../../../../avr/lib/avr5\libc.a(strcpy_P.o)
                0x0000275c                strcpy_P
 .text.avr-libc
                0x0000276a       0x12 c:/program files (x86)/atmel/studio/7.0/toolchain/avr8/avr8-gnu-toolchain/bin/../lib/gcc/avr/5.4.0/../../../../avr/lib/avr5\libc.a(memcpy.o)
                0x0000276a                memcpy
 .text.avr-libc
                0x0000277c       0x16 c:/program files (x86)/atmel/studio/7.0/toolchain/avr8/avr8-gnu-toolchain/bin/../lib/gcc/avr/5.4.0/../../../../avr/lib/avr5\libc.a(strcat.o)
                0x0000277c                strcat
 .text.avr-libc
                0x00002792       0x96 c:/program files (x86)/atmel/studio/7.0/toolchain/avr8/avr8-gnu-toolchain/bin/../lib/gcc/avr/5.4.0/../../../../avr/lib/avr5\libc.a(fdevopen.o)
                0x00002792                fdevopen
 .text.avr-libc
                0x00002828       0x2c c:/program files (x86)/atmel/studio/7.0/toolchain/avr8/avr8-gnu-toolchain/bin/../lib/gcc/avr/5.4.0/../../../../avr/lib/avr5\libc.a(printf.o)
                0x00002828                printf
 .text.avr-libc
                0x00002854      0x3c2 c:/program files (x86)/atmel/studio/7.0/toolchain/avr8/avr8-gnu-toolchain/bin/../lib/gcc/avr/5.4.0/../../../../avr/lib/avr5\libc.a(vfprintf_std.o)
                0x00002854                vfprintf
 .text.avr-libc
                0x00002c16       0x38 c:/program files (x86)/atmel/studio/7.0/toolchain/avr8/avr8-gnu-toolchain/bin/../lib/gcc/avr/5.4.0/../../../../avr/lib/avr5\libc.a(calloc.o)
                0x00002c16                calloc
 .text.avr-libc
                0x00002c4e       0x16 c:/program files (x86)/atmel/studio/7.0/toolchain/avr8/avr8-gnu-toolchain/bin/../lib/gcc/avr/5.4.0/../../../../avr/lib/avr5\libc.a(strnlen_P.o)
                0x00002c4e                strnlen_P
 .text.avr-libc
                0x00002c64        0xe c:/program files (x86)/atmel/studio/7.0/toolchain/avr8/avr8-gnu-toolchain/bin/../lib/gcc/avr/5.4.0/../../../../avr/lib/avr5\libc.a(memset.o)
                0x00002c64                memset
 .text.avr-libc
                0x00002c72       0x16 c:/program files (x86)/atmel/studio/7.0/toolchain/avr8/avr8-gnu-toolchain/bin/../lib/gcc/avr/5.4.0/../../../../avr/lib/avr5\libc.a(strnlen.o)
                0x00002c72                strnlen
 .text.avr-libc
                0x00002c88       0x78 c:/program files (x86)/atmel/studio/7.0/toolchain/avr8/avr8-gnu-toolchain/bin/../lib/gcc/avr/5.4.0/../../../../avr/lib/avr5\libc.a(fputc.o)
                0x00002c88                fputc
 .text.avr-libc
                0x00002d00       0xbc c:/program files (x86)/atmel/studio/7.0/toolchain/avr8/avr8-gnu-toolchain/bin/../lib/gcc/avr/5.4.0/../../../../avr/lib/avr5\libc.a(ultoa_invert.o)
                0x00002d00                __ultoa_invert
 .text.libgcc.prologue
                0x00002dbc       0x38 c:/program files (x86)/atmel/studio/7.0/toolchain/avr8/avr8-gnu-toolchain/bin/../lib/gcc/avr/5.4.0/avr5\libgcc.a(_prologue.o)
                0x00002dbc                __prologue_saves__
 .text.libgcc.prologue
                0x00002df4       0x36 c:/program files (x86)/atmel/studio/7.0/toolchain/avr8/avr8-gnu-toolchain/bin/../lib/gcc/avr/5.4.0/avr5\libgcc.a(_epilogue.o)
                0x00002df4                __epilogue_restores__
                0x00002e2a                . = ALIGN (0x2)
 *(.fini9)
 .fini9         0x00002e2a        0x0 c:/program files (x86)/atmel/studio/7.0/toolchain/avr8/avr8-gnu-toolchain/bin/../lib/gcc/avr/5.4.0/avr5\libgcc.a(_exit.o)
                0x00002e2a                _exit
                0x00002e2a                exit
 *(.fini9)
 *(.fini8)
 *(.fini8)
 *(.fini7)
 *(.fini7)
 *(.fini6)
 *(.fini6)
 *(.fini5)
 *(.fini5)
 *(.fini4)
 *(.fini4)
 *(.fini3)
 *(.fini3)
 *(.fini2)
 *(.fini2)
 *(.fini1)
 *(.fini1)
 *(.fini0)
 .fini0         0x00002e2a        0x4 c:/program files (x86)/atmel/studio/7.0/toolchain/avr8/avr8-gnu-toolchain/bin/../lib/gcc/avr/5.4.0/avr5\libgcc.a(_exit.o)
 *(.fini0)
                0x00002e2e                _etext = .

.data           0x00800100       0xb6 load address 0x00002e2e
                0x00800100                PROVIDE (__data_start, .)
 *(.data)
 .data          0x00800100        0x6 c:/program files (x86)/atmel/studio/7.0/toolchain/avr8/avr8-gnu-toolchain/bin/../lib/gcc/avr/5.4.0/../../../../avr/lib/avr5\libc.a(malloc.o)
                0x00800100                __malloc_heap_end
                0x00800102                __malloc_heap_start
                0x00800104                __malloc_margin
 *(.data*)
 .data.ext_oled_data
                0x00800106        0x2 DRIVER_OLED.o
                0x00800106                ext_oled_data
 .data.ext_oled_command
                0x00800108        0x2 DRIVER_OLED.o
                0x00800108                ext_oled_command
 .data.fontsize
                0x0080010a        0x2 DRIVER_OLED.o
                0x0080010a                fontsize
 *(.gnu.linkonce.d*)
 *(.rodata)
 *(.rodata*)
 .rodata.str1.1
                0x0080010c       0x4c DRIVER_MENU.o
 .rodata.str1.1
                0x00800158       0x21 DRIVER_OLED.o
 .rodata.str1.1
                0x00800179        0xf DRIVER_TIMER.o
 .rodata.str1.1
                0x00800188       0x2d DRIVER_MCP2515.o
 *(.gnu.linkonce.r*)
                0x008001b6                . = ALIGN (0x2)
 *fill*         0x008001b5        0x1 
                0x008001b6                _edata = .
                0x008001b6                PROVIDE (__data_end, .)

.bss            0x008001b6       0x1e
                0x008001b6                PROVIDE (__bss_start, .)
 *(.bss)
 *(.bss*)
 .bss.CAN_flag  0x008001b6        0x1 DRIVER_CAN.o
                0x008001b6                CAN_flag
 .bss.curr_menu
                0x008001b7        0x2 DRIVER_MENU.o
 .bss.pos_child
                0x008001b9        0x2 DRIVER_MENU.o
 .bss.control   0x008001bb        0x1 DRIVER_TIMER.o
 .bss.mseconds  0x008001bc        0x2 DRIVER_TIMER.o
 .bss.seconds   0x008001be        0x2 DRIVER_TIMER.o
 .bss.counter   0x008001c0        0x2 DRIVER_TIMER.o
 *(COMMON)
 COMMON         0x008001c2        0x2 DRIVER_JOYSTICK.o
                0x008001c2                y_offset
                0x008001c3                x_offset
 COMMON         0x008001c4        0x6 DRIVER_MENU.o
                0x008001c4                oled_position
                0x008001c8                main_menu
 COMMON         0x008001ca        0x4 c:/program files (x86)/atmel/studio/7.0/toolchain/avr8/avr8-gnu-toolchain/bin/../lib/gcc/avr/5.4.0/../../../../avr/lib/avr5\libc.a(malloc.o)
                0x008001ca                __brkval
                0x008001cc                __flp
 COMMON         0x008001ce        0x6 c:/program files (x86)/atmel/studio/7.0/toolchain/avr8/avr8-gnu-toolchain/bin/../lib/gcc/avr/5.4.0/../../../../avr/lib/avr5\libc.a(iob.o)
                0x008001ce                __iob
                0x008001d4                PROVIDE (__bss_end, .)
                0x00002e2e                __data_load_start = LOADADDR (.data)
                0x00002ee4                __data_load_end = (__data_load_start + SIZEOF (.data))

.noinit         0x008001d4        0x0
                [!provide]                PROVIDE (__noinit_start, .)
 *(.noinit*)
                [!provide]                PROVIDE (__noinit_end, .)
                0x008001d4                _end = .
                0x008001d4                PROVIDE (__heap_start, .)

.eeprom         0x00810000        0x0
 *(.eeprom*)
                0x00810000                __eeprom_end = .

.fuse
 *(.fuse)
 *(.lfuse)
 *(.hfuse)
 *(.efuse)

.lock
 *(.lock*)

.signature
 *(.signature*)

.user_signatures
 *(.user_signatures*)

.stab
 *(.stab)

.stabstr
 *(.stabstr)

.stab.excl
 *(.stab.excl)

.stab.exclstr
 *(.stab.exclstr)

.stab.index
 *(.stab.index)

.stab.indexstr
 *(.stab.indexstr)

.comment        0x00000000       0x5c
 *(.comment)
 .comment       0x00000000       0x30 DRIVER_ADC.o
                                 0x31 (size before relaxing)
 .comment       0x00000030       0x31 DRIVER_CAN.o
 .comment       0x00000030       0x31 DRIVER_JOYSTICK.o
 .comment       0x00000030       0x31 DRIVER_MENU.o
 .comment       0x00000030       0x31 DRIVER_OLED.o
 .comment       0x00000030       0x31 DRIVER_SLIDER.o
 .comment       0x00000030       0x31 DRIVER_SPI.o
 .comment       0x00000030       0x31 DRIVER_TIMER.o
 .comment       0x00000030       0x31 DRIVER_USART.o
 .comment       0x00000030       0x31 DRIVER_XMEM.o
 .comment       0x00000030       0x31 DRIVER_MCP2515.o
 .comment       0x00000030       0x31 main.o
 .comment       0x00000030       0x31 util.o
 .comment       0x00000030       0x31 c:/program files (x86)/atmel/studio/7.0/toolchain/avr8/avr8-gnu-toolchain/bin/../lib/gcc/avr/5.4.0/../../../../avr/lib/avr5\libc.a(malloc.o)
 .comment       0x00000030       0x31 c:/program files (x86)/atmel/studio/7.0/toolchain/avr8/avr8-gnu-toolchain/bin/../lib/gcc/avr/5.4.0/../../../../avr/lib/avr5\libc.a(realloc.o)
 .comment       0x00000030       0x31 c:/program files (x86)/atmel/studio/7.0/toolchain/avr8/avr8-gnu-toolchain/bin/../lib/gcc/avr/5.4.0/../../../../avr/lib/avr5\libc.a(fdevopen.o)
 .comment       0x00000030       0x31 c:/program files (x86)/atmel/studio/7.0/toolchain/avr8/avr8-gnu-toolchain/bin/../lib/gcc/avr/5.4.0/../../../../avr/lib/avr5\libc.a(iob.o)
 .comment       0x00000030       0x31 c:/program files (x86)/atmel/studio/7.0/toolchain/avr8/avr8-gnu-toolchain/bin/../lib/gcc/avr/5.4.0/../../../../avr/lib/avr5\libc.a(printf.o)
 .comment       0x00000030       0x2c c:/program files (x86)/atmel/studio/7.0/toolchain/avr8/avr8-gnu-toolchain/bin/../lib/gcc/avr/5.4.0/../../../../avr/lib/avr5\libc.a(vfprintf_std.o)
                                 0x2d (size before relaxing)
 .comment       0x0000005c       0x31 c:/program files (x86)/atmel/studio/7.0/toolchain/avr8/avr8-gnu-toolchain/bin/../lib/gcc/avr/5.4.0/../../../../avr/lib/avr5\libc.a(calloc.o)
 .comment       0x0000005c       0x31 c:/program files (x86)/atmel/studio/7.0/toolchain/avr8/avr8-gnu-toolchain/bin/../lib/gcc/avr/5.4.0/../../../../avr/lib/avr5\libc.a(fputc.o)

.note.gnu.avr.deviceinfo
                0x00000000       0x3c
 .note.gnu.avr.deviceinfo
                0x00000000       0x3c C:/Program Files (x86)/Atmel/Studio/7.0/Packs/Atmel/ATmega_DFP/1.3.300/gcc/dev/atmega162/avr5/crtatmega162.o

.note.gnu.build-id
 *(.note.gnu.build-id)

.debug
 *(.debug)

.line
 *(.line)

.debug_srcinfo
 *(.debug_srcinfo)

.debug_sfnames
 *(.debug_sfnames)

.debug_aranges  0x00000000      0x3a0
 *(.debug_aranges)
 .debug_aranges
                0x00000000       0x30 DRIVER_ADC.o
 .debug_aranges
                0x00000030       0x40 DRIVER_CAN.o
 .debug_aranges
                0x00000070       0x38 DRIVER_JOYSTICK.o
 .debug_aranges
                0x000000a8       0x68 DRIVER_MENU.o
 .debug_aranges
                0x00000110       0xc8 DRIVER_OLED.o
 .debug_aranges
                0x000001d8       0x28 DRIVER_SLIDER.o
 .debug_aranges
                0x00000200       0x30 DRIVER_SPI.o
 .debug_aranges
                0x00000230       0x60 DRIVER_TIMER.o
 .debug_aranges
                0x00000290       0x38 DRIVER_USART.o
 .debug_aranges
                0x000002c8       0x38 DRIVER_XMEM.o
 .debug_aranges
                0x00000300       0x50 DRIVER_MCP2515.o
 .debug_aranges
                0x00000350       0x20 main.o
 .debug_aranges
                0x00000370       0x30 util.o

.debug_pubnames
 *(.debug_pubnames)

.debug_info     0x00000000     0x4e59
 *(.debug_info .gnu.linkonce.wi.*)
 .debug_info    0x00000000      0x5d0 C:/Program Files (x86)/Atmel/Studio/7.0/Packs/Atmel/ATmega_DFP/1.3.300/gcc/dev/atmega162/avr5/crtatmega162.o
 .debug_info    0x000005d0      0x23b DRIVER_ADC.o
 .debug_info    0x0000080b      0x3f3 DRIVER_CAN.o
 .debug_info    0x00000bfe      0x37f DRIVER_JOYSTICK.o
 .debug_info    0x00000f7d      0xd2e DRIVER_MENU.o
 .debug_info    0x00001cab     0x2028 DRIVER_OLED.o
 .debug_info    0x00003cd3      0x1f5 DRIVER_SLIDER.o
 .debug_info    0x00003ec8       0xd8 DRIVER_SPI.o
 .debug_info    0x00003fa0      0x2a2 DRIVER_TIMER.o
 .debug_info    0x00004242      0x231 DRIVER_USART.o
 .debug_info    0x00004473      0x22e DRIVER_XMEM.o
 .debug_info    0x000046a1      0x3d9 DRIVER_MCP2515.o
 .debug_info    0x00004a7a      0x224 main.o
 .debug_info    0x00004c9e      0x1bb util.o

.debug_abbrev   0x00000000     0x1979
 *(.debug_abbrev)
 .debug_abbrev  0x00000000      0x580 C:/Program Files (x86)/Atmel/Studio/7.0/Packs/Atmel/ATmega_DFP/1.3.300/gcc/dev/atmega162/avr5/crtatmega162.o
 .debug_abbrev  0x00000580      0x175 DRIVER_ADC.o
 .debug_abbrev  0x000006f5      0x1c6 DRIVER_CAN.o
 .debug_abbrev  0x000008bb      0x1b0 DRIVER_JOYSTICK.o
 .debug_abbrev  0x00000a6b      0x2a3 DRIVER_MENU.o
 .debug_abbrev  0x00000d0e      0x2e0 DRIVER_OLED.o
 .debug_abbrev  0x00000fee      0x12d DRIVER_SLIDER.o
 .debug_abbrev  0x0000111b       0xa1 DRIVER_SPI.o
 .debug_abbrev  0x000011bc      0x127 DRIVER_TIMER.o
 .debug_abbrev  0x000012e3      0x14a DRIVER_USART.o
 .debug_abbrev  0x0000142d      0x14a DRIVER_XMEM.o
 .debug_abbrev  0x00001577      0x1a3 DRIVER_MCP2515.o
 .debug_abbrev  0x0000171a      0x12a main.o
 .debug_abbrev  0x00001844      0x135 util.o

.debug_line     0x00000000     0x2084
 *(.debug_line .debug_line.* .debug_line_end)
 .debug_line    0x00000000      0x13f C:/Program Files (x86)/Atmel/Studio/7.0/Packs/Atmel/ATmega_DFP/1.3.300/gcc/dev/atmega162/avr5/crtatmega162.o
 .debug_line    0x0000013f      0x198 DRIVER_ADC.o
 .debug_line    0x000002d7      0x202 DRIVER_CAN.o
 .debug_line    0x000004d9      0x212 DRIVER_JOYSTICK.o
 .debug_line    0x000006eb      0x587 DRIVER_MENU.o
 .debug_line    0x00000c72      0x7db DRIVER_OLED.o
 .debug_line    0x0000144d      0x165 DRIVER_SLIDER.o
 .debug_line    0x000015b2      0x109 DRIVER_SPI.o
 .debug_line    0x000016bb      0x216 DRIVER_TIMER.o
 .debug_line    0x000018d1      0x128 DRIVER_USART.o
 .debug_line    0x000019f9      0x19a DRIVER_XMEM.o
 .debug_line    0x00001b93      0x26f DRIVER_MCP2515.o
 .debug_line    0x00001e02      0x1bf main.o
 .debug_line    0x00001fc1       0xc3 util.o

.debug_frame    0x00000000      0x95c
 *(.debug_frame)
 .debug_frame   0x00000000       0x4c DRIVER_ADC.o
 .debug_frame   0x0000004c       0xb4 DRIVER_CAN.o
 .debug_frame   0x00000100       0xa4 DRIVER_JOYSTICK.o
 .debug_frame   0x000001a4      0x124 DRIVER_MENU.o
 .debug_frame   0x000002c8      0x258 DRIVER_OLED.o
 .debug_frame   0x00000520       0x54 DRIVER_SLIDER.o
 .debug_frame   0x00000574       0x44 DRIVER_SPI.o
 .debug_frame   0x000005b8      0x148 DRIVER_TIMER.o
 .debug_frame   0x00000700       0x54 DRIVER_USART.o
 .debug_frame   0x00000754       0xc8 DRIVER_XMEM.o
 .debug_frame   0x0000081c       0xb8 DRIVER_MCP2515.o
 .debug_frame   0x000008d4       0x24 main.o
 .debug_frame   0x000008f8       0x64 util.o

.debug_str      0x00000000      0xff4
 *(.debug_str)
 .debug_str     0x00000000      0x1f6 C:/Program Files (x86)/Atmel/Studio/7.0/Packs/Atmel/ATmega_DFP/1.3.300/gcc/dev/atmega162/avr5/crtatmega162.o
 .debug_str     0x000001f6      0x1ea DRIVER_ADC.o
                                0x22a (size before relaxing)
 .debug_str     0x000003e0       0xda DRIVER_CAN.o
                                0x24d (size before relaxing)
 .debug_str     0x000004ba       0xe5 DRIVER_JOYSTICK.o
                                0x29e (size before relaxing)
 .debug_str     0x0000059f      0x28c DRIVER_MENU.o
                                0x4e4 (size before relaxing)
 .debug_str     0x0000082b      0x562 DRIVER_OLED.o
                                0x801 (size before relaxing)
 .debug_str     0x00000d8d       0x6a DRIVER_SLIDER.o
                                0x223 (size before relaxing)
 .debug_str     0x00000df7       0x3d DRIVER_SPI.o
                                0x1a2 (size before relaxing)
 .debug_str     0x00000e34       0x47 DRIVER_TIMER.o
                                0x299 (size before relaxing)
 .debug_str     0x00000e7b       0x7d DRIVER_USART.o
                                0x1ec (size before relaxing)
 .debug_str     0x00000ef8       0x85 DRIVER_XMEM.o
                                0x21e (size before relaxing)
 .debug_str     0x00000f7d       0x41 DRIVER_MCP2515.o
                                0x26c (size before relaxing)
 .debug_str     0x00000fbe       0x11 main.o
                                0x23d (size before relaxing)
 .debug_str     0x00000fcf       0x25 util.o
                                0x18e (size before relaxing)

.debug_loc      0x00000000     0x24ca
 *(.debug_loc)
 .debug_loc     0x00000000       0xe5 DRIVER_ADC.o
 .debug_loc     0x000000e5      0x24e DRIVER_CAN.o
 .debug_loc     0x00000333      0x278 DRIVER_JOYSTICK.o
 .debug_loc     0x000005ab      0x5ae DRIVER_MENU.o
 .debug_loc     0x00000b59      0xea2 DRIVER_OLED.o
 .debug_loc     0x000019fb      0x1a2 DRIVER_SLIDER.o
 .debug_loc     0x00001b9d      0x1f1 DRIVER_TIMER.o
 .debug_loc     0x00001d8e       0x6d DRIVER_USART.o
 .debug_loc     0x00001dfb      0x1f6 DRIVER_XMEM.o
 .debug_loc     0x00001ff1      0x2c6 DRIVER_MCP2515.o
 .debug_loc     0x000022b7       0x44 main.o
 .debug_loc     0x000022fb      0x1cf util.o

.debug_macinfo
 *(.debug_macinfo)

.debug_weaknames
 *(.debug_weaknames)

.debug_funcnames
 *(.debug_funcnames)

.debug_typenames
 *(.debug_typenames)

.debug_varnames
 *(.debug_varnames)

.debug_pubtypes
 *(.debug_pubtypes)

.debug_ranges   0x00000000      0x330
 *(.debug_ranges)
 .debug_ranges  0x00000000       0x20 DRIVER_ADC.o
 .debug_ranges  0x00000020       0x30 DRIVER_CAN.o
 .debug_ranges  0x00000050       0x28 DRIVER_JOYSTICK.o
 .debug_ranges  0x00000078       0x58 DRIVER_MENU.o
 .debug_ranges  0x000000d0       0xe8 DRIVER_OLED.o
 .debug_ranges  0x000001b8       0x18 DRIVER_SLIDER.o
 .debug_ranges  0x000001d0       0x20 DRIVER_SPI.o
 .debug_ranges  0x000001f0       0x50 DRIVER_TIMER.o
 .debug_ranges  0x00000240       0x28 DRIVER_USART.o
 .debug_ranges  0x00000268       0x58 DRIVER_XMEM.o
 .debug_ranges  0x000002c0       0x40 DRIVER_MCP2515.o
 .debug_ranges  0x00000300       0x10 main.o
 .debug_ranges  0x00000310       0x20 util.o

.debug_macro
 *(.debug_macro)
OUTPUT(Byggern2.elf elf32-avr)
LOAD linker stubs
