Archive member included to satisfy reference by file (symbol)

c:/program files (x86)/atmel/studio/7.0/toolchain/arm/arm-gnu-toolchain/bin/../lib/gcc/arm-none-eabi/6.3.1/thumb/v7-m\libgcc.a(_arm_addsubdf3.o)
                              DRIVER_PID.o (__aeabi_dadd)
c:/program files (x86)/atmel/studio/7.0/toolchain/arm/arm-gnu-toolchain/bin/../lib/gcc/arm-none-eabi/6.3.1/thumb/v7-m\libgcc.a(_arm_muldivdf3.o)
                              DRIVER_PID.o (__aeabi_dmul)
c:/program files (x86)/atmel/studio/7.0/toolchain/arm/arm-gnu-toolchain/bin/../lib/gcc/arm-none-eabi/6.3.1/thumb/v7-m\libgcc.a(_arm_fixdfsi.o)
                              DRIVER_PID.o (__aeabi_d2iz)
c:/program files (x86)/atmel/studio/7.0/toolchain/arm/arm-gnu-toolchain/bin/../lib/gcc/arm-none-eabi/6.3.1/thumb/v7-m\libgcc.a(_arm_fixunsdfsi.o)
                              DRIVER_PID.o (__aeabi_d2uiz)
c:/program files (x86)/atmel/studio/7.0/toolchain/arm/arm-gnu-toolchain/bin/../lib/gcc/arm-none-eabi/6.3.1/../../../../arm-none-eabi/lib/thumb/v7-m\libc.a(lib_a-exit.o)
                              c:/program files (x86)/atmel/studio/7.0/toolchain/arm/arm-gnu-toolchain/bin/../lib/gcc/arm-none-eabi/6.3.1/../../../../arm-none-eabi/lib/thumb/v7-m/crt0.o (exit)
c:/program files (x86)/atmel/studio/7.0/toolchain/arm/arm-gnu-toolchain/bin/../lib/gcc/arm-none-eabi/6.3.1/../../../../arm-none-eabi/lib/thumb/v7-m\libc.a(lib_a-impure.o)
                              c:/program files (x86)/atmel/studio/7.0/toolchain/arm/arm-gnu-toolchain/bin/../lib/gcc/arm-none-eabi/6.3.1/../../../../arm-none-eabi/lib/thumb/v7-m\libc.a(lib_a-exit.o) (_global_impure_ptr)
c:/program files (x86)/atmel/studio/7.0/toolchain/arm/arm-gnu-toolchain/bin/../lib/gcc/arm-none-eabi/6.3.1/../../../../arm-none-eabi/lib/thumb/v7-m\libc.a(lib_a-init.o)
                              c:/program files (x86)/atmel/studio/7.0/toolchain/arm/arm-gnu-toolchain/bin/../lib/gcc/arm-none-eabi/6.3.1/../../../../arm-none-eabi/lib/thumb/v7-m/crt0.o (__libc_init_array)
c:/program files (x86)/atmel/studio/7.0/toolchain/arm/arm-gnu-toolchain/bin/../lib/gcc/arm-none-eabi/6.3.1/../../../../arm-none-eabi/lib/thumb/v7-m\libc.a(lib_a-memset.o)
                              c:/program files (x86)/atmel/studio/7.0/toolchain/arm/arm-gnu-toolchain/bin/../lib/gcc/arm-none-eabi/6.3.1/../../../../arm-none-eabi/lib/thumb/v7-m/crt0.o (memset)
c:/program files (x86)/atmel/studio/7.0/toolchain/arm/arm-gnu-toolchain/bin/../lib/gcc/arm-none-eabi/6.3.1/../../../../arm-none-eabi/lib/thumb/v7-m\libc.a(lib_a-__call_atexit.o)
                              c:/program files (x86)/atmel/studio/7.0/toolchain/arm/arm-gnu-toolchain/bin/../lib/gcc/arm-none-eabi/6.3.1/../../../../arm-none-eabi/lib/thumb/v7-m\libc.a(lib_a-exit.o) (__call_exitprocs)
c:/program files (x86)/atmel/studio/7.0/toolchain/arm/arm-gnu-toolchain/bin/../lib/gcc/arm-none-eabi/6.3.1/../../../../arm-none-eabi/lib/thumb/v7-m\libc.a(lib_a-atexit.o)
                              c:/program files (x86)/atmel/studio/7.0/toolchain/arm/arm-gnu-toolchain/bin/../lib/gcc/arm-none-eabi/6.3.1/../../../../arm-none-eabi/lib/thumb/v7-m\libc.a(lib_a-__call_atexit.o) (atexit)
c:/program files (x86)/atmel/studio/7.0/toolchain/arm/arm-gnu-toolchain/bin/../lib/gcc/arm-none-eabi/6.3.1/../../../../arm-none-eabi/lib/thumb/v7-m\libc.a(lib_a-fini.o)
                              c:/program files (x86)/atmel/studio/7.0/toolchain/arm/arm-gnu-toolchain/bin/../lib/gcc/arm-none-eabi/6.3.1/../../../../arm-none-eabi/lib/thumb/v7-m\libc.a(lib_a-__call_atexit.o) (__libc_fini_array)
c:/program files (x86)/atmel/studio/7.0/toolchain/arm/arm-gnu-toolchain/bin/../lib/gcc/arm-none-eabi/6.3.1/../../../../arm-none-eabi/lib/thumb/v7-m\libc.a(lib_a-lock.o)
                              c:/program files (x86)/atmel/studio/7.0/toolchain/arm/arm-gnu-toolchain/bin/../lib/gcc/arm-none-eabi/6.3.1/../../../../arm-none-eabi/lib/thumb/v7-m\libc.a(lib_a-__call_atexit.o) (__retarget_lock_acquire_recursive)
c:/program files (x86)/atmel/studio/7.0/toolchain/arm/arm-gnu-toolchain/bin/../lib/gcc/arm-none-eabi/6.3.1/../../../../arm-none-eabi/lib/thumb/v7-m\libc.a(lib_a-__atexit.o)
                              c:/program files (x86)/atmel/studio/7.0/toolchain/arm/arm-gnu-toolchain/bin/../lib/gcc/arm-none-eabi/6.3.1/../../../../arm-none-eabi/lib/thumb/v7-m\libc.a(lib_a-atexit.o) (__register_exitproc)

Allocating common symbols
Common symbol       size              file

__lock___atexit_recursive_mutex
                    0x1               c:/program files (x86)/atmel/studio/7.0/toolchain/arm/arm-gnu-toolchain/bin/../lib/gcc/arm-none-eabi/6.3.1/../../../../arm-none-eabi/lib/thumb/v7-m\libc.a(lib_a-lock.o)
__lock___arc4random_mutex
                    0x1               c:/program files (x86)/atmel/studio/7.0/toolchain/arm/arm-gnu-toolchain/bin/../lib/gcc/arm-none-eabi/6.3.1/../../../../arm-none-eabi/lib/thumb/v7-m\libc.a(lib_a-lock.o)
__lock___env_recursive_mutex
[...]
Memory Configuration

Name             Origin             Length             Attributes
rom              0x00080000         0x00080000         xr
ram              0x20000000         0x00018000         xrw
*default*        0x00000000         0xffffffff

Linker script and memory map

LOAD c:/program files (x86)/atmel/studio/7.0/toolchain/arm/arm-gnu-toolchain/bin/../lib/gcc/arm-none-eabi/6.3.1/thumb/v7-m/crti.o
LOAD c:/program files (x86)/atmel/studio/7.0/toolchain/arm/arm-gnu-toolchain/bin/../lib/gcc/arm-none-eabi/6.3.1/thumb/v7-m/crtbegin.o
LOAD c:/program files (x86)/atmel/studio/7.0/toolchain/arm/arm-gnu-toolchain/bin/../lib/gcc/arm-none-eabi/6.3.1/../../../../arm-none-eabi/lib/thumb/v7-m/crt0.o
LOAD can_controller.o
LOAD can_interrupt.o
LOAD Device_Startup/startup_sam3xa.o
LOAD Device_Startup/system_sam3xa.o
LOAD DRIVER_MOTOR.o
LOAD DRIVER_PID.o
LOAD DRIVER_PWM.o
LOAD DRIVER_ADC.o
LOAD main.o
LOAD printf-stdarg.o
LOAD timer.o
LOAD uart.o
START GROUP
LOAD c:/program files (x86)/atmel/studio/7.0/toolchain/arm/arm-gnu-toolchain/bin/../lib/gcc/arm-none-eabi/6.3.1/../../../../arm-none-eabi/lib/thumb/v7-m\libm.a
END GROUP
START GROUP
LOAD c:/program files (x86)/atmel/studio/7.0/toolchain/arm/arm-gnu-toolchain/bin/../lib/gcc/arm-none-eabi/6.3.1/thumb/v7-m\libgcc.a
LOAD c:/program files (x86)/atmel/studio/7.0/toolchain/arm/arm-gnu-toolchain/bin/../lib/gcc/arm-none-eabi/6.3.1/../../../../arm-none-eabi/lib/thumb/v7-m\libc.a
END GROUP
LOAD c:/program files (x86)/atmel/studio/7.0/toolchain/arm/arm-gnu-toolchain/bin/../lib/gcc/arm-none-eabi/6.3.1/thumb/v7-m/crtend.o
LOAD c:/program files (x86)/atmel/studio/7.0/toolchain/arm/arm-gnu-toolchain/bin/../lib/gcc/arm-none-eabi/6.3.1/thumb/v7-m/crtn.o
                0x00000400                STACK_SIZE = DEFINED (STACK_SIZE)?STACK_SIZE:0x400
                0x00000200                HEAP_SIZE = DEFINED (HEAP_SIZE)?HEAP_SIZE:0x200

.text           0x00080000     0x1a38
                0x00080000                . = ALIGN (0x4)
                0x00080000                _sfixed = .
 *(.vectors .vectors.*)
 .vectors       0x00080000       0xf4 Device_Startup/startup_sam3xa.o
                0x00080000                exception_table
 *(.text .text.* .gnu.linkonce.t.*)
 .text          0x000800f4       0x6c c:/program files (x86)/atmel/studio/7.0/toolchain/arm/arm-gnu-toolchain/bin/../lib/gcc/arm-none-eabi/6.3.1/thumb/v7-m/crtbegin.o
 .text.can_init
                0x00080160       0xf0 can_controller.o
                0x00080160                can_init
 .text.can_init_def_tx_rx_mb
                0x00080250       0x10 can_controller.o
                0x00080250                can_init_def_tx_rx_mb
 .text.can_send
                0x00080260       0x8c can_controller.o
                0x00080260                can_send
 .text.can_receive
                0x000802ec       0x84 can_controller.o
                0x000802ec                can_receive
 .text.CAN0_Handler
                0x00080370       0x98 can_interrupt.o
                0x00080370                CAN0_Handler
 .text.Dummy_Handler
                0x00080408        0x2 Device_Startup/startup_sam3xa.o
                0x00080408                DACC_Handler
                0x00080408                DebugMon_Handler
                0x00080408                DMAC_Handler
                0x00080408                TRNG_Handler
                0x00080408                HardFault_Handler
                0x00080408                TC2_Handler
                0x00080408                USART3_Handler
                0x00080408                TWI1_Handler
                0x00080408                PendSV_Handler
                0x00080408                NMI_Handler
                0x00080408                TC7_Handler
                0x00080408                ADC_Handler
                0x00080408                SMC_Handler
                0x00080408                USART0_Handler
                0x00080408                EFC1_Handler
                0x00080408                PIOB_Handler
                0x00080408                RTC_Handler
                0x00080408                UsageFault_Handler
                0x00080408                TC6_Handler
                0x00080408                WDT_Handler
                0x00080408                TC4_Handler
                0x00080408                TC1_Handler
                0x00080408                HSMCI_Handler
                0x00080408                TC3_Handler
                0x00080408                Dummy_Handler
                0x00080408                TWI0_Handler
                0x00080408                USART1_Handler
                0x00080408                PIOA_Handler
                0x00080408                SSC_Handler
                0x00080408                EFC0_Handler
                0x00080408                PMC_Handler
                0x00080408                PWM_Handler
                0x00080408                CAN1_Handler
                0x00080408                MemManage_Handler
                0x00080408                SUPC_Handler
                0x00080408                SVC_Handler
                0x00080408                TC8_Handler
                0x00080408                USART2_Handler
                0x00080408                PIOD_Handler
                0x00080408                EMAC_Handler
                0x00080408                PIOC_Handler
                0x00080408                BusFault_Handler
                0x00080408                RSTC_Handler
                0x00080408                TC0_Handler
                0x00080408                TC5_Handler
                0x00080408                UOTGHS_Handler
                0x00080408                SPI0_Handler
 *fill*         0x0008040a        0x2 
 .text.Reset_Handler
                0x0008040c       0x88 Device_Startup/startup_sam3xa.o
                0x0008040c                Reset_Handler
 .text.SystemInit
                0x00080494       0xa4 Device_Startup/system_sam3xa.o
                0x00080494                SystemInit
 .text.motor_init
                0x00080538       0xd4 DRIVER_MOTOR.o
                0x00080538                motor_init
 .text.motor_dac_init
                0x0008060c       0x30 DRIVER_MOTOR.o
                0x0008060c                motor_dac_init
 .text.motor_solenoid
                0x0008063c       0x20 DRIVER_MOTOR.o
                0x0008063c                motor_solenoid
 .text.motor_encoder_tglreset
                0x0008065c       0x24 DRIVER_MOTOR.o
                0x0008065c                motor_encoder_tglreset
 .text.motor_read_encoder
                0x00080680       0x60 DRIVER_MOTOR.o
                0x00080680                motor_read_encoder
 .text.motor_run
                0x000806e0       0x34 DRIVER_MOTOR.o
                0x000806e0                motor_run
 .text.motor_stop
                0x00080714       0x10 DRIVER_MOTOR.o
                0x00080714                motor_stop
 .text.motor_calibrate2
                0x00080724       0x78 DRIVER_MOTOR.o
                0x00080724                motor_calibrate2
 .text.PID_rtt_init
                0x0008079c       0x50 DRIVER_PID.o
                0x0008079c                PID_rtt_init
 .text.RTT_Handler
                0x000807ec       0xf4 DRIVER_PID.o
                0x000807ec                RTT_Handler
 .text.PID_update_refPos
                0x000808e0       0x1c DRIVER_PID.o
                0x000808e0                PID_update_refPos
 .text.pwm_init
                0x000808fc       0x7c DRIVER_PWM.o
                0x000808fc                pwm_init
 .text.pwm_update_duty_cycle
                0x00080978       0x2c DRIVER_PWM.o
                0x00080978                pwm_update_duty_cycle
 .text.adc_init
                0x000809a4       0x34 DRIVER_ADC.o
                0x000809a4                adc_init
 .text.adc_ballpoint
                0x000809d8       0x70 DRIVER_ADC.o
                0x000809d8                adc_ballpoint
 .text.main     0x00080a48       0xb8 main.o
                0x00080a48                main
 .text.prints   0x00080b00       0xac printf-stdarg.o
 .text.printi   0x00080bac       0xbc printf-stdarg.o
 .text.print    0x00080c68      0x160 printf-stdarg.o
 .text.printf   0x00080dc8       0x24 printf-stdarg.o
                0x00080dc8                printf
 .text.SysTick_Handler
                0x00080dec       0x64 timer.o
                0x00080dec                SysTick_Handler
 .text.configure_uart
                0x00080e50       0x68 uart.o
                0x00080e50                configure_uart
 .text.uart_putchar
                0x00080eb8       0x24 uart.o
                0x00080eb8                uart_putchar
 .text.UART_Handler
                0x00080edc       0x68 uart.o
                0x00080edc                UART_Handler
 .text          0x00080f44      0x370 c:/program files (x86)/atmel/studio/7.0/toolchain/arm/arm-gnu-toolchain/bin/../lib/gcc/arm-none-eabi/6.3.1/thumb/v7-m\libgcc.a(_arm_addsubdf3.o)
                0x00080f44                __aeabi_drsub
                0x00080f4c                __aeabi_dsub
                0x00080f4c                __subdf3
                0x00080f50                __aeabi_dadd
                0x00080f50                __adddf3
                0x000811c8                __floatunsidf
                0x000811c8                __aeabi_ui2d
                0x000811e8                __floatsidf
                0x000811e8                __aeabi_i2d
                0x0008120c                __aeabi_f2d
                0x0008120c                __extendsfdf2
                0x00081248                __floatundidf
                0x00081248                __aeabi_ul2d
                0x00081258                __floatdidf
                0x00081258                __aeabi_l2d
 .text          0x000812b4      0x424 c:/program files (x86)/atmel/studio/7.0/toolchain/arm/arm-gnu-toolchain/bin/../lib/gcc/arm-none-eabi/6.3.1/thumb/v7-m\libgcc.a(_arm_muldivdf3.o)
                0x000812b4                __aeabi_dmul
                0x000812b4                __muldf3
                0x00081508                __divdf3
                0x00081508                __aeabi_ddiv
 .text          0x000816d8       0x50 c:/program files (x86)/atmel/studio/7.0/toolchain/arm/arm-gnu-toolchain/bin/../lib/gcc/arm-none-eabi/6.3.1/thumb/v7-m\libgcc.a(_arm_fixdfsi.o)
                0x000816d8                __aeabi_d2iz
                0x000816d8                __fixdfsi
 .text          0x00081728       0x40 c:/program files (x86)/atmel/studio/7.0/toolchain/arm/arm-gnu-toolchain/bin/../lib/gcc/arm-none-eabi/6.3.1/thumb/v7-m\libgcc.a(_arm_fixunsdfsi.o)
                0x00081728                __aeabi_d2uiz
                0x00081728                __fixunsdfsi
 .text.__libc_init_array
                0x00081768       0x50 c:/program files (x86)/atmel/studio/7.0/toolchain/arm/arm-gnu-toolchain/bin/../lib/gcc/arm-none-eabi/6.3.1/../../../../arm-none-eabi/lib/thumb/v7-m\libc.a(lib_a-init.o)
                0x00081768                __libc_init_array
 .text.startup.register_fini
                0x000817b8       0x14 c:/program files (x86)/atmel/studio/7.0/toolchain/arm/arm-gnu-toolchain/bin/../lib/gcc/arm-none-eabi/6.3.1/../../../../arm-none-eabi/lib/thumb/v7-m\libc.a(lib_a-__call_atexit.o)
 .text.atexit   0x000817cc        0xc c:/program files (x86)/atmel/studio/7.0/toolchain/arm/arm-gnu-toolchain/bin/../lib/gcc/arm-none-eabi/6.3.1/../../../../arm-none-eabi/lib/thumb/v7-m\libc.a(lib_a-atexit.o)
                0x000817cc                atexit
 .text.__libc_fini_array
                0x000817d8       0x34 c:/program files (x86)/atmel/studio/7.0/toolchain/arm/arm-gnu-toolchain/bin/../lib/gcc/arm-none-eabi/6.3.1/../../../../arm-none-eabi/lib/thumb/v7-m\libc.a(lib_a-fini.o)
                0x000817d8                __libc_fini_array
 .text.__retarget_lock_acquire_recursive
                0x0008180c        0x4 c:/program files (x86)/atmel/studio/7.0/toolchain/arm/arm-gnu-toolchain/bin/../lib/gcc/arm-none-eabi/6.3.1/../../../../arm-none-eabi/lib/thumb/v7-m\libc.a(lib_a-lock.o)
                0x0008180c                __retarget_lock_acquire_recursive
 .text.__retarget_lock_release_recursive
                0x00081810        0x4 c:/program files (x86)/atmel/studio/7.0/toolchain/arm/arm-gnu-toolchain/bin/../lib/gcc/arm-none-eabi/6.3.1/../../../../arm-none-eabi/lib/thumb/v7-m\libc.a(lib_a-lock.o)
                0x00081810                __retarget_lock_release_recursive
 .text.__register_exitproc
                0x00081814       0xc4 c:/program files (x86)/atmel/studio/7.0/toolchain/arm/arm-gnu-toolchain/bin/../lib/gcc/arm-none-eabi/6.3.1/../../../../arm-none-eabi/lib/thumb/v7-m\libc.a(lib_a-__atexit.o)
                0x00081814                __register_exitproc
 *(.glue_7t)
 .glue_7t       0x000818d8        0x0 linker stubs
 *(.glue_7)
 .glue_7        0x000818d8        0x0 linker stubs
 *(.rodata .rodata* .gnu.linkonce.r.*)
 .rodata.str1.4
                0x000818d8       0x2b can_interrupt.o
 *fill*         0x00081903        0x1 
 .rodata.str1.4
                0x00081904       0x65 DRIVER_MOTOR.o
 *fill*         0x00081969        0x3 
 .rodata.str1.4
                0x0008196c       0x26 DRIVER_ADC.o
 *fill*         0x00081992        0x2 
 .rodata.str1.4
                0x00081994        0x7 printf-stdarg.o
 *fill*         0x0008199b        0x1 
 .rodata.str1.4
                0x0008199c       0x53 timer.o
 *fill*         0x000819ef        0x1 
 .rodata.str1.4
                0x000819f0       0x20 uart.o
                                 0x1e (size before relaxing)
 .rodata._global_impure_ptr
                0x00081a10        0x4 c:/program files (x86)/atmel/studio/7.0/toolchain/arm/arm-gnu-toolchain/bin/../lib/gcc/arm-none-eabi/6.3.1/../../../../arm-none-eabi/lib/thumb/v7-m\libc.a(lib_a-impure.o)
                0x00081a10                _global_impure_ptr
 *(.ARM.extab* .gnu.linkonce.armextab.*)
                0x00081a14                . = ALIGN (0x4)
 *(.init)
 .init          0x00081a14        0x4 c:/program files (x86)/atmel/studio/7.0/toolchain/arm/arm-gnu-toolchain/bin/../lib/gcc/arm-none-eabi/6.3.1/thumb/v7-m/crti.o
                0x00081a14                _init
 .init          0x00081a18        0x8 c:/program files (x86)/atmel/studio/7.0/toolchain/arm/arm-gnu-toolchain/bin/../lib/gcc/arm-none-eabi/6.3.1/thumb/v7-m/crtn.o
                0x00081a20                . = ALIGN (0x4)
                0x00081a20                __preinit_array_start = .
 *(.preinit_array)
                0x00081a20                __preinit_array_end = .
                0x00081a20                . = ALIGN (0x4)
                0x00081a20                __init_array_start = .
 *(SORT(.init_array.*))
 .init_array.00000
                0x00081a20        0x4 c:/program files (x86)/atmel/studio/7.0/toolchain/arm/arm-gnu-toolchain/bin/../lib/gcc/arm-none-eabi/6.3.1/../../../../arm-none-eabi/lib/thumb/v7-m\libc.a(lib_a-__call_atexit.o)
 *(.init_array)
 .init_array    0x00081a24        0x4 c:/program files (x86)/atmel/studio/7.0/toolchain/arm/arm-gnu-toolchain/bin/../lib/gcc/arm-none-eabi/6.3.1/thumb/v7-m/crtbegin.o
                0x00081a28                __init_array_end = .
                0x00081a28                . = ALIGN (0x4)
 *crtbegin.o(.ctors)
 *(EXCLUDE_FILE(*crtend.o) .ctors)
 *(SORT(.ctors.*))
 *crtend.o(.ctors)
                0x00081a28                . = ALIGN (0x4)
 *(.fini)
 .fini          0x00081a28        0x4 c:/program files (x86)/atmel/studio/7.0/toolchain/arm/arm-gnu-toolchain/bin/../lib/gcc/arm-none-eabi/6.3.1/thumb/v7-m/crti.o
                0x00081a28                _fini
 .fini          0x00081a2c        0x8 c:/program files (x86)/atmel/studio/7.0/toolchain/arm/arm-gnu-toolchain/bin/../lib/gcc/arm-none-eabi/6.3.1/thumb/v7-m/crtn.o
                0x00081a34                . = ALIGN (0x4)
                0x00081a34                __fini_array_start = .
 *(.fini_array)
 .fini_array    0x00081a34        0x4 c:/program files (x86)/atmel/studio/7.0/toolchain/arm/arm-gnu-toolchain/bin/../lib/gcc/arm-none-eabi/6.3.1/thumb/v7-m/crtbegin.o
 *(SORT(.fini_array.*))
                0x00081a38                __fini_array_end = .
 *crtbegin.o(.dtors)
 *(EXCLUDE_FILE(*crtend.o) .dtors)
 *(SORT(.dtors.*))
 *crtend.o(.dtors)
                0x00081a38                . = ALIGN (0x4)
                0x00081a38                _efixed = .
                [!provide]                PROVIDE (__exidx_start, .)

.vfp11_veneer   0x00081a38        0x0
 .vfp11_veneer  0x00081a38        0x0 linker stubs

.v4_bx          0x00081a38        0x0
 .v4_bx         0x00081a38        0x0 linker stubs

.iplt           0x00081a38        0x0
 .iplt          0x00081a38        0x0 c:/program files (x86)/atmel/studio/7.0/toolchain/arm/arm-gnu-toolchain/bin/../lib/gcc/arm-none-eabi/6.3.1/thumb/v7-m/crtbegin.o

.eh_frame       0x00081a38        0x0
 .eh_frame      0x00081a38        0x0 c:/program files (x86)/atmel/studio/7.0/toolchain/arm/arm-gnu-toolchain/bin/../lib/gcc/arm-none-eabi/6.3.1/thumb/v7-m/crtbegin.o

.rel.dyn        0x00081a38        0x0
 .rel.iplt      0x00081a38        0x0 c:/program files (x86)/atmel/studio/7.0/toolchain/arm/arm-gnu-toolchain/bin/../lib/gcc/arm-none-eabi/6.3.1/thumb/v7-m/crtbegin.o

.jcr            0x00081a38        0x0
 .jcr           0x00081a38        0x0 c:/program files (x86)/atmel/studio/7.0/toolchain/arm/arm-gnu-toolchain/bin/../lib/gcc/arm-none-eabi/6.3.1/thumb/v7-m/crtbegin.o

.igot.plt       0x00081a38        0x0
 .igot.plt      0x00081a38        0x0 c:/program files (x86)/atmel/studio/7.0/toolchain/arm/arm-gnu-toolchain/bin/../lib/gcc/arm-none-eabi/6.3.1/thumb/v7-m/crtbegin.o

.ARM.exidx
 *(.ARM.exidx* .gnu.linkonce.armexidx.*)
                [!provide]                PROVIDE (__exidx_end, .)
                0x00081a38                . = ALIGN (0x4)
                0x00081a38                _etext = .

.relocate       0x20000000      0x45c load address 0x00081a38
                0x20000000                . = ALIGN (0x4)
                0x20000000                _srelocate = .
 *(.ramfunc .ramfunc.*)
 *(.data .data.*)
 .data          0x20000000        0x4 Device_Startup/system_sam3xa.o
                0x20000000                SystemCoreClock
 *fill*         0x20000004        0x4 
 .data          0x20000008       0x20 DRIVER_PID.o
                0x20000008                dt
                0x20000010                ki
                0x20000018                kp
                0x20000020                kd
 .data          0x20000028        0x4 DRIVER_ADC.o
 *fill*         0x2000002c        0x4 
 .data.impure_data
                0x20000030      0x428 c:/program files (x86)/atmel/studio/7.0/toolchain/arm/arm-gnu-toolchain/bin/../lib/gcc/arm-none-eabi/6.3.1/../../../../arm-none-eabi/lib/thumb/v7-m\libc.a(lib_a-impure.o)
 .data.__atexit_recursive_mutex
                0x20000458        0x4 c:/program files (x86)/atmel/studio/7.0/toolchain/arm/arm-gnu-toolchain/bin/../lib/gcc/arm-none-eabi/6.3.1/../../../../arm-none-eabi/lib/thumb/v7-m\libc.a(lib_a-__call_atexit.o)
                0x20000458                __atexit_recursive_mutex
                0x2000045c                . = ALIGN (0x4)
                0x2000045c                _erelocate = .

.bss            0x2000045c       0xa4 load address 0x00081e94
                0x2000045c                . = ALIGN (0x4)
                0x2000045c                _sbss = .
                0x2000045c                _szero = .
 *(.bss .bss.*)
 .bss           0x2000045c       0x1c c:/program files (x86)/atmel/studio/7.0/toolchain/arm/arm-gnu-toolchain/bin/../lib/gcc/arm-none-eabi/6.3.1/thumb/v7-m/crtbegin.o
 .bss           0x20000478        0x8 DRIVER_PID.o
 .bss           0x20000480        0x4 DRIVER_ADC.o
 .bss           0x20000484       0x10 timer.o
 *(COMMON)
 COMMON         0x20000494        0x4 DRIVER_PID.o
                0x20000494                refPos
 COMMON         0x20000498       0x42 uart.o
                0x20000498                rx_buffer
 *fill*         0x200004da        0x2 
 COMMON         0x200004dc       0x21 c:/program files (x86)/atmel/studio/7.0/toolchain/arm/arm-gnu-toolchain/bin/../lib/gcc/arm-none-eabi/6.3.1/../../../../arm-none-eabi/lib/thumb/v7-m\libc.a(lib_a-lock.o)
                0x200004dc                __lock___atexit_recursive_mutex
                0x200004e0                __lock___arc4random_mutex
                0x200004e4                __lock___env_recursive_mutex
                0x200004e8                __lock___sinit_recursive_mutex
                0x200004ec                __lock___malloc_recursive_mutex
                0x200004f0                __lock___at_quick_exit_mutex
                0x200004f4                __lock___dd_hash_mutex
                0x200004f8                __lock___tz_mutex
                0x200004fc                __lock___sfp_recursive_mutex
                0x20000500                . = ALIGN (0x4)
 *fill*         0x200004fd        0x3 
                0x20000500                _ebss = .
                0x20000500                _ezero = .

.stack          0x20000500      0x400 load address 0x00081f38
                0x20000500                . = ALIGN (0x8)
                0x20000500                _sstack = .
                0x20000900                . = (. + STACK_SIZE)
 *fill*         0x20000500      0x400 
                0x20000900                . = ALIGN (0x8)
                0x20000900                _estack = .

.heap           0x20000900      0x200 load address 0x00082338
                0x20000900                . = ALIGN (0x8)
                0x20000900                _sheap = .
                0x20000b00                . = (. + HEAP_SIZE)
 *fill*         0x20000900      0x200 
                0x20000b00                . = ALIGN (0x8)
                0x20000b00                _eheap = .
                0x20000b00                . = ALIGN (0x4)
                0x20000b00                _end = .
                0x20017fff                _ram_end_ = ((ORIGIN (ram) + LENGTH (ram)) - 0x1)
OUTPUT(ByggernNode2.elf elf32-littlearm)

.ARM.attributes
                0x00000000       0x29
 .ARM.attributes
                0x00000000       0x1d c:/program files (x86)/atmel/studio/7.0/toolchain/arm/arm-gnu-toolchain/bin/../lib/gcc/arm-none-eabi/6.3.1/thumb/v7-m/crti.o
 .ARM.attributes
                0x0000001d       0x2d c:/program files (x86)/atmel/studio/7.0/toolchain/arm/arm-gnu-toolchain/bin/../lib/gcc/arm-none-eabi/6.3.1/thumb/v7-m/crtbegin.o
 .ARM.attributes
                0x0000004a       0x33 can_controller.o
 .ARM.attributes
                0x0000007d       0x33 can_interrupt.o
 .ARM.attributes
                0x000000b0       0x33 Device_Startup/startup_sam3xa.o
 .ARM.attributes
                0x000000e3       0x33 Device_Startup/system_sam3xa.o
 .ARM.attributes
                0x00000116       0x33 DRIVER_MOTOR.o
 .ARM.attributes
                0x00000149       0x33 DRIVER_PID.o
 .ARM.attributes
                0x0000017c       0x33 DRIVER_PWM.o
 .ARM.attributes
                0x000001af       0x33 DRIVER_ADC.o
 .ARM.attributes
                0x000001e2       0x33 main.o
 .ARM.attributes
                0x00000215       0x33 printf-stdarg.o
 .ARM.attributes
                0x00000248       0x33 timer.o
 .ARM.attributes
                0x0000027b       0x33 uart.o
 .ARM.attributes
                0x000002ae       0x1d c:/program files (x86)/atmel/studio/7.0/toolchain/arm/arm-gnu-toolchain/bin/../lib/gcc/arm-none-eabi/6.3.1/thumb/v7-m\libgcc.a(_arm_addsubdf3.o)
 .ARM.attributes
                0x000002cb       0x1d c:/program files (x86)/atmel/studio/7.0/toolchain/arm/arm-gnu-toolchain/bin/../lib/gcc/arm-none-eabi/6.3.1/thumb/v7-m\libgcc.a(_arm_muldivdf3.o)
 .ARM.attributes
                0x000002e8       0x1d c:/program files (x86)/atmel/studio/7.0/toolchain/arm/arm-gnu-toolchain/bin/../lib/gcc/arm-none-eabi/6.3.1/thumb/v7-m\libgcc.a(_arm_fixdfsi.o)
 .ARM.attributes
                0x00000305       0x1d c:/program files (x86)/atmel/studio/7.0/toolchain/arm/arm-gnu-toolchain/bin/../lib/gcc/arm-none-eabi/6.3.1/thumb/v7-m\libgcc.a(_arm_fixunsdfsi.o)
 .ARM.attributes
                0x00000322       0x2d c:/program files (x86)/atmel/studio/7.0/toolchain/arm/arm-gnu-toolchain/bin/../lib/gcc/arm-none-eabi/6.3.1/../../../../arm-none-eabi/lib/thumb/v7-m\libc.a(lib_a-impure.o)
 .ARM.attributes
                0x0000034f       0x2d c:/program files (x86)/atmel/studio/7.0/toolchain/arm/arm-gnu-toolchain/bin/../lib/gcc/arm-none-eabi/6.3.1/../../../../arm-none-eabi/lib/thumb/v7-m\libc.a(lib_a-init.o)
 .ARM.attributes
                0x0000037c       0x2d c:/program files (x86)/atmel/studio/7.0/toolchain/arm/arm-gnu-toolchain/bin/../lib/gcc/arm-none-eabi/6.3.1/../../../../arm-none-eabi/lib/thumb/v7-m\libc.a(lib_a-__call_atexit.o)
 .ARM.attributes
                0x000003a9       0x2d c:/program files (x86)/atmel/studio/7.0/toolchain/arm/arm-gnu-toolchain/bin/../lib/gcc/arm-none-eabi/6.3.1/../../../../arm-none-eabi/lib/thumb/v7-m\libc.a(lib_a-atexit.o)
 .ARM.attributes
                0x000003d6       0x2d c:/program files (x86)/atmel/studio/7.0/toolchain/arm/arm-gnu-toolchain/bin/../lib/gcc/arm-none-eabi/6.3.1/../../../../arm-none-eabi/lib/thumb/v7-m\libc.a(lib_a-fini.o)
 .ARM.attributes
                0x00000403       0x2d c:/program files (x86)/atmel/studio/7.0/toolchain/arm/arm-gnu-toolchain/bin/../lib/gcc/arm-none-eabi/6.3.1/../../../../arm-none-eabi/lib/thumb/v7-m\libc.a(lib_a-lock.o)
 .ARM.attributes
                0x00000430       0x2d c:/program files (x86)/atmel/studio/7.0/toolchain/arm/arm-gnu-toolchain/bin/../lib/gcc/arm-none-eabi/6.3.1/../../../../arm-none-eabi/lib/thumb/v7-m\libc.a(lib_a-__atexit.o)
 .ARM.attributes
                0x0000045d       0x1d c:/program files (x86)/atmel/studio/7.0/toolchain/arm/arm-gnu-toolchain/bin/../lib/gcc/arm-none-eabi/6.3.1/thumb/v7-m/crtn.o

.comment        0x00000000       0x59
 .comment       0x00000000       0x59 can_controller.o
                                 0x5a (size before relaxing)
 .comment       0x00000059       0x5a can_interrupt.o
 .comment       0x00000059       0x5a Device_Startup/startup_sam3xa.o
 .comment       0x00000059       0x5a Device_Startup/system_sam3xa.o
 .comment       0x00000059       0x5a DRIVER_MOTOR.o
 .comment       0x00000059       0x5a DRIVER_PID.o
 .comment       0x00000059       0x5a DRIVER_PWM.o
 .comment       0x00000059       0x5a DRIVER_ADC.o
 .comment       0x00000059       0x5a main.o
 .comment       0x00000059       0x5a printf-stdarg.o
 .comment       0x00000059       0x5a timer.o
 .comment       0x00000059       0x5a uart.o

.debug_info     0x00000000     0xa09e
 .debug_info    0x00000000      0xd68 can_controller.o
 .debug_info    0x00000d68      0xfe2 can_interrupt.o
 .debug_info    0x00001d4a      0x74e Device_Startup/startup_sam3xa.o
 .debug_info    0x00002498      0x444 Device_Startup/system_sam3xa.o
 .debug_info    0x000028dc     0x1383 DRIVER_MOTOR.o
 .debug_info    0x00003c5f      0xfe6 DRIVER_PID.o
 .debug_info    0x00004c45      0xe4c DRIVER_PWM.o
 .debug_info    0x00005a91      0xb25 DRIVER_ADC.o
 .debug_info    0x000065b6      0xf2d main.o
 .debug_info    0x000074e3      0x65f printf-stdarg.o
 .debug_info    0x00007b42     0x1044 timer.o
 .debug_info    0x00008b86     0x1518 uart.o

.debug_abbrev   0x00000000     0x1a62
 .debug_abbrev  0x00000000      0x212 can_controller.o
 .debug_abbrev  0x00000212      0x2ac can_interrupt.o
 .debug_abbrev  0x000004be      0x153 Device_Startup/startup_sam3xa.o
 .debug_abbrev  0x00000611      0x102 Device_Startup/system_sam3xa.o
 .debug_abbrev  0x00000713      0x2e1 DRIVER_MOTOR.o
 .debug_abbrev  0x000009f4      0x2fa DRIVER_PID.o
 .debug_abbrev  0x00000cee      0x1da DRIVER_PWM.o
 .debug_abbrev  0x00000ec8      0x230 DRIVER_ADC.o
 .debug_abbrev  0x000010f8      0x20e main.o
 .debug_abbrev  0x00001306      0x1e6 printf-stdarg.o
 .debug_abbrev  0x000014ec      0x2b6 timer.o
 .debug_abbrev  0x000017a2      0x2c0 uart.o

.debug_loc      0x00000000     0x16c5
 .debug_loc     0x00000000      0x2d8 can_controller.o
 .debug_loc     0x000002d8       0x78 can_interrupt.o
 .debug_loc     0x00000350       0x6b Device_Startup/startup_sam3xa.o
 .debug_loc     0x000003bb      0x365 DRIVER_MOTOR.o
 .debug_loc     0x00000720      0x1b4 DRIVER_PID.o
 .debug_loc     0x000008d4       0x9a DRIVER_PWM.o
 .debug_loc     0x0000096e       0x9e DRIVER_ADC.o
 .debug_loc     0x00000a0c       0x2c main.o
 .debug_loc     0x00000a38      0xb0a printf-stdarg.o
 .debug_loc     0x00001542       0xb5 timer.o
 .debug_loc     0x000015f7       0xce uart.o

.debug_aranges  0x00000000      0x280
 .debug_aranges
                0x00000000       0x38 can_controller.o
 .debug_aranges
                0x00000038       0x20 can_interrupt.o
 .debug_aranges
                0x00000058       0x28 Device_Startup/startup_sam3xa.o
 .debug_aranges
                0x00000080       0x30 Device_Startup/system_sam3xa.o
 .debug_aranges
                0x000000b0       0x68 DRIVER_MOTOR.o
 .debug_aranges
                0x00000118       0x38 DRIVER_PID.o
 .debug_aranges
                0x00000150       0x28 DRIVER_PWM.o
 .debug_aranges
                0x00000178       0x30 DRIVER_ADC.o
 .debug_aranges
                0x000001a8       0x20 main.o
 .debug_aranges
                0x000001c8       0x48 printf-stdarg.o
 .debug_aranges
                0x00000210       0x38 timer.o
 .debug_aranges
                0x00000248       0x38 uart.o

.debug_ranges   0x00000000      0x220
 .debug_ranges  0x00000000       0x28 can_controller.o
 .debug_ranges  0x00000028       0x28 can_interrupt.o
 .debug_ranges  0x00000050       0x18 Device_Startup/startup_sam3xa.o
 .debug_ranges  0x00000068       0x20 Device_Startup/system_sam3xa.o
 .debug_ranges  0x00000088       0x70 DRIVER_MOTOR.o
 .debug_ranges  0x000000f8       0x28 DRIVER_PID.o
 .debug_ranges  0x00000120       0x18 DRIVER_PWM.o
 .debug_ranges  0x00000138       0x20 DRIVER_ADC.o
 .debug_ranges  0x00000158       0x10 main.o
 .debug_ranges  0x00000168       0x68 printf-stdarg.o
 .debug_ranges  0x000001d0       0x28 timer.o
 .debug_ranges  0x000001f8       0x28 uart.o

.debug_macro    0x00000000    0x137f3
 .debug_macro   0x00000000      0x35f can_controller.o
 .debug_macro   0x0000035f      0x8b0 can_controller.o
 .debug_macro   0x00000c0f       0x22 can_controller.o
 .debug_macro   0x00000c31       0x87 can_controller.o
 .debug_macro   0x00000cb8       0x51 can_controller.o
 .debug_macro   0x00000d09       0xef can_controller.o
 .debug_macro   0x00000df8       0x6a can_controller.o
 .debug_macro   0x00000e62      0x1df can_controller.o
 .debug_macro   0x00001041       0x26 can_controller.o
 .debug_macro   0x00001067       0x28 can_controller.o
 .debug_macro   0x0000108f       0x93 can_controller.o
 .debug_macro   0x00001122      0xe18 can_controller.o
 .debug_macro   0x00001f3a      0xa7d can_controller.o
 .debug_macro   0x000029b7      0x55a can_controller.o
 .debug_macro   0x00002f11      0x1a8 can_controller.o
 .debug_macro   0x000030b9      0x30b can_controller.o
 .debug_macro   0x000033c4      0x709 can_controller.o
 .debug_macro   0x00003acd       0xd6 can_controller.o
 .debug_macro   0x00003ba3      0x56c can_controller.o
 .debug_macro   0x0000410f       0x1c can_controller.o
 .debug_macro   0x0000412b      0x678 can_controller.o
 .debug_macro   0x000047a3      0x51e can_controller.o
 .debug_macro   0x00004cc1       0xbe can_controller.o
 .debug_macro   0x00004d7f     0x2333 can_controller.o
 .debug_macro   0x000070b2      0x7d1 can_controller.o
 .debug_macro   0x00007883      0xdbb can_controller.o
 .debug_macro   0x0000863e       0x9a can_controller.o
 .debug_macro   0x000086d8      0x29c can_controller.o
 .debug_macro   0x00008974       0x58 can_controller.o
 .debug_macro   0x000089cc      0x999 can_controller.o
 .debug_macro   0x00009365      0x22d can_controller.o
 .debug_macro   0x00009592      0x4b4 can_controller.o
 .debug_macro   0x00009a46      0x64a can_controller.o
 .debug_macro   0x0000a090      0x590 can_controller.o
 .debug_macro   0x0000a620       0x46 can_controller.o
 .debug_macro   0x0000a666      0x33f can_controller.o
 .debug_macro   0x0000a9a5      0x27e can_controller.o
 .debug_macro   0x0000ac23     0x14dc can_controller.o
 .debug_macro   0x0000c0ff      0x7cf can_controller.o
 .debug_macro   0x0000c8ce       0x76 can_controller.o
 .debug_macro   0x0000c944       0x82 can_controller.o
 .debug_macro   0x0000c9c6       0x76 can_controller.o
 .debug_macro   0x0000ca3c       0x4c can_controller.o
 .debug_macro   0x0000ca88      0x100 can_controller.o
 .debug_macro   0x0000cb88      0x100 can_controller.o
 .debug_macro   0x0000cc88      0x100 can_controller.o
 .debug_macro   0x0000cd88       0x88 can_controller.o
 .debug_macro   0x0000ce10       0x88 can_controller.o
 .debug_macro   0x0000ce98      0x3b4 can_controller.o
 .debug_macro   0x0000d24c       0xbe can_controller.o
 .debug_macro   0x0000d30a       0xbe can_controller.o
 .debug_macro   0x0000d3c8       0xbe can_controller.o
 .debug_macro   0x0000d486       0xbe can_controller.o
 .debug_macro   0x0000d544      0x2b8 can_controller.o
 .debug_macro   0x0000d7fc      0x118 can_controller.o
 .debug_macro   0x0000d914      0x216 can_controller.o
 .debug_macro   0x0000db2a      0x216 can_controller.o
 .debug_macro   0x0000dd40       0x2e can_controller.o
 .debug_macro   0x0000dd6e       0xac can_controller.o
 .debug_macro   0x0000de1a      0x13e can_controller.o
 .debug_macro   0x0000df58       0x7c can_controller.o
 .debug_macro   0x0000dfd4      0x1f6 can_controller.o
 .debug_macro   0x0000e1ca       0x64 can_controller.o
 .debug_macro   0x0000e22e       0xa6 can_controller.o
 .debug_macro   0x0000e2d4       0x7c can_controller.o
 .debug_macro   0x0000e350       0x16 can_controller.o
 .debug_macro   0x0000e366       0x22 can_controller.o
 .debug_macro   0x0000e388       0x22 can_controller.o
 .debug_macro   0x0000e3aa      0x10c can_controller.o
 .debug_macro   0x0000e4b6      0x10c can_controller.o
 .debug_macro   0x0000e5c2      0x10c can_controller.o
 .debug_macro   0x0000e6ce      0x10c can_controller.o
 .debug_macro   0x0000e7da       0x1c can_controller.o
 .debug_macro   0x0000e7f6       0x2e can_controller.o
 .debug_macro   0x0000e824       0x22 can_controller.o
 .debug_macro   0x0000e846       0x1c can_controller.o
 .debug_macro   0x0000e862       0x58 can_controller.o
 .debug_macro   0x0000e8ba       0x10 can_controller.o
 .debug_macro   0x0000e8ca      0x27a can_controller.o
 .debug_macro   0x0000eb44      0xd34 can_controller.o
 .debug_macro   0x0000f878      0x170 can_controller.o
 .debug_macro   0x0000f9e8      0x4db can_interrupt.o
 .debug_macro   0x0000fec3       0x52 can_interrupt.o
 .debug_macro   0x0000ff15       0x8d can_interrupt.o
 .debug_macro   0x0000ffa2       0x35 can_interrupt.o
 .debug_macro   0x0000ffd7       0x9c can_interrupt.o
 .debug_macro   0x00010073       0x16 can_interrupt.o
 .debug_macro   0x00010089       0x57 can_interrupt.o
 .debug_macro   0x000100e0       0x97 can_interrupt.o
 .debug_macro   0x00010177      0x353 can_interrupt.o
 .debug_macro   0x000104ca       0xf6 can_interrupt.o
 .debug_macro   0x000105c0       0x10 can_interrupt.o
 .debug_macro   0x000105d0       0x58 can_interrupt.o
 .debug_macro   0x00010628       0x1f can_interrupt.o
 .debug_macro   0x00010647       0x43 can_interrupt.o
 .debug_macro   0x0001068a       0x20 can_interrupt.o
 .debug_macro   0x000106aa      0x187 can_interrupt.o
 .debug_macro   0x00010831       0x10 can_interrupt.o
 .debug_macro   0x00010841       0x1c can_interrupt.o
 .debug_macro   0x0001085d       0x52 can_interrupt.o
 .debug_macro   0x000108af       0x40 can_interrupt.o
 .debug_macro   0x000108ef       0x10 can_interrupt.o
 .debug_macro   0x000108ff       0x40 can_interrupt.o
 .debug_macro   0x0001093f       0xd7 can_interrupt.o
 .debug_macro   0x00010a16       0x16 can_interrupt.o
 .debug_macro   0x00010a2c      0x18b can_interrupt.o
 .debug_macro   0x00010bb7       0x20 can_interrupt.o
 .debug_macro   0x00010bd7      0x351 Device_Startup/startup_sam3xa.o
 .debug_macro   0x00010f28      0x363 Device_Startup/system_sam3xa.o
 .debug_macro   0x0001128b      0x4cb DRIVER_MOTOR.o
 .debug_macro   0x00011756       0x58 DRIVER_MOTOR.o
 .debug_macro   0x000117ae      0x4d9 DRIVER_PID.o
 .debug_macro   0x00011c87       0x22 DRIVER_PID.o
 .debug_macro   0x00011ca9      0x1e1 DRIVER_PID.o
 .debug_macro   0x00011e8a      0x4c1 DRIVER_PWM.o
 .debug_macro   0x0001234b      0x4c1 DRIVER_ADC.o
 .debug_macro   0x0001280c      0x526 main.o
 .debug_macro   0x00012d32       0x16 main.o
 .debug_macro   0x00012d48       0x35 main.o
 .debug_macro   0x00012d7d       0x16 main.o
 .debug_macro   0x00012d93       0x29 main.o
 .debug_macro   0x00012dbc       0x10 main.o
 .debug_macro   0x00012dcc       0x8e printf-stdarg.o
 .debug_macro   0x00012e5a       0x58 printf-stdarg.o
 .debug_macro   0x00012eb2      0x49f timer.o
 .debug_macro   0x00013351      0x4a2 uart.o

.debug_line     0x00000000     0x5e8f
 .debug_line    0x00000000      0x7b5 can_controller.o
 .debug_line    0x000007b5      0x892 can_interrupt.o
 .debug_line    0x00001047      0x6fe Device_Startup/startup_sam3xa.o
 .debug_line    0x00001745      0x774 Device_Startup/system_sam3xa.o
 .debug_line    0x00001eb9      0x961 DRIVER_MOTOR.o
 .debug_line    0x0000281a      0x88c DRIVER_PID.o
 .debug_line    0x000030a6      0x84d DRIVER_PWM.o
 .debug_line    0x000038f3      0x885 DRIVER_ADC.o
 .debug_line    0x00004178      0x8b4 main.o
 .debug_line    0x00004a2c      0x3bd printf-stdarg.o
 .debug_line    0x00004de9      0x846 timer.o
 .debug_line    0x0000562f      0x860 uart.o

.debug_str      0x00000000    0x54e7f
 .debug_str     0x00000000    0x4f687 can_controller.o
                              0x4f85c (size before relaxing)
 .debug_str     0x0004f687     0x4171 can_interrupt.o
                              0x536ec (size before relaxing)
 .debug_str     0x000537f8      0x56c Device_Startup/startup_sam3xa.o
                              0x4f640 (size before relaxing)
 .debug_str     0x00053d64      0x195 Device_Startup/system_sam3xa.o
                              0x4f3d3 (size before relaxing)
 .debug_str     0x00053ef9      0x134 DRIVER_MOTOR.o
                              0x536b6 (size before relaxing)
 .debug_str     0x0005402d      0x93e DRIVER_PID.o
                              0x53f64 (size before relaxing)
 .debug_str     0x0005496b       0x25 DRIVER_PWM.o
                              0x534fd (size before relaxing)
 .debug_str     0x00054990       0x6a DRIVER_ADC.o
                              0x53320 (size before relaxing)
 .debug_str     0x000549fa      0x165 main.o
                              0x5369f (size before relaxing)
 .debug_str     0x00054b5f      0x17a printf-stdarg.o
                               0x3661 (size before relaxing)
 .debug_str     0x00054cd9       0xa3 timer.o
                              0x53603 (size before relaxing)
 .debug_str     0x00054d7c      0x103 uart.o
                              0x53933 (size before relaxing)

.debug_frame    0x00000000      0x81c
 .debug_frame   0x00000000       0x78 can_controller.o
 .debug_frame   0x00000078       0x34 can_interrupt.o
 .debug_frame   0x000000ac       0x38 Device_Startup/startup_sam3xa.o
 .debug_frame   0x000000e4       0x40 Device_Startup/system_sam3xa.o
 .debug_frame   0x00000124       0xf4 DRIVER_MOTOR.o
 .debug_frame   0x00000218       0x78 DRIVER_PID.o
 .debug_frame   0x00000290       0x30 DRIVER_PWM.o
 .debug_frame   0x000002c0       0x5c DRIVER_ADC.o
 .debug_frame   0x0000031c       0x28 main.o
 .debug_frame   0x00000344      0x118 printf-stdarg.o
 .debug_frame   0x0000045c       0x64 timer.o
 .debug_frame   0x000004c0       0x58 uart.o
 .debug_frame   0x00000518       0xac c:/program files (x86)/atmel/studio/7.0/toolchain/arm/arm-gnu-toolchain/bin/../lib/gcc/arm-none-eabi/6.3.1/thumb/v7-m\libgcc.a(_arm_addsubdf3.o)
 .debug_frame   0x000005c4       0x50 c:/program files (x86)/atmel/studio/7.0/toolchain/arm/arm-gnu-toolchain/bin/../lib/gcc/arm-none-eabi/6.3.1/thumb/v7-m\libgcc.a(_arm_muldivdf3.o)
 .debug_frame   0x00000614       0x24 c:/program files (x86)/atmel/studio/7.0/toolchain/arm/arm-gnu-toolchain/bin/../lib/gcc/arm-none-eabi/6.3.1/thumb/v7-m\libgcc.a(_arm_fixdfsi.o)
 .debug_frame   0x00000638       0x24 c:/program files (x86)/atmel/studio/7.0/toolchain/arm/arm-gnu-toolchain/bin/../lib/gcc/arm-none-eabi/6.3.1/thumb/v7-m\libgcc.a(_arm_fixunsdfsi.o)
 .debug_frame   0x0000065c       0x2c c:/program files (x86)/atmel/studio/7.0/toolchain/arm/arm-gnu-toolchain/bin/../lib/gcc/arm-none-eabi/6.3.1/../../../../arm-none-eabi/lib/thumb/v7-m\libc.a(lib_a-init.o)
 .debug_frame   0x00000688       0x5c c:/program files (x86)/atmel/studio/7.0/toolchain/arm/arm-gnu-toolchain/bin/../lib/gcc/arm-none-eabi/6.3.1/../../../../arm-none-eabi/lib/thumb/v7-m\libc.a(lib_a-__call_atexit.o)
 .debug_frame   0x000006e4       0x20 c:/program files (x86)/atmel/studio/7.0/toolchain/arm/arm-gnu-toolchain/bin/../lib/gcc/arm-none-eabi/6.3.1/../../../../arm-none-eabi/lib/thumb/v7-m\libc.a(lib_a-atexit.o)
 .debug_frame   0x00000704       0x34 c:/program files (x86)/atmel/studio/7.0/toolchain/arm/arm-gnu-toolchain/bin/../lib/gcc/arm-none-eabi/6.3.1/../../../../arm-none-eabi/lib/thumb/v7-m\libc.a(lib_a-fini.o)
 .debug_frame   0x00000738       0xb0 c:/program files (x86)/atmel/studio/7.0/toolchain/arm/arm-gnu-toolchain/bin/../lib/gcc/arm-none-eabi/6.3.1/../../../../arm-none-eabi/lib/thumb/v7-m\libc.a(lib_a-lock.o)
 .debug_frame   0x000007e8       0x34 c:/program files (x86)/atmel/studio/7.0/toolchain/arm/arm-gnu-toolchain/bin/../lib/gcc/arm-none-eabi/6.3.1/../../../../arm-none-eabi/lib/thumb/v7-m\libc.a(lib_a-__atexit.o)
