Archive member included to satisfy reference by file (symbol)

c:/program files (x86)/atmel/studio/7.0/toolchain/arm/arm-gnu-toolchain/bin/../lib/gcc/arm-none-eabi/6.3.1/../../../../arm-none-eabi/lib/thumb/v7-m\libc.a(lib_a-exit.o)
                              c:/program files (x86)/atmel/studio/7.0/toolchain/arm/arm-gnu-toolchain/bin/../lib/gcc/arm-none-eabi/6.3.1/../../../../arm-none-eabi/lib/thumb/v7-m/crt0.o (exit)
c:/program files (x86)/atmel/studio/7.0/toolchain/arm/arm-gnu-toolchain/bin/../lib/gcc/arm-none-eabi/6.3.1/../../../../arm-none-eabi/lib/thumb/v7-m\libc.a(lib_a-impure.o)
                              c:/program files (x86)/atmel/studio/7.0/toolchain/arm/arm-gnu-toolchain/bin/../lib/gcc/arm-none-eabi/6.3.1/../../../../arm-none-eabi/lib/thumb/v7-m\libc.a(lib_a-exit.o) (_global_impure_ptr)
c:/program files (x86)/atmel/studio/7.0/toolchain/arm/arm-gnu-toolchain/bin/../lib/gcc/arm-none-eabi/6.3.1/../../../../arm-none-eabi/lib/thumb/v7-m\libc.a(lib_a-init.o)
                              c:/program files (x86)/atmel/studio/7.0/toolchain/arm/arm-gnu-toolchain/bin/../lib/gcc/arm-none-eabi/6.3.1/../../../../arm-none-eabi/lib/thumb/v7-m/crt0.o (__libc_init_array)
c:/program files (x86)/atmel/studio/7.0/toolchain/arm/arm-gnu-toolchain/bin/../lib/gcc/arm-none-eabi/6.3.1/../../../../arm-none-eabi/lib/thumb/v7-m\libc.a(lib_a-memset.o)
                              c:/program files (x86)/atmel/studio/7.0/toolchain/arm/arm-gnu-toolchain/bin/../lib/gcc/arm-none-eabi/6.3.1/../../../../arm-none-eabi/lib/thumb/v7-m/crt0.o (memset)
c:/program files (x86)/atmel/studio/7.0/toolchain/arm/arm-gnu-toolchain/bin/../lib/gcc/arm-none-eabi/6.3.1/../../../../arm-none-eabi/lib/thumb/v7-m\libc.a(lib_a-__call_atexit.o)
                              c:/program files (x86)/atmel/studio/7.0/toolchain/arm/arm-gnu-toolchain/bin/../lib/gcc/arm-none-eabi/6.3.1/../../../../arm-none-eabi/lib/thumb/v7-m\libc.a(lib_a-exit.o) (__call_exitprocs)
c:/program files (x86)/atmel/studio/7.0/toolchain/arm/arm-gnu-toolchain/bin/../lib/gcc/arm-none-eabi/6.3.1/../../../../arm-none-eabi/lib/thumb/v7-m\libc.a(lib_a-atexit.o)
                              c:/program files (x86)/atmel/studio/7.0/toolchain/arm/arm-gnu-toolchain/bin/../lib/gcc/arm-none-eabi/6.3.1/../../../../arm-none-eabi/lib/thumb/v7-m\libc.a(lib_a-__call_atexit.o) (atexit)
c:/program files (x86)/atmel/studio/7.0/toolchain/arm/arm-gnu-toolchain/bin/../lib/gcc/arm-none-eabi/6.3.1/../../../../arm-none-eabi/lib/thumb/v7-m\libc.a(lib_a-fini.o)
                              c:/program files (x86)/atmel/studio/7.0/toolchain/arm/arm-gnu-toolchain/bin/../lib/gcc/arm-none-eabi/6.3.1/../../../../arm-none-eabi/lib/thumb/v7-m\libc.a(lib_a-__call_atexit.o) (__libc_fini_array)
c:/program files (x86)/atmel/studio/7.0/toolchain/arm/arm-gnu-toolchain/bin/../lib/gcc/arm-none-eabi/6.3.1/../../../../arm-none-eabi/lib/thumb/v7-m\libc.a(lib_a-lock.o)
                              c:/program files (x86)/atmel/studio/7.0/toolchain/arm/arm-gnu-toolchain/bin/../lib/gcc/arm-none-eabi/6.3.1/../../../../arm-none-eabi/lib/thumb/v7-m\libc.a(lib_a-__call_atexit.o) (__retarget_lock_acquire_recursive)
c:/program files (x86)/atmel/studio/7.0/toolchain/arm/arm-gnu-toolchain/bin/../lib/gcc/arm-none-eabi/6.3.1/../../../../arm-none-eabi/lib/thumb/v7-m\libc.a(lib_a-__atexit.o)
                              c:/program files (x86)/atmel/studio/7.0/toolchain/arm/arm-gnu-toolchain/bin/../lib/gcc/arm-none-eabi/6.3.1/../../../../arm-none-eabi/lib/thumb/v7-m\libc.a(lib_a-atexit.o) (__register_exitproc)

Allocating common symbols
Common symbol       size              file

__lock___atexit_recursive_mutex
                    0x1               c:/program files (x86)/atmel/studio/7.0/toolchain/arm/arm-gnu-toolchain/bin/../lib/gcc/arm-none-eabi/6.3.1/../../../../arm-none-eabi/lib/thumb/v7-m\libc.a(lib_a-lock.o)
__lock___arc4random_mutex
                    0x1               c:/program files (x86)/atmel/studio/7.0/toolchain/arm/arm-gnu-toolchain/bin/../lib/gcc/arm-none-eabi/6.3.1/../../../../arm-none-eabi/lib/thumb/v7-m\libc.a(lib_a-lock.o)
__lock___env_recursive_mutex
                    0x1               c:/program files (x86)/atmel/studio/7.0/toolchain/arm/arm-gnu-toolchain/bin/../lib/gcc/arm-none-eabi/6.3.1/../../../../arm-none-eabi/lib/thumb/v7-m\libc.a(lib_a-lock.o)
__lock___sinit_recursive_mutex
                    0x1               c:/program files (x86)/atmel/studio/7.0/toolchain/arm/arm-gnu-toolchain/bin/../lib/gcc/arm-none-eabi/6.3.1/../../../../arm-none-eabi/lib/thumb/v7-m\libc.a(lib_a-lock.o)
__lock___malloc_recursive_mutex
                    0x1               c:/program files (x86)/atmel/studio/7.0/toolchain/arm/arm-gnu-toolchain/bin/../lib/gcc/arm-none-eabi/6.3.1/../../../../arm-none-eabi/lib/thumb/v7-m\libc.a(lib_a-lock.o)
rx_buffer           0x42              uart.o
refPos              0x4               DRIVER_PID.o
__lock___at_quick_exit_mutex
[...]
Memory Configuration

Name             Origin             Length             Attributes
rom              0x00080000         0x00080000         xr
ram              0x20000000         0x00018000         xrw
*default*        0x00000000         0xffffffff

Linker script and memory map

LOAD c:/program files (x86)/atmel/studio/7.0/toolchain/arm/arm-gnu-toolchain/bin/../lib/gcc/arm-none-eabi/6.3.1/thumb/v7-m/crti.o
LOAD c:/program files (x86)/atmel/studio/7.0/toolchain/arm/arm-gnu-toolchain/bin/../lib/gcc/arm-none-eabi/6.3.1/thumb/v7-m/crtbegin.o
LOAD c:/program files (x86)/atmel/studio/7.0/toolchain/arm/arm-gnu-toolchain/bin/../lib/gcc/arm-none-eabi/6.3.1/../../../../arm-none-eabi/lib/thumb/v7-m/crt0.o
LOAD can_controller.o
LOAD can_interrupt.o
LOAD Device_Startup/startup_sam3xa.o
LOAD Device_Startup/system_sam3xa.o
LOAD DRIVER_MOTOR.o
LOAD DRIVER_PID.o
LOAD DRIVER_PWM.o
LOAD DRIVER_ADC.o
LOAD main.o
LOAD printf-stdarg.o
LOAD timer.o
LOAD uart.o
START GROUP
LOAD c:/program files (x86)/atmel/studio/7.0/toolchain/arm/arm-gnu-toolchain/bin/../lib/gcc/arm-none-eabi/6.3.1/../../../../arm-none-eabi/lib/thumb/v7-m\libm.a
END GROUP
START GROUP
LOAD c:/program files (x86)/atmel/studio/7.0/toolchain/arm/arm-gnu-toolchain/bin/../lib/gcc/arm-none-eabi/6.3.1/thumb/v7-m\libgcc.a
LOAD c:/program files (x86)/atmel/studio/7.0/toolchain/arm/arm-gnu-toolchain/bin/../lib/gcc/arm-none-eabi/6.3.1/../../../../arm-none-eabi/lib/thumb/v7-m\libc.a
END GROUP
LOAD c:/program files (x86)/atmel/studio/7.0/toolchain/arm/arm-gnu-toolchain/bin/../lib/gcc/arm-none-eabi/6.3.1/thumb/v7-m/crtend.o
LOAD c:/program files (x86)/atmel/studio/7.0/toolchain/arm/arm-gnu-toolchain/bin/../lib/gcc/arm-none-eabi/6.3.1/thumb/v7-m/crtn.o
                0x00000400                STACK_SIZE = DEFINED (STACK_SIZE)?STACK_SIZE:0x400
                0x00000200                HEAP_SIZE = DEFINED (HEAP_SIZE)?HEAP_SIZE:0x200

.text           0x00080000      0xeec
                0x00080000                . = ALIGN (0x4)
                0x00080000                _sfixed = .
 *(.vectors .vectors.*)
 .vectors       0x00080000       0xf4 Device_Startup/startup_sam3xa.o
                0x00080000                exception_table
 *(.text .text.* .gnu.linkonce.t.*)
 .text          0x000800f4       0x6c c:/program files (x86)/atmel/studio/7.0/toolchain/arm/arm-gnu-toolchain/bin/../lib/gcc/arm-none-eabi/6.3.1/thumb/v7-m/crtbegin.o
 .text.can_init
                0x00080160       0xf0 can_controller.o
                0x00080160                can_init
 .text.can_init_def_tx_rx_mb
                0x00080250       0x10 can_controller.o
                0x00080250                can_init_def_tx_rx_mb
 .text.can_receive
                0x00080260       0x84 can_controller.o
                0x00080260                can_receive
 .text.CAN0_Handler
                0x000802e4       0xc8 can_interrupt.o
                0x000802e4                CAN0_Handler
 .text.Dummy_Handler
                0x000803ac        0x2 Device_Startup/startup_sam3xa.o
                0x000803ac                DACC_Handler
                0x000803ac                DebugMon_Handler
                0x000803ac                DMAC_Handler
                0x000803ac                TRNG_Handler
                0x000803ac                HardFault_Handler
                0x000803ac                TC2_Handler
                0x000803ac                USART3_Handler
                0x000803ac                TWI1_Handler
                0x000803ac                PendSV_Handler
                0x000803ac                NMI_Handler
                0x000803ac                TC7_Handler
                0x000803ac                ADC_Handler
                0x000803ac                SMC_Handler
                0x000803ac                USART0_Handler
                0x000803ac                EFC1_Handler
                0x000803ac                PIOB_Handler
                0x000803ac                RTC_Handler
                0x000803ac                UsageFault_Handler
                0x000803ac                TC6_Handler
                0x000803ac                WDT_Handler
                0x000803ac                TC4_Handler
                0x000803ac                TC1_Handler
                0x000803ac                HSMCI_Handler
                0x000803ac                TC3_Handler
                0x000803ac                Dummy_Handler
                0x000803ac                TWI0_Handler
                0x000803ac                USART1_Handler
                0x000803ac                PIOA_Handler
                0x000803ac                SSC_Handler
                0x000803ac                EFC0_Handler
                0x000803ac                PMC_Handler
                0x000803ac                PWM_Handler
                0x000803ac                CAN1_Handler
                0x000803ac                MemManage_Handler
                0x000803ac                SUPC_Handler
                0x000803ac                SVC_Handler
                0x000803ac                TC8_Handler
                0x000803ac                USART2_Handler
                0x000803ac                PIOD_Handler
                0x000803ac                EMAC_Handler
                0x000803ac                PIOC_Handler
                0x000803ac                BusFault_Handler
                0x000803ac                RSTC_Handler
                0x000803ac                TC0_Handler
                0x000803ac                TC5_Handler
                0x000803ac                UOTGHS_Handler
                0x000803ac                SPI0_Handler
 *fill*         0x000803ae        0x2 
 .text.Reset_Handler
                0x000803b0       0x88 Device_Startup/startup_sam3xa.o
                0x000803b0                Reset_Handler
 .text.SystemInit
                0x00080438       0xa4 Device_Startup/system_sam3xa.o
                0x00080438                SystemInit
 .text.motor_init
                0x000804dc       0xd4 DRIVER_MOTOR.o
                0x000804dc                motor_init
 .text.motor_dac_init
                0x000805b0       0x30 DRIVER_MOTOR.o
                0x000805b0                motor_dac_init
 .text.motor_encoder_tglreset
                0x000805e0       0x24 DRIVER_MOTOR.o
                0x000805e0                motor_encoder_tglreset
 .text.motor_run
                0x00080604       0x28 DRIVER_MOTOR.o
                0x00080604                motor_run
 .text.motor_stop
                0x0008062c       0x10 DRIVER_MOTOR.o
                0x0008062c                motor_stop
 .text.pwm_init
                0x0008063c       0x7c DRIVER_PWM.o
                0x0008063c                pwm_init
 .text.adc_init
                0x000806b8       0x34 DRIVER_ADC.o
                0x000806b8                adc_init
 .text.main     0x000806ec       0xac main.o
                0x000806ec                main
 .text.prints   0x00080798       0xac printf-stdarg.o
 .text.printi   0x00080844       0xbc printf-stdarg.o
 .text.print    0x00080900      0x160 printf-stdarg.o
 .text.printf   0x00080a60       0x24 printf-stdarg.o
                0x00080a60                printf
 .text.timer_rtt_init
                0x00080a84       0x34 timer.o
                0x00080a84                timer_rtt_init
 .text.RTT_Handler
                0x00080ab8       0x28 timer.o
                0x00080ab8                RTT_Handler
 .text.SysTick_Handler
                0x00080ae0       0x64 timer.o
                0x00080ae0                SysTick_Handler
 .text.configure_uart
                0x00080b44       0x68 uart.o
                0x00080b44                configure_uart
 .text.uart_putchar
                0x00080bac       0x24 uart.o
                0x00080bac                uart_putchar
 .text.UART_Handler
                0x00080bd0       0x68 uart.o
                0x00080bd0                UART_Handler
 .text.__libc_init_array
                0x00080c38       0x50 c:/program files (x86)/atmel/studio/7.0/toolchain/arm/arm-gnu-toolchain/bin/../lib/gcc/arm-none-eabi/6.3.1/../../../../arm-none-eabi/lib/thumb/v7-m\libc.a(lib_a-init.o)
                0x00080c38                __libc_init_array
 .text.startup.register_fini
                0x00080c88       0x14 c:/program files (x86)/atmel/studio/7.0/toolchain/arm/arm-gnu-toolchain/bin/../lib/gcc/arm-none-eabi/6.3.1/../../../../arm-none-eabi/lib/thumb/v7-m\libc.a(lib_a-__call_atexit.o)
 .text.atexit   0x00080c9c        0xc c:/program files (x86)/atmel/studio/7.0/toolchain/arm/arm-gnu-toolchain/bin/../lib/gcc/arm-none-eabi/6.3.1/../../../../arm-none-eabi/lib/thumb/v7-m\libc.a(lib_a-atexit.o)
                0x00080c9c                atexit
 .text.__libc_fini_array
                0x00080ca8       0x34 c:/program files (x86)/atmel/studio/7.0/toolchain/arm/arm-gnu-toolchain/bin/../lib/gcc/arm-none-eabi/6.3.1/../../../../arm-none-eabi/lib/thumb/v7-m\libc.a(lib_a-fini.o)
                0x00080ca8                __libc_fini_array
 .text.__retarget_lock_acquire_recursive
                0x00080cdc        0x4 c:/program files (x86)/atmel/studio/7.0/toolchain/arm/arm-gnu-toolchain/bin/../lib/gcc/arm-none-eabi/6.3.1/../../../../arm-none-eabi/lib/thumb/v7-m\libc.a(lib_a-lock.o)
                0x00080cdc                __retarget_lock_acquire_recursive
 .text.__retarget_lock_release_recursive
                0x00080ce0        0x4 c:/program files (x86)/atmel/studio/7.0/toolchain/arm/arm-gnu-toolchain/bin/../lib/gcc/arm-none-eabi/6.3.1/../../../../arm-none-eabi/lib/thumb/v7-m\libc.a(lib_a-lock.o)
                0x00080ce0                __retarget_lock_release_recursive
 .text.__register_exitproc
                0x00080ce4       0xc4 c:/program files (x86)/atmel/studio/7.0/toolchain/arm/arm-gnu-toolchain/bin/../lib/gcc/arm-none-eabi/6.3.1/../../../../arm-none-eabi/lib/thumb/v7-m\libc.a(lib_a-__atexit.o)
                0x00080ce4                __register_exitproc
 *(.glue_7t)
 .glue_7t       0x00080da8        0x0 linker stubs
 *(.glue_7)
 .glue_7        0x00080da8        0x0 linker stubs
 *(.rodata .rodata* .gnu.linkonce.r.*)
 .rodata.str1.4
                0x00080da8       0x8e can_interrupt.o
                                 0x92 (size before relaxing)
 *fill*         0x00080e36        0x2 
 .rodata.str1.4
                0x00080e38        0x7 printf-stdarg.o
 *fill*         0x00080e3f        0x1 
 .rodata.str1.4
                0x00080e40       0x63 timer.o
 *fill*         0x00080ea3        0x1 
 .rodata.str1.4
                0x00080ea4       0x20 uart.o
                                 0x1e (size before relaxing)
 .rodata._global_impure_ptr
                0x00080ec4        0x4 c:/program files (x86)/atmel/studio/7.0/toolchain/arm/arm-gnu-toolchain/bin/../lib/gcc/arm-none-eabi/6.3.1/../../../../arm-none-eabi/lib/thumb/v7-m\libc.a(lib_a-impure.o)
                0x00080ec4                _global_impure_ptr
 *(.ARM.extab* .gnu.linkonce.armextab.*)
                0x00080ec8                . = ALIGN (0x4)
 *(.init)
 .init          0x00080ec8        0x4 c:/program files (x86)/atmel/studio/7.0/toolchain/arm/arm-gnu-toolchain/bin/../lib/gcc/arm-none-eabi/6.3.1/thumb/v7-m/crti.o
                0x00080ec8                _init
 .init          0x00080ecc        0x8 c:/program files (x86)/atmel/studio/7.0/toolchain/arm/arm-gnu-toolchain/bin/../lib/gcc/arm-none-eabi/6.3.1/thumb/v7-m/crtn.o
                0x00080ed4                . = ALIGN (0x4)
                0x00080ed4                __preinit_array_start = .
 *(.preinit_array)
                0x00080ed4                __preinit_array_end = .
                0x00080ed4                . = ALIGN (0x4)
                0x00080ed4                __init_array_start = .
 *(SORT(.init_array.*))
 .init_array.00000
                0x00080ed4        0x4 c:/program files (x86)/atmel/studio/7.0/toolchain/arm/arm-gnu-toolchain/bin/../lib/gcc/arm-none-eabi/6.3.1/../../../../arm-none-eabi/lib/thumb/v7-m\libc.a(lib_a-__call_atexit.o)
 *(.init_array)
 .init_array    0x00080ed8        0x4 c:/program files (x86)/atmel/studio/7.0/toolchain/arm/arm-gnu-toolchain/bin/../lib/gcc/arm-none-eabi/6.3.1/thumb/v7-m/crtbegin.o
                0x00080edc                __init_array_end = .
                0x00080edc                . = ALIGN (0x4)
 *crtbegin.o(.ctors)
 *(EXCLUDE_FILE(*crtend.o) .ctors)
 *(SORT(.ctors.*))
 *crtend.o(.ctors)
                0x00080edc                . = ALIGN (0x4)
 *(.fini)
 .fini          0x00080edc        0x4 c:/program files (x86)/atmel/studio/7.0/toolchain/arm/arm-gnu-toolchain/bin/../lib/gcc/arm-none-eabi/6.3.1/thumb/v7-m/crti.o
                0x00080edc                _fini
 .fini          0x00080ee0        0x8 c:/program files (x86)/atmel/studio/7.0/toolchain/arm/arm-gnu-toolchain/bin/../lib/gcc/arm-none-eabi/6.3.1/thumb/v7-m/crtn.o
                0x00080ee8                . = ALIGN (0x4)
                0x00080ee8                __fini_array_start = .
 *(.fini_array)
 .fini_array    0x00080ee8        0x4 c:/program files (x86)/atmel/studio/7.0/toolchain/arm/arm-gnu-toolchain/bin/../lib/gcc/arm-none-eabi/6.3.1/thumb/v7-m/crtbegin.o
 *(SORT(.fini_array.*))
                0x00080eec                __fini_array_end = .
 *crtbegin.o(.dtors)
 *(EXCLUDE_FILE(*crtend.o) .dtors)
 *(SORT(.dtors.*))
 *crtend.o(.dtors)
                0x00080eec                . = ALIGN (0x4)
                0x00080eec                _efixed = .
                [!provide]                PROVIDE (__exidx_start, .)

.vfp11_veneer   0x00080eec        0x0
 .vfp11_veneer  0x00080eec        0x0 linker stubs

.v4_bx          0x00080eec        0x0
 .v4_bx         0x00080eec        0x0 linker stubs

.iplt           0x00080eec        0x0
 .iplt          0x00080eec        0x0 c:/program files (x86)/atmel/studio/7.0/toolchain/arm/arm-gnu-toolchain/bin/../lib/gcc/arm-none-eabi/6.3.1/thumb/v7-m/crtbegin.o

.eh_frame       0x00080eec        0x0
 .eh_frame      0x00080eec        0x0 c:/program files (x86)/atmel/studio/7.0/toolchain/arm/arm-gnu-toolchain/bin/../lib/gcc/arm-none-eabi/6.3.1/thumb/v7-m/crtbegin.o

.rel.dyn        0x00080eec        0x0
 .rel.iplt      0x00080eec        0x0 c:/program files (x86)/atmel/studio/7.0/toolchain/arm/arm-gnu-toolchain/bin/../lib/gcc/arm-none-eabi/6.3.1/thumb/v7-m/crtbegin.o

.jcr            0x00080eec        0x0
 .jcr           0x00080eec        0x0 c:/program files (x86)/atmel/studio/7.0/toolchain/arm/arm-gnu-toolchain/bin/../lib/gcc/arm-none-eabi/6.3.1/thumb/v7-m/crtbegin.o

.igot.plt       0x00080eec        0x0
 .igot.plt      0x00080eec        0x0 c:/program files (x86)/atmel/studio/7.0/toolchain/arm/arm-gnu-toolchain/bin/../lib/gcc/arm-none-eabi/6.3.1/thumb/v7-m/crtbegin.o

.ARM.exidx
 *(.ARM.exidx* .gnu.linkonce.armexidx.*)
                [!provide]                PROVIDE (__exidx_end, .)
                0x00080eec                . = ALIGN (0x4)
                0x00080eec                _etext = .

.relocate       0x20000000      0x434 load address 0x00080eec
                0x20000000                . = ALIGN (0x4)
                0x20000000                _srelocate = .
 *(.ramfunc .ramfunc.*)
 *(.data .data.*)
 .data          0x20000000        0x4 Device_Startup/system_sam3xa.o
                0x20000000                SystemCoreClock
 *fill*         0x20000004        0x4 
 .data.impure_data
                0x20000008      0x428 c:/program files (x86)/atmel/studio/7.0/toolchain/arm/arm-gnu-toolchain/bin/../lib/gcc/arm-none-eabi/6.3.1/../../../../arm-none-eabi/lib/thumb/v7-m\libc.a(lib_a-impure.o)
 .data.__atexit_recursive_mutex
                0x20000430        0x4 c:/program files (x86)/atmel/studio/7.0/toolchain/arm/arm-gnu-toolchain/bin/../lib/gcc/arm-none-eabi/6.3.1/../../../../arm-none-eabi/lib/thumb/v7-m\libc.a(lib_a-__call_atexit.o)
                0x20000430                __atexit_recursive_mutex
                0x20000434                . = ALIGN (0x4)
                0x20000434                _erelocate = .

.bss            0x20000434       0x98 load address 0x00081320
                0x20000434                . = ALIGN (0x4)
                0x20000434                _sbss = .
                0x20000434                _szero = .
 *(.bss .bss.*)
 .bss           0x20000434       0x1c c:/program files (x86)/atmel/studio/7.0/toolchain/arm/arm-gnu-toolchain/bin/../lib/gcc/arm-none-eabi/6.3.1/thumb/v7-m/crtbegin.o
 .bss           0x20000450       0x14 timer.o
 *(COMMON)
 COMMON         0x20000464       0x42 uart.o
                0x20000464                rx_buffer
 *fill*         0x200004a6        0x2 
 COMMON         0x200004a8       0x21 c:/program files (x86)/atmel/studio/7.0/toolchain/arm/arm-gnu-toolchain/bin/../lib/gcc/arm-none-eabi/6.3.1/../../../../arm-none-eabi/lib/thumb/v7-m\libc.a(lib_a-lock.o)
                0x200004a8                __lock___atexit_recursive_mutex
                0x200004ac                __lock___arc4random_mutex
                0x200004b0                __lock___env_recursive_mutex
                0x200004b4                __lock___sinit_recursive_mutex
                0x200004b8                __lock___malloc_recursive_mutex
                0x200004bc                __lock___at_quick_exit_mutex
                0x200004c0                __lock___dd_hash_mutex
                0x200004c4                __lock___tz_mutex
                0x200004c8                __lock___sfp_recursive_mutex
                0x200004cc                . = ALIGN (0x4)
 *fill*         0x200004c9        0x3 
                0x200004cc                _ebss = .
                0x200004cc                _ezero = .

.stack          0x200004cc      0x404 load address 0x000813b8
                0x200004d0                . = ALIGN (0x8)
 *fill*         0x200004cc        0x4 
                0x200004d0                _sstack = .
                0x200008d0                . = (. + STACK_SIZE)
 *fill*         0x200004d0      0x400 
                0x200008d0                . = ALIGN (0x8)
                0x200008d0                _estack = .

.heap           0x200008d0      0x200 load address 0x000817bc
                0x200008d0                . = ALIGN (0x8)
                0x200008d0                _sheap = .
                0x20000ad0                . = (. + HEAP_SIZE)
 *fill*         0x200008d0      0x200 
                0x20000ad0                . = ALIGN (0x8)
                0x20000ad0                _eheap = .
                0x20000ad0                . = ALIGN (0x4)
                0x20000ad0                _end = .
                0x20017fff                _ram_end_ = ((ORIGIN (ram) + LENGTH (ram)) - 0x1)
OUTPUT(ByggernNode2.elf elf32-littlearm)

.ARM.attributes
                0x00000000       0x29
 .ARM.attributes
                0x00000000       0x1d c:/program files (x86)/atmel/studio/7.0/toolchain/arm/arm-gnu-toolchain/bin/../lib/gcc/arm-none-eabi/6.3.1/thumb/v7-m/crti.o
 .ARM.attributes
                0x0000001d       0x2d c:/program files (x86)/atmel/studio/7.0/toolchain/arm/arm-gnu-toolchain/bin/../lib/gcc/arm-none-eabi/6.3.1/thumb/v7-m/crtbegin.o
 .ARM.attributes
                0x0000004a       0x33 can_controller.o
 .ARM.attributes
                0x0000007d       0x33 can_interrupt.o
 .ARM.attributes
                0x000000b0       0x33 Device_Startup/startup_sam3xa.o
 .ARM.attributes
                0x000000e3       0x33 Device_Startup/system_sam3xa.o
 .ARM.attributes
                0x00000116       0x33 DRIVER_MOTOR.o
 .ARM.attributes
                0x00000149       0x33 DRIVER_PWM.o
 .ARM.attributes
                0x0000017c       0x33 DRIVER_ADC.o
 .ARM.attributes
                0x000001af       0x33 main.o
 .ARM.attributes
                0x000001e2       0x33 printf-stdarg.o
 .ARM.attributes
                0x00000215       0x33 timer.o
 .ARM.attributes
                0x00000248       0x33 uart.o
 .ARM.attributes
                0x0000027b       0x2d c:/program files (x86)/atmel/studio/7.0/toolchain/arm/arm-gnu-toolchain/bin/../lib/gcc/arm-none-eabi/6.3.1/../../../../arm-none-eabi/lib/thumb/v7-m\libc.a(lib_a-impure.o)
 .ARM.attributes
                0x000002a8       0x2d c:/program files (x86)/atmel/studio/7.0/toolchain/arm/arm-gnu-toolchain/bin/../lib/gcc/arm-none-eabi/6.3.1/../../../../arm-none-eabi/lib/thumb/v7-m\libc.a(lib_a-init.o)
 .ARM.attributes
                0x000002d5       0x2d c:/program files (x86)/atmel/studio/7.0/toolchain/arm/arm-gnu-toolchain/bin/../lib/gcc/arm-none-eabi/6.3.1/../../../../arm-none-eabi/lib/thumb/v7-m\libc.a(lib_a-__call_atexit.o)
 .ARM.attributes
                0x00000302       0x2d c:/program files (x86)/atmel/studio/7.0/toolchain/arm/arm-gnu-toolchain/bin/../lib/gcc/arm-none-eabi/6.3.1/../../../../arm-none-eabi/lib/thumb/v7-m\libc.a(lib_a-atexit.o)
 .ARM.attributes
                0x0000032f       0x2d c:/program files (x86)/atmel/studio/7.0/toolchain/arm/arm-gnu-toolchain/bin/../lib/gcc/arm-none-eabi/6.3.1/../../../../arm-none-eabi/lib/thumb/v7-m\libc.a(lib_a-fini.o)
 .ARM.attributes
                0x0000035c       0x2d c:/program files (x86)/atmel/studio/7.0/toolchain/arm/arm-gnu-toolchain/bin/../lib/gcc/arm-none-eabi/6.3.1/../../../../arm-none-eabi/lib/thumb/v7-m\libc.a(lib_a-lock.o)
 .ARM.attributes
                0x00000389       0x2d c:/program files (x86)/atmel/studio/7.0/toolchain/arm/arm-gnu-toolchain/bin/../lib/gcc/arm-none-eabi/6.3.1/../../../../arm-none-eabi/lib/thumb/v7-m\libc.a(lib_a-__atexit.o)
 .ARM.attributes
                0x000003b6       0x1d c:/program files (x86)/atmel/studio/7.0/toolchain/arm/arm-gnu-toolchain/bin/../lib/gcc/arm-none-eabi/6.3.1/thumb/v7-m/crtn.o

.comment        0x00000000       0x59
 .comment       0x00000000       0x59 can_controller.o
                                 0x5a (size before relaxing)
 .comment       0x00000059       0x5a can_interrupt.o
 .comment       0x00000059       0x5a Device_Startup/startup_sam3xa.o
 .comment       0x00000059       0x5a Device_Startup/system_sam3xa.o
 .comment       0x00000059       0x5a DRIVER_MOTOR.o
 .comment       0x00000059       0x5a DRIVER_PWM.o
 .comment       0x00000059       0x5a DRIVER_ADC.o
 .comment       0x00000059       0x5a main.o
 .comment       0x00000059       0x5a printf-stdarg.o
 .comment       0x00000059       0x5a timer.o
 .comment       0x00000059       0x5a uart.o

.debug_info     0x00000000     0x9114
 .debug_info    0x00000000      0xd68 can_controller.o
 .debug_info    0x00000d68     0x1002 can_interrupt.o
 .debug_info    0x00001d6a      0x74e Device_Startup/startup_sam3xa.o
 .debug_info    0x000024b8      0x444 Device_Startup/system_sam3xa.o
 .debug_info    0x000028fc     0x1372 DRIVER_MOTOR.o
 .debug_info    0x00003c6e      0xe4c DRIVER_PWM.o
 .debug_info    0x00004aba      0xa8f DRIVER_ADC.o
 .debug_info    0x00005549      0xf04 main.o
 .debug_info    0x0000644d      0x65f printf-stdarg.o
 .debug_info    0x00006aac     0x1150 timer.o
 .debug_info    0x00007bfc     0x1518 uart.o

.debug_abbrev   0x00000000     0x1744
 .debug_abbrev  0x00000000      0x212 can_controller.o
 .debug_abbrev  0x00000212      0x2ae can_interrupt.o
 .debug_abbrev  0x000004c0      0x153 Device_Startup/startup_sam3xa.o
 .debug_abbrev  0x00000613      0x102 Device_Startup/system_sam3xa.o
 .debug_abbrev  0x00000715      0x2e1 DRIVER_MOTOR.o
 .debug_abbrev  0x000009f6      0x1da DRIVER_PWM.o
 .debug_abbrev  0x00000bd0      0x1f9 DRIVER_ADC.o
 .debug_abbrev  0x00000dc9      0x203 main.o
 .debug_abbrev  0x00000fcc      0x1e6 printf-stdarg.o
 .debug_abbrev  0x000011b2      0x2d2 timer.o
 .debug_abbrev  0x00001484      0x2c0 uart.o

.debug_loc      0x00000000     0x1513
 .debug_loc     0x00000000      0x2d8 can_controller.o
 .debug_loc     0x000002d8       0x78 can_interrupt.o
 .debug_loc     0x00000350       0x6b Device_Startup/startup_sam3xa.o
 .debug_loc     0x000003bb      0x2f4 DRIVER_MOTOR.o
 .debug_loc     0x000006af       0x9a DRIVER_PWM.o
 .debug_loc     0x00000749       0x7a DRIVER_ADC.o
 .debug_loc     0x000007c3       0x5a main.o
 .debug_loc     0x0000081d      0xb0a printf-stdarg.o
 .debug_loc     0x00001327      0x11e timer.o
 .debug_loc     0x00001445       0xce uart.o

.debug_aranges  0x00000000      0x258
 .debug_aranges
                0x00000000       0x38 can_controller.o
 .debug_aranges
                0x00000038       0x20 can_interrupt.o
 .debug_aranges
                0x00000058       0x28 Device_Startup/startup_sam3xa.o
 .debug_aranges
                0x00000080       0x30 Device_Startup/system_sam3xa.o
 .debug_aranges
                0x000000b0       0x68 DRIVER_MOTOR.o
 .debug_aranges
                0x00000118       0x28 DRIVER_PWM.o
 .debug_aranges
                0x00000140       0x30 DRIVER_ADC.o
 .debug_aranges
                0x00000170       0x20 main.o
 .debug_aranges
                0x00000190       0x48 printf-stdarg.o
 .debug_aranges
                0x000001d8       0x48 timer.o
 .debug_aranges
                0x00000220       0x38 uart.o

.debug_ranges   0x00000000      0x208
 .debug_ranges  0x00000000       0x28 can_controller.o
 .debug_ranges  0x00000028       0x28 can_interrupt.o
 .debug_ranges  0x00000050       0x18 Device_Startup/startup_sam3xa.o
 .debug_ranges  0x00000068       0x20 Device_Startup/system_sam3xa.o
 .debug_ranges  0x00000088       0x70 DRIVER_MOTOR.o
 .debug_ranges  0x000000f8       0x18 DRIVER_PWM.o
 .debug_ranges  0x00000110       0x20 DRIVER_ADC.o
 .debug_ranges  0x00000130       0x10 main.o
 .debug_ranges  0x00000140       0x68 printf-stdarg.o
 .debug_ranges  0x000001a8       0x38 timer.o
 .debug_ranges  0x000001e0       0x28 uart.o

.debug_macro    0x00000000    0x13117
 .debug_macro   0x00000000      0x35f can_controller.o
 .debug_macro   0x0000035f      0x8b0 can_controller.o
 .debug_macro   0x00000c0f       0x22 can_controller.o
 .debug_macro   0x00000c31       0x87 can_controller.o
 .debug_macro   0x00000cb8       0x51 can_controller.o
 .debug_macro   0x00000d09       0xef can_controller.o
 .debug_macro   0x00000df8       0x6a can_controller.o
 .debug_macro   0x00000e62      0x1df can_controller.o
 .debug_macro   0x00001041       0x26 can_controller.o
 .debug_macro   0x00001067       0x28 can_controller.o
 .debug_macro   0x0000108f       0x93 can_controller.o
 .debug_macro   0x00001122      0xe18 can_controller.o
 .debug_macro   0x00001f3a      0xa7d can_controller.o
 .debug_macro   0x000029b7      0x55a can_controller.o
 .debug_macro   0x00002f11      0x1a8 can_controller.o
 .debug_macro   0x000030b9      0x30b can_controller.o
 .debug_macro   0x000033c4      0x709 can_controller.o
 .debug_macro   0x00003acd       0xd6 can_controller.o
 .debug_macro   0x00003ba3      0x56c can_controller.o
 .debug_macro   0x0000410f       0x1c can_controller.o
 .debug_macro   0x0000412b      0x678 can_controller.o
 .debug_macro   0x000047a3      0x51e can_controller.o
 .debug_macro   0x00004cc1       0xbe can_controller.o
 .debug_macro   0x00004d7f     0x2333 can_controller.o
 .debug_macro   0x000070b2      0x7d1 can_controller.o
 .debug_macro   0x00007883      0xdbb can_controller.o
 .debug_macro   0x0000863e       0x9a can_controller.o
 .debug_macro   0x000086d8      0x29c can_controller.o
 .debug_macro   0x00008974       0x58 can_controller.o
 .debug_macro   0x000089cc      0x999 can_controller.o
 .debug_macro   0x00009365      0x22d can_controller.o
 .debug_macro   0x00009592      0x4b4 can_controller.o
 .debug_macro   0x00009a46      0x64a can_controller.o
 .debug_macro   0x0000a090      0x590 can_controller.o
 .debug_macro   0x0000a620       0x46 can_controller.o
 .debug_macro   0x0000a666      0x33f can_controller.o
 .debug_macro   0x0000a9a5      0x27e can_controller.o
 .debug_macro   0x0000ac23     0x14dc can_controller.o
 .debug_macro   0x0000c0ff      0x7cf can_controller.o
 .debug_macro   0x0000c8ce       0x76 can_controller.o
 .debug_macro   0x0000c944       0x82 can_controller.o
 .debug_macro   0x0000c9c6       0x76 can_controller.o
 .debug_macro   0x0000ca3c       0x4c can_controller.o
 .debug_macro   0x0000ca88      0x100 can_controller.o
 .debug_macro   0x0000cb88      0x100 can_controller.o
 .debug_macro   0x0000cc88      0x100 can_controller.o
 .debug_macro   0x0000cd88       0x88 can_controller.o
 .debug_macro   0x0000ce10       0x88 can_controller.o
 .debug_macro   0x0000ce98      0x3b4 can_controller.o
 .debug_macro   0x0000d24c       0xbe can_controller.o
 .debug_macro   0x0000d30a       0xbe can_controller.o
 .debug_macro   0x0000d3c8       0xbe can_controller.o
 .debug_macro   0x0000d486       0xbe can_controller.o
 .debug_macro   0x0000d544      0x2b8 can_controller.o
 .debug_macro   0x0000d7fc      0x118 can_controller.o
 .debug_macro   0x0000d914      0x216 can_controller.o
 .debug_macro   0x0000db2a      0x216 can_controller.o
 .debug_macro   0x0000dd40       0x2e can_controller.o
 .debug_macro   0x0000dd6e       0xac can_controller.o
 .debug_macro   0x0000de1a      0x13e can_controller.o
 .debug_macro   0x0000df58       0x7c can_controller.o
 .debug_macro   0x0000dfd4      0x1f6 can_controller.o
 .debug_macro   0x0000e1ca       0x64 can_controller.o
 .debug_macro   0x0000e22e       0xa6 can_controller.o
 .debug_macro   0x0000e2d4       0x7c can_controller.o
 .debug_macro   0x0000e350       0x16 can_controller.o
 .debug_macro   0x0000e366       0x22 can_controller.o
 .debug_macro   0x0000e388       0x22 can_controller.o
 .debug_macro   0x0000e3aa      0x10c can_controller.o
 .debug_macro   0x0000e4b6      0x10c can_controller.o
 .debug_macro   0x0000e5c2      0x10c can_controller.o
 .debug_macro   0x0000e6ce      0x10c can_controller.o
 .debug_macro   0x0000e7da       0x1c can_controller.o
 .debug_macro   0x0000e7f6       0x2e can_controller.o
 .debug_macro   0x0000e824       0x22 can_controller.o
 .debug_macro   0x0000e846       0x1c can_controller.o
 .debug_macro   0x0000e862       0x58 can_controller.o
 .debug_macro   0x0000e8ba       0x10 can_controller.o
 .debug_macro   0x0000e8ca      0x27a can_controller.o
 .debug_macro   0x0000eb44      0xd34 can_controller.o
 .debug_macro   0x0000f878      0x170 can_controller.o
 .debug_macro   0x0000f9e8      0x4db can_interrupt.o
 .debug_macro   0x0000fec3       0x52 can_interrupt.o
 .debug_macro   0x0000ff15       0x8d can_interrupt.o
 .debug_macro   0x0000ffa2       0x35 can_interrupt.o
 .debug_macro   0x0000ffd7       0x9c can_interrupt.o
 .debug_macro   0x00010073       0x16 can_interrupt.o
 .debug_macro   0x00010089       0x57 can_interrupt.o
 .debug_macro   0x000100e0       0x97 can_interrupt.o
 .debug_macro   0x00010177      0x353 can_interrupt.o
 .debug_macro   0x000104ca       0xf6 can_interrupt.o
 .debug_macro   0x000105c0       0x10 can_interrupt.o
 .debug_macro   0x000105d0       0x58 can_interrupt.o
 .debug_macro   0x00010628       0x1f can_interrupt.o
 .debug_macro   0x00010647       0x43 can_interrupt.o
 .debug_macro   0x0001068a       0x20 can_interrupt.o
 .debug_macro   0x000106aa      0x187 can_interrupt.o
 .debug_macro   0x00010831       0x10 can_interrupt.o
 .debug_macro   0x00010841       0x1c can_interrupt.o
 .debug_macro   0x0001085d       0x52 can_interrupt.o
 .debug_macro   0x000108af       0x40 can_interrupt.o
 .debug_macro   0x000108ef       0x10 can_interrupt.o
 .debug_macro   0x000108ff       0x40 can_interrupt.o
 .debug_macro   0x0001093f       0xd7 can_interrupt.o
 .debug_macro   0x00010a16       0x16 can_interrupt.o
 .debug_macro   0x00010a2c      0x18b can_interrupt.o
 .debug_macro   0x00010bb7       0x20 can_interrupt.o
 .debug_macro   0x00010bd7      0x351 Device_Startup/startup_sam3xa.o
 .debug_macro   0x00010f28      0x363 Device_Startup/system_sam3xa.o
 .debug_macro   0x0001128b      0x4cb DRIVER_MOTOR.o
 .debug_macro   0x00011756       0x58 DRIVER_MOTOR.o
 .debug_macro   0x000117ae      0x4c1 DRIVER_PWM.o
 .debug_macro   0x00011c6f      0x4c1 DRIVER_ADC.o
 .debug_macro   0x00012130      0x526 main.o
 .debug_macro   0x00012656       0x16 main.o
 .debug_macro   0x0001266c       0x35 main.o
 .debug_macro   0x000126a1       0x16 main.o
 .debug_macro   0x000126b7       0x29 main.o
 .debug_macro   0x000126e0       0x10 main.o
 .debug_macro   0x000126f0       0x8e printf-stdarg.o
 .debug_macro   0x0001277e       0x58 printf-stdarg.o
 .debug_macro   0x000127d6      0x49f timer.o
 .debug_macro   0x00012c75      0x4a2 uart.o

.debug_line     0x00000000     0x5638
 .debug_line    0x00000000      0x7b5 can_controller.o
 .debug_line    0x000007b5      0x8b4 can_interrupt.o
 .debug_line    0x00001069      0x6fe Device_Startup/startup_sam3xa.o
 .debug_line    0x00001767      0x774 Device_Startup/system_sam3xa.o
 .debug_line    0x00001edb      0x95d DRIVER_MOTOR.o
 .debug_line    0x00002838      0x84d DRIVER_PWM.o
 .debug_line    0x00003085      0x87e DRIVER_ADC.o
 .debug_line    0x00003903      0x8aa main.o
 .debug_line    0x000041ad      0x3bd printf-stdarg.o
 .debug_line    0x0000456a      0x86e timer.o
 .debug_line    0x00004dd8      0x860 uart.o

.debug_str      0x00000000    0x5455e
 .debug_str     0x00000000    0x4f687 can_controller.o
                              0x4f85c (size before relaxing)
 .debug_str     0x0004f687     0x413a can_interrupt.o
                              0x536b5 (size before relaxing)
 .debug_str     0x000537c1      0x56c Device_Startup/startup_sam3xa.o
                              0x4f640 (size before relaxing)
 .debug_str     0x00053d2d      0x195 Device_Startup/system_sam3xa.o
                              0x4f3d3 (size before relaxing)
 .debug_str     0x00053ec2       0xe2 DRIVER_MOTOR.o
                              0x536ac (size before relaxing)
 .debug_str     0x00053fa4       0x3b DRIVER_PWM.o
                              0x534fd (size before relaxing)
 .debug_str     0x00053fdf       0x6a DRIVER_ADC.o
                              0x532d6 (size before relaxing)
 .debug_str     0x00054049      0x16f main.o
                              0x5367d (size before relaxing)
 .debug_str     0x000541b8      0x17a printf-stdarg.o
                               0x3661 (size before relaxing)
 .debug_str     0x00054332       0xd2 timer.o
                              0x5365c (size before relaxing)
 .debug_str     0x00054404      0x15a uart.o
                              0x53933 (size before relaxing)

.debug_frame    0x00000000      0x684
 .debug_frame   0x00000000       0x78 can_controller.o
 .debug_frame   0x00000078       0x38 can_interrupt.o
 .debug_frame   0x000000b0       0x38 Device_Startup/startup_sam3xa.o
 .debug_frame   0x000000e8       0x40 Device_Startup/system_sam3xa.o
 .debug_frame   0x00000128       0xf4 DRIVER_MOTOR.o
 .debug_frame   0x0000021c       0x30 DRIVER_PWM.o
 .debug_frame   0x0000024c       0x50 DRIVER_ADC.o
 .debug_frame   0x0000029c       0x28 main.o
 .debug_frame   0x000002c4      0x118 printf-stdarg.o
 .debug_frame   0x000003dc       0x90 timer.o
 .debug_frame   0x0000046c       0x58 uart.o
 .debug_frame   0x000004c4       0x2c c:/program files (x86)/atmel/studio/7.0/toolchain/arm/arm-gnu-toolchain/bin/../lib/gcc/arm-none-eabi/6.3.1/../../../../arm-none-eabi/lib/thumb/v7-m\libc.a(lib_a-init.o)
 .debug_frame   0x000004f0       0x5c c:/program files (x86)/atmel/studio/7.0/toolchain/arm/arm-gnu-toolchain/bin/../lib/gcc/arm-none-eabi/6.3.1/../../../../arm-none-eabi/lib/thumb/v7-m\libc.a(lib_a-__call_atexit.o)
 .debug_frame   0x0000054c       0x20 c:/program files (x86)/atmel/studio/7.0/toolchain/arm/arm-gnu-toolchain/bin/../lib/gcc/arm-none-eabi/6.3.1/../../../../arm-none-eabi/lib/thumb/v7-m\libc.a(lib_a-atexit.o)
 .debug_frame   0x0000056c       0x34 c:/program files (x86)/atmel/studio/7.0/toolchain/arm/arm-gnu-toolchain/bin/../lib/gcc/arm-none-eabi/6.3.1/../../../../arm-none-eabi/lib/thumb/v7-m\libc.a(lib_a-fini.o)
 .debug_frame   0x000005a0       0xb0 c:/program files (x86)/atmel/studio/7.0/toolchain/arm/arm-gnu-toolchain/bin/../lib/gcc/arm-none-eabi/6.3.1/../../../../arm-none-eabi/lib/thumb/v7-m\libc.a(lib_a-lock.o)
 .debug_frame   0x00000650       0x34 c:/program files (x86)/atmel/studio/7.0/toolchain/arm/arm-gnu-toolchain/bin/../lib/gcc/arm-none-eabi/6.3.1/../../../../arm-none-eabi/lib/thumb/v7-m\libc.a(lib_a-__atexit.o)
